../Drivers/STM32H7xx_HAL_Driver/Src/stm32h7xx_hal_hrtim.c:7844:14:HRTIM_OutputConfig	20	static
../Drivers/STM32H7xx_HAL_Driver/Src/stm32h7xx_hal_hrtim.c:7935:13:HRTIM_EventConfig	16	static
../Drivers/STM32H7xx_HAL_Driver/Src/stm32h7xx_hal_hrtim.c:8201:17:HRTIM_GetITFromOCMode	8	static
../Drivers/STM32H7xx_HAL_Driver/Src/stm32h7xx_hal_hrtim.c:8307:17:HRTIM_GetDMAFromOCMode	8	static
../Drivers/STM32H7xx_HAL_Driver/Src/stm32h7xx_hal_hrtim.c:8394:27:HRTIM_GetDMAHandleFromTimerIdx	0	static
../Drivers/STM32H7xx_HAL_Driver/Src/stm32h7xx_hal_hrtim.c:8444:17:GetTimerIdxFromDMAHandle	0	static
../Drivers/STM32H7xx_HAL_Driver/Src/stm32h7xx_hal_hrtim.c:698:13:HAL_HRTIM_MspInit	0	static
../Drivers/STM32H7xx_HAL_Driver/Src/stm32h7xx_hal_hrtim.c:520:19:HAL_HRTIM_Init	16	static
../Drivers/STM32H7xx_HAL_Driver/Src/stm32h7xx_hal_hrtim.c:713:13:HAL_HRTIM_MspDeInit	0	static
../Drivers/STM32H7xx_HAL_Driver/Src/stm32h7xx_hal_hrtim.c:662:19:HAL_HRTIM_DeInit	16	static
../Drivers/STM32H7xx_HAL_Driver/Src/stm32h7xx_hal_hrtim.c:743:19:HAL_HRTIM_TimeBaseConfig	20	static
../Drivers/STM32H7xx_HAL_Driver/Src/stm32h7xx_hal_hrtim.c:814:19:HAL_HRTIM_SimpleBaseStart	8	static
../Drivers/STM32H7xx_HAL_Driver/Src/stm32h7xx_hal_hrtim.c:849:19:HAL_HRTIM_SimpleBaseStop	0	static
../Drivers/STM32H7xx_HAL_Driver/Src/stm32h7xx_hal_hrtim.c:885:19:HAL_HRTIM_SimpleBaseStart_IT	8	static
../Drivers/STM32H7xx_HAL_Driver/Src/stm32h7xx_hal_hrtim.c:931:19:HAL_HRTIM_SimpleBaseStop_IT	8	static
../Drivers/STM32H7xx_HAL_Driver/Src/stm32h7xx_hal_hrtim.c:980:19:HAL_HRTIM_SimpleBaseStart_DMA	24	static
../Drivers/STM32H7xx_HAL_Driver/Src/stm32h7xx_hal_hrtim.c:1082:19:HAL_HRTIM_SimpleBaseStop_DMA	16	static
../Drivers/STM32H7xx_HAL_Driver/Src/stm32h7xx_hal_hrtim.c:1204:19:HAL_HRTIM_SimpleOCChannelConfig	48	static
../Drivers/STM32H7xx_HAL_Driver/Src/stm32h7xx_hal_hrtim.c:1378:19:HAL_HRTIM_SimpleOCStart	8	static
../Drivers/STM32H7xx_HAL_Driver/Src/stm32h7xx_hal_hrtim.c:1428:19:HAL_HRTIM_SimpleOCStop	8	static
../Drivers/STM32H7xx_HAL_Driver/Src/stm32h7xx_hal_hrtim.c:1483:19:HAL_HRTIM_SimpleOCStart_IT	16	static
../Drivers/STM32H7xx_HAL_Driver/Src/stm32h7xx_hal_hrtim.c:1542:19:HAL_HRTIM_SimpleOCStop_IT	24	static
../Drivers/STM32H7xx_HAL_Driver/Src/stm32h7xx_hal_hrtim.c:1609:19:HAL_HRTIM_SimpleOCStart_DMA	32	static
../Drivers/STM32H7xx_HAL_Driver/Src/stm32h7xx_hal_hrtim.c:1716:19:HAL_HRTIM_SimpleOCStop_DMA	24	static
../Drivers/STM32H7xx_HAL_Driver/Src/stm32h7xx_hal_hrtim.c:1824:19:HAL_HRTIM_SimplePWMChannelConfig	48	static
../Drivers/STM32H7xx_HAL_Driver/Src/stm32h7xx_hal_hrtim.c:1942:19:HAL_HRTIM_SimplePWMStart	0	static
../Drivers/STM32H7xx_HAL_Driver/Src/stm32h7xx_hal_hrtim.c:1992:19:HAL_HRTIM_SimplePWMStop	0	static
../Drivers/STM32H7xx_HAL_Driver/Src/stm32h7xx_hal_hrtim.c:2043:19:HAL_HRTIM_SimplePWMStart_IT	12	static
../Drivers/STM32H7xx_HAL_Driver/Src/stm32h7xx_hal_hrtim.c:2133:19:HAL_HRTIM_SimplePWMStop_IT	12	static
../Drivers/STM32H7xx_HAL_Driver/Src/stm32h7xx_hal_hrtim.c:2227:19:HAL_HRTIM_SimplePWMStart_DMA	32	static
../Drivers/STM32H7xx_HAL_Driver/Src/stm32h7xx_hal_hrtim.c:2366:19:HAL_HRTIM_SimplePWMStop_DMA	24	static
../Drivers/STM32H7xx_HAL_Driver/Src/stm32h7xx_hal_hrtim.c:2490:19:HAL_HRTIM_SimpleCaptureChannelConfig	48	static
../Drivers/STM32H7xx_HAL_Driver/Src/stm32h7xx_hal_hrtim.c:2561:19:HAL_HRTIM_SimpleCaptureStart	8	static
../Drivers/STM32H7xx_HAL_Driver/Src/stm32h7xx_hal_hrtim.c:2632:19:HAL_HRTIM_SimpleCaptureStop	8	static
../Drivers/STM32H7xx_HAL_Driver/Src/stm32h7xx_hal_hrtim.c:2714:19:HAL_HRTIM_SimpleCaptureStart_IT	8	static
../Drivers/STM32H7xx_HAL_Driver/Src/stm32h7xx_hal_hrtim.c:2792:19:HAL_HRTIM_SimpleCaptureStop_IT	8	static
../Drivers/STM32H7xx_HAL_Driver/Src/stm32h7xx_hal_hrtim.c:2885:19:HAL_HRTIM_SimpleCaptureStart_DMA	24	static
../Drivers/STM32H7xx_HAL_Driver/Src/stm32h7xx_hal_hrtim.c:2998:19:HAL_HRTIM_SimpleCaptureStop_DMA	16	static
../Drivers/STM32H7xx_HAL_Driver/Src/stm32h7xx_hal_hrtim.c:3145:19:HAL_HRTIM_SimpleOnePulseChannelConfig	80	static
../Drivers/STM32H7xx_HAL_Driver/Src/stm32h7xx_hal_hrtim.c:3281:19:HAL_HRTIM_SimpleOnePulseStart	0	static
../Drivers/STM32H7xx_HAL_Driver/Src/stm32h7xx_hal_hrtim.c:3331:19:HAL_HRTIM_SimpleOnePulseStop	0	static
../Drivers/STM32H7xx_HAL_Driver/Src/stm32h7xx_hal_hrtim.c:3382:19:HAL_HRTIM_SimpleOnePulseStart_IT	0	static
../Drivers/STM32H7xx_HAL_Driver/Src/stm32h7xx_hal_hrtim.c:3472:19:HAL_HRTIM_SimpleOnePulseStop_IT	0	static
../Drivers/STM32H7xx_HAL_Driver/Src/stm32h7xx_hal_hrtim.c:3569:19:HAL_HRTIM_BurstModeConfig	8	static
../Drivers/STM32H7xx_HAL_Driver/Src/stm32h7xx_hal_hrtim.c:3649:19:HAL_HRTIM_EventConfig	16	static
../Drivers/STM32H7xx_HAL_Driver/Src/stm32h7xx_hal_hrtim.c:3694:19:HAL_HRTIM_EventPrescalerConfig	0	static
../Drivers/STM32H7xx_HAL_Driver/Src/stm32h7xx_hal_hrtim.c:3736:19:HAL_HRTIM_FaultConfig	16	static
../Drivers/STM32H7xx_HAL_Driver/Src/stm32h7xx_hal_hrtim.c:3861:19:HAL_HRTIM_FaultPrescalerConfig	0	static
../Drivers/STM32H7xx_HAL_Driver/Src/stm32h7xx_hal_hrtim.c:3904:6:HAL_HRTIM_FaultModeCtl	8	static
../Drivers/STM32H7xx_HAL_Driver/Src/stm32h7xx_hal_hrtim.c:3948:19:HAL_HRTIM_ADCTriggerConfig	12	static
../Drivers/STM32H7xx_HAL_Driver/Src/stm32h7xx_hal_hrtim.c:4100:19:HAL_HRTIM_WaveformTimerConfig	48	static
../Drivers/STM32H7xx_HAL_Driver/Src/stm32h7xx_hal_hrtim.c:4201:19:HAL_HRTIM_TimerEventFilteringConfig	12	static
../Drivers/STM32H7xx_HAL_Driver/Src/stm32h7xx_hal_hrtim.c:4341:19:HAL_HRTIM_DeadTimeConfig	12	static
../Drivers/STM32H7xx_HAL_Driver/Src/stm32h7xx_hal_hrtim.c:4406:19:HAL_HRTIM_ChopperModeConfig	8	static
../Drivers/STM32H7xx_HAL_Driver/Src/stm32h7xx_hal_hrtim.c:4483:19:HAL_HRTIM_BurstDMAConfig	8	static
../Drivers/STM32H7xx_HAL_Driver/Src/stm32h7xx_hal_hrtim.c:4590:19:HAL_HRTIM_WaveformCompareConfig	12	static
../Drivers/STM32H7xx_HAL_Driver/Src/stm32h7xx_hal_hrtim.c:4791:19:HAL_HRTIM_WaveformCaptureConfig	12	static
../Drivers/STM32H7xx_HAL_Driver/Src/stm32h7xx_hal_hrtim.c:4877:19:HAL_HRTIM_WaveformOutputConfig	16	static
../Drivers/STM32H7xx_HAL_Driver/Src/stm32h7xx_hal_hrtim.c:4945:19:HAL_HRTIM_WaveformSetOutputLevel	12	static
../Drivers/STM32H7xx_HAL_Driver/Src/stm32h7xx_hal_hrtim.c:5047:19:HAL_HRTIM_WaveformOutputStart	0	static
../Drivers/STM32H7xx_HAL_Driver/Src/stm32h7xx_hal_hrtim.c:5087:19:HAL_HRTIM_WaveformOutputStop	0	static
../Drivers/STM32H7xx_HAL_Driver/Src/stm32h7xx_hal_hrtim.c:5123:19:HAL_HRTIM_WaveformCountStart	0	static
../Drivers/STM32H7xx_HAL_Driver/Src/stm32h7xx_hal_hrtim.c:5160:19:HAL_HRTIM_WaveformCountStop	0	static
../Drivers/STM32H7xx_HAL_Driver/Src/stm32h7xx_hal_hrtim.c:5200:19:HAL_HRTIM_WaveformCountStart_IT	20	static
../Drivers/STM32H7xx_HAL_Driver/Src/stm32h7xx_hal_hrtim.c:5263:19:HAL_HRTIM_WaveformCountStop_IT	32	static
../Drivers/STM32H7xx_HAL_Driver/Src/stm32h7xx_hal_hrtim.c:5335:19:HAL_HRTIM_WaveformCountStart_DMA	32	static
../Drivers/STM32H7xx_HAL_Driver/Src/stm32h7xx_hal_hrtim.c:5456:19:HAL_HRTIM_WaveformCountStop_DMA	32	static
../Drivers/STM32H7xx_HAL_Driver/Src/stm32h7xx_hal_hrtim.c:5531:19:HAL_HRTIM_BurstModeCtl	0	static
../Drivers/STM32H7xx_HAL_Driver/Src/stm32h7xx_hal_hrtim.c:5563:19:HAL_HRTIM_BurstModeSoftwareTrigger	0	static
../Drivers/STM32H7xx_HAL_Driver/Src/stm32h7xx_hal_hrtim.c:5604:19:HAL_HRTIM_SoftwareCapture	8	static
../Drivers/STM32H7xx_HAL_Driver/Src/stm32h7xx_hal_hrtim.c:5676:19:HAL_HRTIM_SoftwareUpdate	0	static
../Drivers/STM32H7xx_HAL_Driver/Src/stm32h7xx_hal_hrtim.c:5718:19:HAL_HRTIM_SoftwareReset	0	static
../Drivers/STM32H7xx_HAL_Driver/Src/stm32h7xx_hal_hrtim.c:5769:19:HAL_HRTIM_BurstDMATransfer	24	static
../Drivers/STM32H7xx_HAL_Driver/Src/stm32h7xx_hal_hrtim.c:5853:19:HAL_HRTIM_UpdateEnable	0	static
../Drivers/STM32H7xx_HAL_Driver/Src/stm32h7xx_hal_hrtim.c:5889:19:HAL_HRTIM_UpdateDisable	0	static
../Drivers/STM32H7xx_HAL_Driver/Src/stm32h7xx_hal_hrtim.c:5941:24:HAL_HRTIM_GetState	0	static
../Drivers/STM32H7xx_HAL_Driver/Src/stm32h7xx_hal_hrtim.c:5963:10:HAL_HRTIM_GetCapturedValue	0	static
../Drivers/STM32H7xx_HAL_Driver/Src/stm32h7xx_hal_hrtim.c:6026:10:HAL_HRTIM_WaveformGetOutputLevel	0	static
../Drivers/STM32H7xx_HAL_Driver/Src/stm32h7xx_hal_hrtim.c:6106:10:HAL_HRTIM_WaveformGetOutputState	0	static
../Drivers/STM32H7xx_HAL_Driver/Src/stm32h7xx_hal_hrtim.c:6236:10:HAL_HRTIM_GetDelayedProtectionStatus	0	static
../Drivers/STM32H7xx_HAL_Driver/Src/stm32h7xx_hal_hrtim.c:6301:10:HAL_HRTIM_GetBurstStatus	0	static
../Drivers/STM32H7xx_HAL_Driver/Src/stm32h7xx_hal_hrtim.c:6324:10:HAL_HRTIM_GetCurrentPushPullStatus	0	static
../Drivers/STM32H7xx_HAL_Driver/Src/stm32h7xx_hal_hrtim.c:6352:10:HAL_HRTIM_GetIdlePushPullStatus	0	static
../Drivers/STM32H7xx_HAL_Driver/Src/stm32h7xx_hal_hrtim.c:6463:13:HAL_HRTIM_Fault1Callback	0	static
../Drivers/STM32H7xx_HAL_Driver/Src/stm32h7xx_hal_hrtim.c:6478:13:HAL_HRTIM_Fault2Callback	0	static
../Drivers/STM32H7xx_HAL_Driver/Src/stm32h7xx_hal_hrtim.c:6493:13:HAL_HRTIM_Fault3Callback	0	static
../Drivers/STM32H7xx_HAL_Driver/Src/stm32h7xx_hal_hrtim.c:6508:13:HAL_HRTIM_Fault4Callback	0	static
../Drivers/STM32H7xx_HAL_Driver/Src/stm32h7xx_hal_hrtim.c:6523:13:HAL_HRTIM_Fault5Callback	0	static
../Drivers/STM32H7xx_HAL_Driver/Src/stm32h7xx_hal_hrtim.c:6538:13:HAL_HRTIM_SystemFaultCallback	0	static
../Drivers/STM32H7xx_HAL_Driver/Src/stm32h7xx_hal_hrtim.c:6553:13:HAL_HRTIM_BurstModePeriodCallback	0	static
../Drivers/STM32H7xx_HAL_Driver/Src/stm32h7xx_hal_hrtim.c:6568:13:HAL_HRTIM_SynchronizationEventCallback	0	static
../Drivers/STM32H7xx_HAL_Driver/Src/stm32h7xx_hal_hrtim.c:6591:13:HAL_HRTIM_RegistersUpdateCallback	0	static
../Drivers/STM32H7xx_HAL_Driver/Src/stm32h7xx_hal_hrtim.c:6616:13:HAL_HRTIM_RepetitionEventCallback	0	static
../Drivers/STM32H7xx_HAL_Driver/Src/stm32h7xx_hal_hrtim.c:6642:13:HAL_HRTIM_Compare1EventCallback	0	static
../Drivers/STM32H7xx_HAL_Driver/Src/stm32h7xx_hal_hrtim.c:6668:13:HAL_HRTIM_Compare2EventCallback	0	static
../Drivers/STM32H7xx_HAL_Driver/Src/stm32h7xx_hal_hrtim.c:6694:13:HAL_HRTIM_Compare3EventCallback	0	static
../Drivers/STM32H7xx_HAL_Driver/Src/stm32h7xx_hal_hrtim.c:6720:13:HAL_HRTIM_Compare4EventCallback	0	static
../Drivers/STM32H7xx_HAL_Driver/Src/stm32h7xx_hal_hrtim.c:9030:13:HRTIM_DMAMasterCplt	8	static
../Drivers/STM32H7xx_HAL_Driver/Src/stm32h7xx_hal_hrtim.c:6744:13:HAL_HRTIM_Capture1EventCallback	0	static
../Drivers/STM32H7xx_HAL_Driver/Src/stm32h7xx_hal_hrtim.c:6768:13:HAL_HRTIM_Capture2EventCallback	0	static
../Drivers/STM32H7xx_HAL_Driver/Src/stm32h7xx_hal_hrtim.c:6793:13:HAL_HRTIM_DelayedProtectionCallback	0	static
../Drivers/STM32H7xx_HAL_Driver/Src/stm32h7xx_hal_hrtim.c:6818:13:HAL_HRTIM_CounterResetCallback	0	static
../Drivers/STM32H7xx_HAL_Driver/Src/stm32h7xx_hal_hrtim.c:6842:13:HAL_HRTIM_Output1SetCallback	0	static
../Drivers/STM32H7xx_HAL_Driver/Src/stm32h7xx_hal_hrtim.c:6866:13:HAL_HRTIM_Output1ResetCallback	0	static
../Drivers/STM32H7xx_HAL_Driver/Src/stm32h7xx_hal_hrtim.c:6890:13:HAL_HRTIM_Output2SetCallback	0	static
../Drivers/STM32H7xx_HAL_Driver/Src/stm32h7xx_hal_hrtim.c:6914:13:HAL_HRTIM_Output2ResetCallback	0	static
../Drivers/STM32H7xx_HAL_Driver/Src/stm32h7xx_hal_hrtim.c:9101:13:HRTIM_DMATimerxCplt	16	static
../Drivers/STM32H7xx_HAL_Driver/Src/stm32h7xx_hal_hrtim.c:6437:6:HAL_HRTIM_IRQHandler	24	static
../Drivers/STM32H7xx_HAL_Driver/Src/stm32h7xx_hal_hrtim.c:6939:13:HAL_HRTIM_BurstDMATransferCallback	0	static
../Drivers/STM32H7xx_HAL_Driver/Src/stm32h7xx_hal_hrtim.c:9250:13:HRTIM_BurstDMACplt	8	static
../Drivers/STM32H7xx_HAL_Driver/Src/stm32h7xx_hal_hrtim.c:6956:13:HAL_HRTIM_ErrorCallback	0	static
../Drivers/STM32H7xx_HAL_Driver/Src/stm32h7xx_hal_hrtim.c:9234:13:HRTIM_DMAError	8	static
