../Core/App/mole/mole.c:33:13:DUMP	16	static
../Core/App/mole/mole.c:54:14:Allocate	24	static
../Core/App/mole/mole.c:64:12:testHMAC	16	static
../Core/App/mole/mole.c:69:12:testKey	40	static
../Core/App/mole/mole.c:87:13:SendByteU	16	static
../Core/App/mole/mole.c:98:13:SendByte	16	static
../Core/App/mole/mole.c:103:13:SendN	32	static
../Core/App/mole/mole.c:109:13:Send2	16	static
../Core/App/mole/mole.c:114:13:SendBlock	16	static
../Core/App/mole/mole.c:118:13:SendEnd	16	static
../Core/App/mole/mole.c:123:13:SendBoiler	24	static
../Core/App/mole/mole.c:142:12:BIST	40	static
../Core/App/mole/mole.c:159:13:SendTxBuf	24	static
../Core/App/mole/mole.c:164:13:SendHeader	32	static
../Core/App/mole/mole.c:172:13:SendAsHash	24	static
../Core/App/mole/mole.c:178:13:SendTxHash	40	static
../Core/App/mole/mole.c:200:12:SendIV	56	static
../Core/App/mole/mole.c:244:12:NewStream	24	static
../Core/App/mole/mole.c:258:5:moleTxInit	16	static
../Core/App/mole/mole.c:262:13:moleSendInit	16	static
../Core/App/mole/mole.c:268:13:moleSendChar	24	static
../Core/App/mole/mole.c:276:13:moleSendFinal	16	static
../Core/App/mole/mole.c:282:13:moleSendMsg	24	static
../Core/App/mole/mole.c:290:12:moleReKeyRequest	24	static
../Core/App/mole/mole.c:300:12:KDF	80	static
../Core/App/mole/mole.c:327:5:moleNewKeys	32	static
../Core/App/mole/mole.c:337:6:moleNoPorts	8	static
../Core/App/mole/mole.c:343:5:moleAddPort	24	static
../Core/App/mole/mole.c:374:5:moleRAMused	16	static
../Core/App/mole/mole.c:378:5:moleRAMunused	4	static
../Core/App/mole/mole.c:383:5:moleReKey	16	static
../Core/App/mole/mole.c:389:6:molePair	16	static
../Core/App/mole/mole.c:398:6:moleBoilerReq	16	static
../Core/App/mole/mole.c:406:6:moleAdmin	40	static
../Core/App/mole/mole.c:416:10:moleAvail	16	static
../Core/App/mole/mole.c:424:5:molePutc	56	static
../Core/App/mole/mole.c:633:13:moleFileInit	16	static
../Core/App/mole/mole.c:638:5:moleFileNew	48	static
../Core/App/mole/mole.c:647:6:moleFileFinal	16	static
../Core/App/mole/mole.c:656:6:moleFileOut	40	static
../Core/App/mole/mole.c:675:5:moleSend	24	static
../Core/App/mole/mole.c:692:16:NextByte	16	static
../Core/App/mole/mole.c:704:16:SkipChars	24	static
../Core/App/mole/mole.c:712:13:FindEndTag	16	static
../Core/App/mole/mole.c:720:12:SkipEndTags	24	static
../Core/App/mole/mole.c:732:12:NextChar	32	static
../Core/App/mole/mole.c:757:12:NextBlock	24	static
../Core/App/mole/mole.c:766:5:moleFileIn	56	static
