../Core/App/app.c:51:18:UpdateKeySet	0	static
../Core/App/app.c:82:13:BCItransmit	0	static
../Core/App/app.c:57:13:BoilerHandler	0	static
../Core/App/app.c:12:6:USART3_IRQHandler	0	static
../Core/App/app.c:13:6:UART_putc	0	static
../Core/App/app.c:87:13:uartCharOutput	0	static
../Core/App/app.c:14:6:UART_puts	0	static
../Core/App/app.c:15:9:UART_getc	8	static
../Core/App/app.c:16:9:UART_received	8	static
../Core/App/app.c:62:6:StopVMthread	0	static
../Core/App/app.c:70:6:BCIsendChar	0	static
../Core/App/app.c:73:6:BCIsendInit	8	static
../Core/App/app.c:78:6:BCIsendFinal	0	static
../Core/App/app.c:91:6:get8debug	0	static
../Core/App/app.c:94:5:TargetInit	32	static
../Core/App/app.c:116:6:ApplicationStep	8	static
../Core/App/app.c:129:6:ApplicationInit	8	static,ignoring_inline_asm
../Core/App/app.c:143:5:moleTRNG	16	static
../Core/App/app.c:151:13:TIM2_IRQHandler	0	static
