../Core/App/mole/mole.c:87:13:SendByteU	16	static
../Core/App/mole/mole.c:98:13:SendByte	16	static
../Core/App/mole/mole.c:118:13:SendEnd	0	static
../Core/App/mole/mole.c:123:13:SendBoiler	16	static
../Core/App/mole/mole.c:164:13:SendHeader	24	static
../Core/App/mole/mole.c:172:13:SendAsHash	16	static
../Core/App/mole/mole.c:178:13:SendTxHash	32	static
../Core/App/mole/mole.c:692:16:NextByte	8	static
../Core/App/mole/mole.c:704:16:SkipChars	16	static
../Core/App/mole/mole.c:720:12:SkipEndTags	8	static
../Core/App/mole/mole.c:732:12:NextChar	16	static
../Core/App/mole/mole.c:757:12:NextBlock	16	static
../Core/App/mole/mole.c:64:12:testHMAC	8	static
../Core/App/mole/mole.c:69:12:testKey	32	static
../Core/App/mole/mole.c:300:12:KDF.part.0	80	static
../Core/App/mole/mole.c:114:13:SendBlock	16	static
../Core/App/mole/mole.c:159:13:SendTxBuf	16	static
../Core/App/mole/mole.c:282:13:moleSendMsg	24	static
../Core/App/mole/mole.c:200:12:SendIV	56	static
../Core/App/mole/mole.c:244:12:NewStream.constprop	8	static
../Core/App/mole/mole.c:258:5:moleTxInit	0	static
../Core/App/mole/mole.c:327:5:moleNewKeys	32	static
../Core/App/mole/mole.c:337:6:moleNoPorts	8	static
../Core/App/mole/mole.c:343:5:moleAddPort	32	static
../Core/App/mole/mole.c:374:5:moleRAMused	0	static
../Core/App/mole/mole.c:378:5:moleRAMunused	0	static
../Core/App/mole/mole.c:389:6:molePair	8	static
../Core/App/mole/mole.c:398:6:moleBoilerReq	8	static
../Core/App/mole/mole.c:406:6:moleAdmin	32	static
../Core/App/mole/mole.c:416:10:moleAvail	0	static
../Core/App/mole/mole.c:383:5:moleReKey	8	static
../Core/App/mole/mole.c:424:5:molePutc	40	static
../Core/App/mole/mole.c:638:5:moleFileNew	24	static
../Core/App/mole/mole.c:647:6:moleFileFinal	16	static
../Core/App/mole/mole.c:656:6:moleFileOut	32	static
../Core/App/mole/mole.c:675:5:moleSend	8	static
../Core/App/mole/mole.c:766:5:moleFileIn	40	static
