Archive member included to satisfy reference by file (symbol)

C:/ST/STM32CubeIDE_1.18.1/STM32CubeIDE/plugins/com.st.stm32cube.ide.mcu.externaltools.gnu-tools-for-stm32.13.3.rel1.win32_1.0.0.202411081344/tools/bin/../lib/gcc/arm-none-eabi/13.3.1/../../../../arm-none-eabi/lib/thumb/v7e-m+dp/hard\libc_nano.a(libc_a-exit.o)
                              C:/ST/STM32CubeIDE_1.18.1/STM32CubeIDE/plugins/com.st.stm32cube.ide.mcu.externaltools.gnu-tools-for-stm32.13.3.rel1.win32_1.0.0.202411081344/tools/bin/../lib/gcc/arm-none-eabi/13.3.1/../../../../arm-none-eabi/lib/thumb/v7e-m+dp/hard/crt0.o (exit)
C:/ST/STM32CubeIDE_1.18.1/STM32CubeIDE/plugins/com.st.stm32cube.ide.mcu.externaltools.gnu-tools-for-stm32.13.3.rel1.win32_1.0.0.202411081344/tools/bin/../lib/gcc/arm-none-eabi/13.3.1/../../../../arm-none-eabi/lib/thumb/v7e-m+dp/hard\libc_nano.a(libc_a-rand.o)
                              ./Core/App/app.o (rand)
C:/ST/STM32CubeIDE_1.18.1/STM32CubeIDE/plugins/com.st.stm32cube.ide.mcu.externaltools.gnu-tools-for-stm32.13.3.rel1.win32_1.0.0.202411081344/tools/bin/../lib/gcc/arm-none-eabi/13.3.1/../../../../arm-none-eabi/lib/thumb/v7e-m+dp/hard\libc_nano.a(libc_a-findfp.o)
                              C:/ST/STM32CubeIDE_1.18.1/STM32CubeIDE/plugins/com.st.stm32cube.ide.mcu.externaltools.gnu-tools-for-stm32.13.3.rel1.win32_1.0.0.202411081344/tools/bin/../lib/gcc/arm-none-eabi/13.3.1/../../../../arm-none-eabi/lib/thumb/v7e-m+dp/hard\libc_nano.a(libc_a-exit.o) (__stdio_exit_handler)
C:/ST/STM32CubeIDE_1.18.1/STM32CubeIDE/plugins/com.st.stm32cube.ide.mcu.externaltools.gnu-tools-for-stm32.13.3.rel1.win32_1.0.0.202411081344/tools/bin/../lib/gcc/arm-none-eabi/13.3.1/../../../../arm-none-eabi/lib/thumb/v7e-m+dp/hard\libc_nano.a(libc_a-fwalk.o)
                              C:/ST/STM32CubeIDE_1.18.1/STM32CubeIDE/plugins/com.st.stm32cube.ide.mcu.externaltools.gnu-tools-for-stm32.13.3.rel1.win32_1.0.0.202411081344/tools/bin/../lib/gcc/arm-none-eabi/13.3.1/../../../../arm-none-eabi/lib/thumb/v7e-m+dp/hard\libc_nano.a(libc_a-findfp.o) (_fwalk_sglue)
C:/ST/STM32CubeIDE_1.18.1/STM32CubeIDE/plugins/com.st.stm32cube.ide.mcu.externaltools.gnu-tools-for-stm32.13.3.rel1.win32_1.0.0.202411081344/tools/bin/../lib/gcc/arm-none-eabi/13.3.1/../../../../arm-none-eabi/lib/thumb/v7e-m+dp/hard\libc_nano.a(libc_a-stdio.o)
                              C:/ST/STM32CubeIDE_1.18.1/STM32CubeIDE/plugins/com.st.stm32cube.ide.mcu.externaltools.gnu-tools-for-stm32.13.3.rel1.win32_1.0.0.202411081344/tools/bin/../lib/gcc/arm-none-eabi/13.3.1/../../../../arm-none-eabi/lib/thumb/v7e-m+dp/hard\libc_nano.a(libc_a-findfp.o) (__sread)
C:/ST/STM32CubeIDE_1.18.1/STM32CubeIDE/plugins/com.st.stm32cube.ide.mcu.externaltools.gnu-tools-for-stm32.13.3.rel1.win32_1.0.0.202411081344/tools/bin/../lib/gcc/arm-none-eabi/13.3.1/../../../../arm-none-eabi/lib/thumb/v7e-m+dp/hard\libc_nano.a(libc_a-memcmp.o)
                              ./Core/App/mole/mole.o (memcmp)
C:/ST/STM32CubeIDE_1.18.1/STM32CubeIDE/plugins/com.st.stm32cube.ide.mcu.externaltools.gnu-tools-for-stm32.13.3.rel1.win32_1.0.0.202411081344/tools/bin/../lib/gcc/arm-none-eabi/13.3.1/../../../../arm-none-eabi/lib/thumb/v7e-m+dp/hard\libc_nano.a(libc_a-memset.o)
                              C:/ST/STM32CubeIDE_1.18.1/STM32CubeIDE/plugins/com.st.stm32cube.ide.mcu.externaltools.gnu-tools-for-stm32.13.3.rel1.win32_1.0.0.202411081344/tools/bin/../lib/gcc/arm-none-eabi/13.3.1/../../../../arm-none-eabi/lib/thumb/v7e-m+dp/hard/crt0.o (memset)
C:/ST/STM32CubeIDE_1.18.1/STM32CubeIDE/plugins/com.st.stm32cube.ide.mcu.externaltools.gnu-tools-for-stm32.13.3.rel1.win32_1.0.0.202411081344/tools/bin/../lib/gcc/arm-none-eabi/13.3.1/../../../../arm-none-eabi/lib/thumb/v7e-m+dp/hard\libc_nano.a(libc_a-closer.o)
                              C:/ST/STM32CubeIDE_1.18.1/STM32CubeIDE/plugins/com.st.stm32cube.ide.mcu.externaltools.gnu-tools-for-stm32.13.3.rel1.win32_1.0.0.202411081344/tools/bin/../lib/gcc/arm-none-eabi/13.3.1/../../../../arm-none-eabi/lib/thumb/v7e-m+dp/hard\libc_nano.a(libc_a-stdio.o) (_close_r)
C:/ST/STM32CubeIDE_1.18.1/STM32CubeIDE/plugins/com.st.stm32cube.ide.mcu.externaltools.gnu-tools-for-stm32.13.3.rel1.win32_1.0.0.202411081344/tools/bin/../lib/gcc/arm-none-eabi/13.3.1/../../../../arm-none-eabi/lib/thumb/v7e-m+dp/hard\libc_nano.a(libc_a-reent.o)
                              C:/ST/STM32CubeIDE_1.18.1/STM32CubeIDE/plugins/com.st.stm32cube.ide.mcu.externaltools.gnu-tools-for-stm32.13.3.rel1.win32_1.0.0.202411081344/tools/bin/../lib/gcc/arm-none-eabi/13.3.1/../../../../arm-none-eabi/lib/thumb/v7e-m+dp/hard\libc_nano.a(libc_a-closer.o) (errno)
C:/ST/STM32CubeIDE_1.18.1/STM32CubeIDE/plugins/com.st.stm32cube.ide.mcu.externaltools.gnu-tools-for-stm32.13.3.rel1.win32_1.0.0.202411081344/tools/bin/../lib/gcc/arm-none-eabi/13.3.1/../../../../arm-none-eabi/lib/thumb/v7e-m+dp/hard\libc_nano.a(libc_a-impure.o)
[...]
Memory Configuration

Name             Origin             Length             Attributes
FLASH            0x08000000         0x00200000         xr
DTCMRAM          0x20000000         0x00020000         xrw
RAM_D1           0x24000000         0x00080000         xrw
RAM_D2           0x30000000         0x00048000         xrw
RAM_D3           0x38000000         0x00010000         xrw
ITCMRAM          0x00000000         0x00010000         xrw
*default*        0x00000000         0xffffffff

Linker script and memory map

LOAD C:/ST/STM32CubeIDE_1.18.1/STM32CubeIDE/plugins/com.st.stm32cube.ide.mcu.externaltools.gnu-tools-for-stm32.13.3.rel1.win32_1.0.0.202411081344/tools/bin/../lib/gcc/arm-none-eabi/13.3.1/thumb/v7e-m+dp/hard/crti.o
LOAD C:/ST/STM32CubeIDE_1.18.1/STM32CubeIDE/plugins/com.st.stm32cube.ide.mcu.externaltools.gnu-tools-for-stm32.13.3.rel1.win32_1.0.0.202411081344/tools/bin/../lib/gcc/arm-none-eabi/13.3.1/thumb/v7e-m+dp/hard/crtbegin.o
LOAD C:/ST/STM32CubeIDE_1.18.1/STM32CubeIDE/plugins/com.st.stm32cube.ide.mcu.externaltools.gnu-tools-for-stm32.13.3.rel1.win32_1.0.0.202411081344/tools/bin/../lib/gcc/arm-none-eabi/13.3.1/../../../../arm-none-eabi/lib/thumb/v7e-m+dp/hard/crt0.o
LOAD ./Core/App/UARTs/okuart.o
LOAD ./Core/App/app.o
LOAD ./Core/App/bci/bci.o
LOAD ./Core/App/bci/bciHW.o
LOAD ./Core/App/bci/vm.o
LOAD ./Core/App/mole/blake2s.o
LOAD ./Core/App/mole/mole.o
LOAD ./Core/App/mole/xchacha.o
LOAD ./Core/Src/main.o
LOAD ./Core/Src/stm32h7xx_hal_msp.o
LOAD ./Core/Src/stm32h7xx_hal_timebase_tim.o
LOAD ./Core/Src/stm32h7xx_it.o
LOAD ./Core/Src/syscalls.o
LOAD ./Core/Src/sysmem.o
LOAD ./Core/Src/system_stm32h7xx.o
LOAD ./Core/Startup/startup_stm32h753zitx.o
LOAD ./Drivers/BSP/STM32H7xx_Nucleo/stm32h7xx_nucleo.o
LOAD ./Drivers/STM32H7xx_HAL_Driver/Src/stm32h7xx_hal.o
LOAD ./Drivers/STM32H7xx_HAL_Driver/Src/stm32h7xx_hal_cortex.o
LOAD ./Drivers/STM32H7xx_HAL_Driver/Src/stm32h7xx_hal_crc.o
LOAD ./Drivers/STM32H7xx_HAL_Driver/Src/stm32h7xx_hal_crc_ex.o
LOAD ./Drivers/STM32H7xx_HAL_Driver/Src/stm32h7xx_hal_dma.o
LOAD ./Drivers/STM32H7xx_HAL_Driver/Src/stm32h7xx_hal_dma_ex.o
LOAD ./Drivers/STM32H7xx_HAL_Driver/Src/stm32h7xx_hal_exti.o
LOAD ./Drivers/STM32H7xx_HAL_Driver/Src/stm32h7xx_hal_flash.o
LOAD ./Drivers/STM32H7xx_HAL_Driver/Src/stm32h7xx_hal_flash_ex.o
LOAD ./Drivers/STM32H7xx_HAL_Driver/Src/stm32h7xx_hal_gpio.o
LOAD ./Drivers/STM32H7xx_HAL_Driver/Src/stm32h7xx_hal_hrtim.o
LOAD ./Drivers/STM32H7xx_HAL_Driver/Src/stm32h7xx_hal_hsem.o
LOAD ./Drivers/STM32H7xx_HAL_Driver/Src/stm32h7xx_hal_i2c.o
LOAD ./Drivers/STM32H7xx_HAL_Driver/Src/stm32h7xx_hal_i2c_ex.o
LOAD ./Drivers/STM32H7xx_HAL_Driver/Src/stm32h7xx_hal_mdma.o
LOAD ./Drivers/STM32H7xx_HAL_Driver/Src/stm32h7xx_hal_pwr.o
LOAD ./Drivers/STM32H7xx_HAL_Driver/Src/stm32h7xx_hal_pwr_ex.o
LOAD ./Drivers/STM32H7xx_HAL_Driver/Src/stm32h7xx_hal_rcc.o
LOAD ./Drivers/STM32H7xx_HAL_Driver/Src/stm32h7xx_hal_rcc_ex.o
LOAD ./Drivers/STM32H7xx_HAL_Driver/Src/stm32h7xx_hal_rng.o
LOAD ./Drivers/STM32H7xx_HAL_Driver/Src/stm32h7xx_hal_rng_ex.o
LOAD ./Drivers/STM32H7xx_HAL_Driver/Src/stm32h7xx_hal_spi.o
LOAD ./Drivers/STM32H7xx_HAL_Driver/Src/stm32h7xx_hal_spi_ex.o
LOAD ./Drivers/STM32H7xx_HAL_Driver/Src/stm32h7xx_hal_tim.o
LOAD ./Drivers/STM32H7xx_HAL_Driver/Src/stm32h7xx_hal_tim_ex.o
LOAD ./Drivers/STM32H7xx_HAL_Driver/Src/stm32h7xx_hal_uart.o
LOAD ./Drivers/STM32H7xx_HAL_Driver/Src/stm32h7xx_hal_uart_ex.o
LOAD ./Drivers/STM32H7xx_HAL_Driver/Src/stm32h7xx_hal_usart.o
LOAD ./Drivers/STM32H7xx_HAL_Driver/Src/stm32h7xx_hal_usart_ex.o
START GROUP
LOAD C:/ST/STM32CubeIDE_1.18.1/STM32CubeIDE/plugins/com.st.stm32cube.ide.mcu.externaltools.gnu-tools-for-stm32.13.3.rel1.win32_1.0.0.202411081344/tools/bin/../lib/gcc/arm-none-eabi/13.3.1/../../../../arm-none-eabi/lib/thumb/v7e-m+dp/hard\libc_nano.a
LOAD C:/ST/STM32CubeIDE_1.18.1/STM32CubeIDE/plugins/com.st.stm32cube.ide.mcu.externaltools.gnu-tools-for-stm32.13.3.rel1.win32_1.0.0.202411081344/tools/bin/../lib/gcc/arm-none-eabi/13.3.1/../../../../arm-none-eabi/lib/thumb/v7e-m+dp/hard\libm.a
END GROUP
START GROUP
LOAD C:/ST/STM32CubeIDE_1.18.1/STM32CubeIDE/plugins/com.st.stm32cube.ide.mcu.externaltools.gnu-tools-for-stm32.13.3.rel1.win32_1.0.0.202411081344/tools/bin/../lib/gcc/arm-none-eabi/13.3.1/thumb/v7e-m+dp/hard\libgcc.a
LOAD C:/ST/STM32CubeIDE_1.18.1/STM32CubeIDE/plugins/com.st.stm32cube.ide.mcu.externaltools.gnu-tools-for-stm32.13.3.rel1.win32_1.0.0.202411081344/tools/bin/../lib/gcc/arm-none-eabi/13.3.1/../../../../arm-none-eabi/lib/thumb/v7e-m+dp/hard\libc_nano.a
END GROUP
START GROUP
LOAD C:/ST/STM32CubeIDE_1.18.1/STM32CubeIDE/plugins/com.st.stm32cube.ide.mcu.externaltools.gnu-tools-for-stm32.13.3.rel1.win32_1.0.0.202411081344/tools/bin/../lib/gcc/arm-none-eabi/13.3.1/thumb/v7e-m+dp/hard\libgcc.a
LOAD C:/ST/STM32CubeIDE_1.18.1/STM32CubeIDE/plugins/com.st.stm32cube.ide.mcu.externaltools.gnu-tools-for-stm32.13.3.rel1.win32_1.0.0.202411081344/tools/bin/../lib/gcc/arm-none-eabi/13.3.1/../../../../arm-none-eabi/lib/thumb/v7e-m+dp/hard\libc_nano.a
LOAD C:/ST/STM32CubeIDE_1.18.1/STM32CubeIDE/plugins/com.st.stm32cube.ide.mcu.externaltools.gnu-tools-for-stm32.13.3.rel1.win32_1.0.0.202411081344/tools/bin/../lib/gcc/arm-none-eabi/13.3.1/../../../../arm-none-eabi/lib/thumb/v7e-m+dp/hard\libnosys.a
END GROUP
START GROUP
LOAD C:/ST/STM32CubeIDE_1.18.1/STM32CubeIDE/plugins/com.st.stm32cube.ide.mcu.externaltools.gnu-tools-for-stm32.13.3.rel1.win32_1.0.0.202411081344/tools/bin/../lib/gcc/arm-none-eabi/13.3.1/thumb/v7e-m+dp/hard\libgcc.a
LOAD C:/ST/STM32CubeIDE_1.18.1/STM32CubeIDE/plugins/com.st.stm32cube.ide.mcu.externaltools.gnu-tools-for-stm32.13.3.rel1.win32_1.0.0.202411081344/tools/bin/../lib/gcc/arm-none-eabi/13.3.1/../../../../arm-none-eabi/lib/thumb/v7e-m+dp/hard\libc_nano.a
LOAD C:/ST/STM32CubeIDE_1.18.1/STM32CubeIDE/plugins/com.st.stm32cube.ide.mcu.externaltools.gnu-tools-for-stm32.13.3.rel1.win32_1.0.0.202411081344/tools/bin/../lib/gcc/arm-none-eabi/13.3.1/../../../../arm-none-eabi/lib/thumb/v7e-m+dp/hard\libnosys.a
END GROUP
LOAD C:/ST/STM32CubeIDE_1.18.1/STM32CubeIDE/plugins/com.st.stm32cube.ide.mcu.externaltools.gnu-tools-for-stm32.13.3.rel1.win32_1.0.0.202411081344/tools/bin/../lib/gcc/arm-none-eabi/13.3.1/thumb/v7e-m+dp/hard/crtend.o
LOAD C:/ST/STM32CubeIDE_1.18.1/STM32CubeIDE/plugins/com.st.stm32cube.ide.mcu.externaltools.gnu-tools-for-stm32.13.3.rel1.win32_1.0.0.202411081344/tools/bin/../lib/gcc/arm-none-eabi/13.3.1/thumb/v7e-m+dp/hard/crtn.o
                0x24080000                        _estack = (ORIGIN (RAM_D1) + LENGTH (RAM_D1))
                0x00000200                        _Min_Heap_Size = 0x200
                0x00000400                        _Min_Stack_Size = 0x400

.isr_vector     0x08000000      0x298
                0x08000000                        . = ALIGN (0x4)
 *(.isr_vector)
 .isr_vector    0x08000000      0x298 ./Core/Startup/startup_stm32h753zitx.o
                0x08000000                g_pfnVectors
                0x08000298                        . = ALIGN (0x4)

.text           0x080002a0     0x7900
                0x080002a0                        . = ALIGN (0x4)
 *(.text)
 .text          0x080002a0       0x40 C:/ST/STM32CubeIDE_1.18.1/STM32CubeIDE/plugins/com.st.stm32cube.ide.mcu.externaltools.gnu-tools-for-stm32.13.3.rel1.win32_1.0.0.202411081344/tools/bin/../lib/gcc/arm-none-eabi/13.3.1/thumb/v7e-m+dp/hard/crtbegin.o
 .text          0x080002e0       0xa0 C:/ST/STM32CubeIDE_1.18.1/STM32CubeIDE/plugins/com.st.stm32cube.ide.mcu.externaltools.gnu-tools-for-stm32.13.3.rel1.win32_1.0.0.202411081344/tools/bin/../lib/gcc/arm-none-eabi/13.3.1/../../../../arm-none-eabi/lib/thumb/v7e-m+dp/hard\libc_nano.a(libc_a-memchr.o)
                0x080002e0                memchr
 .text          0x08000380       0x30 C:/ST/STM32CubeIDE_1.18.1/STM32CubeIDE/plugins/com.st.stm32cube.ide.mcu.externaltools.gnu-tools-for-stm32.13.3.rel1.win32_1.0.0.202411081344/tools/bin/../lib/gcc/arm-none-eabi/13.3.1/thumb/v7e-m+dp/hard\libgcc.a(_aeabi_uldivmod.o)
                0x08000380                __aeabi_uldivmod
 .text          0x080003b0      0x2f8 C:/ST/STM32CubeIDE_1.18.1/STM32CubeIDE/plugins/com.st.stm32cube.ide.mcu.externaltools.gnu-tools-for-stm32.13.3.rel1.win32_1.0.0.202411081344/tools/bin/../lib/gcc/arm-none-eabi/13.3.1/thumb/v7e-m+dp/hard\libgcc.a(_udivmoddi4.o)
                0x080003b0                __udivmoddi4
 .text          0x080006a8        0x4 C:/ST/STM32CubeIDE_1.18.1/STM32CubeIDE/plugins/com.st.stm32cube.ide.mcu.externaltools.gnu-tools-for-stm32.13.3.rel1.win32_1.0.0.202411081344/tools/bin/../lib/gcc/arm-none-eabi/13.3.1/thumb/v7e-m+dp/hard\libgcc.a(_dvmd_tls.o)
                0x080006a8                __aeabi_idiv0
                0x080006a8                __aeabi_ldiv0
 *(.text*)
 .text.UARTx_init
                0x080006ac       0x24 ./Core/App/UARTs/okuart.o
                0x080006ac                UARTx_init
 .text.UARTx_IRQHandler
                0x080006d0       0x56 ./Core/App/UARTs/okuart.o
                0x080006d0                UARTx_IRQHandler
 .text.UARTx_putc
                0x08000726       0x36 ./Core/App/UARTs/okuart.o
                0x08000726                UARTx_putc
 .text.UARTx_received
                0x0800075c        0xc ./Core/App/UARTs/okuart.o
                0x0800075c                UARTx_received
 .text.UARTx_getc
                0x08000768       0x1e ./Core/App/UARTs/okuart.o
                0x08000768                UARTx_getc
 *fill*         0x08000786        0x2 
 .text.UpdateKeySet
                0x08000788       0x1c ./Core/App/app.o
 .text.BCItransmit
                0x080007a4       0x20 ./Core/App/app.o
 .text.BoilerHandler
                0x080007c4        0x2 ./Core/App/app.o
 *fill*         0x080007c6        0x2 
 .text.USART3_IRQHandler
                0x080007c8        0xc ./Core/App/app.o
                0x080007c8                USART3_IRQHandler
 .text.UART_putc
                0x080007d4        0xc ./Core/App/app.o
                0x080007d4                UART_putc
 .text.uartCharOutput
                0x080007e0        0x4 ./Core/App/app.o
 .text.UART_getc
                0x080007e4       0x10 ./Core/App/app.o
                0x080007e4                UART_getc
 .text.UART_received
                0x080007f4       0x10 ./Core/App/app.o
                0x080007f4                UART_received
 .text.StopVMthread
                0x08000804        0x2 ./Core/App/app.o
                0x08000804                StopVMthread
 *fill*         0x08000806        0x2 
 .text.BCIsendChar
                0x08000808       0x18 ./Core/App/app.o
                0x08000808                BCIsendChar
 .text.BCIsendInit
                0x08000820       0x24 ./Core/App/app.o
                0x08000820                BCIsendInit
 .text.BCIsendFinal
                0x08000844       0x18 ./Core/App/app.o
                0x08000844                BCIsendFinal
 .text.get8debug
                0x0800085c        0x2 ./Core/App/app.o
                0x0800085c                get8debug
 *fill*         0x0800085e        0x2 
 .text.TargetInit
                0x08000860       0xb0 ./Core/App/app.o
                0x08000860                TargetInit
 .text.ApplicationStep
                0x08000910       0x54 ./Core/App/app.o
                0x08000910                ApplicationStep
 .text.ApplicationInit
                0x08000964       0x3c ./Core/App/app.o
                0x08000964                ApplicationInit
 .text.moleTRNG
                0x080009a0       0x1c ./Core/App/app.o
                0x080009a0                moleTRNG
 .text.TIM2_IRQHandler
                0x080009bc       0x1c ./Core/App/app.o
                0x080009bc                TIM2_IRQHandler
 .text.get8     0x080009d8       0x28 ./Core/App/bci/bci.o
 .text.get32    0x08000a00       0x18 ./Core/App/bci/bci.o
 .text.put32    0x08000a18       0x1e ./Core/App/bci/bci.o
 .text.put8.isra.0
                0x08000a36        0x4 ./Core/App/bci/bci.o
 *fill*         0x08000a3a        0x2 
 .text.BCIhandler
                0x08000a3c      0x350 ./Core/App/bci/bci.o
                0x08000a3c                BCIhandler
 .text.API_Emit
                0x08000d8c       0x76 ./Core/App/bci/bciHW.o
                0x08000d8c                API_Emit
 .text.API_umstar
                0x08000e02        0xe ./Core/App/bci/bciHW.o
                0x08000e02                API_umstar
 .text.API_mudivmod
                0x08000e10       0x22 ./Core/App/bci/bciHW.o
                0x08000e10                API_mudivmod
 *fill*         0x08000e32        0x2 
 .text.CRC32    0x08000e34       0x14 ./Core/App/bci/bciHW.o
                0x08000e34                CRC32
 .text.API_NVMbeginRead
                0x08000e48        0x4 ./Core/App/bci/bciHW.o
                0x08000e48                API_NVMbeginRead
 .text.API_NVMbeginWrite
                0x08000e4c        0x4 ./Core/App/bci/bciHW.o
                0x08000e4c                API_NVMbeginWrite
 .text.API_NVMread
                0x08000e50        0x4 ./Core/App/bci/bciHW.o
                0x08000e50                API_NVMread
 .text.API_NVMwrite
                0x08000e54        0x4 ./Core/App/bci/bciHW.o
                0x08000e54                API_NVMwrite
 .text.API_NVMendRW
                0x08000e58        0x4 ./Core/App/bci/bciHW.o
                0x08000e58                API_NVMendRW
 .text.API_NVMID
                0x08000e5c        0x4 ./Core/App/bci/bciHW.o
                0x08000e5c                API_NVMID
 .text.BCIVMioRead
                0x08000e60        0x6 ./Core/App/bci/bciHW.o
                0x08000e60                BCIVMioRead
 .text.BCIVMioWrite
                0x08000e66        0x6 ./Core/App/bci/bciHW.o
                0x08000e66                BCIVMioWrite
 .text.FlashUnlock
                0x08000e6c        0x2 ./Core/App/bci/bciHW.o
                0x08000e6c                FlashUnlock
 .text.FlashLock
                0x08000e6e        0x2 ./Core/App/bci/bciHW.o
                0x08000e6e                FlashLock
 .text.FlashErase
                0x08000e70        0x2 ./Core/App/bci/bciHW.o
                0x08000e70                FlashErase
 .text.FlashWrite
                0x08000e72        0x4 ./Core/App/bci/bciHW.o
                0x08000e72                FlashWrite
 .text.API_LCDraw
                0x08000e76        0x4 ./Core/App/bci/bciHW.o
                0x08000e76                API_LCDraw
 .text.API_LCDparm
                0x08000e7a        0x4 ./Core/App/bci/bciHW.o
                0x08000e7a                API_LCDparm
 .text.API_LCDparmSet
                0x08000e7e        0x4 ./Core/App/bci/bciHW.o
                0x08000e7e                API_LCDparmSet
 .text.API_LCDchar
                0x08000e82        0x4 ./Core/App/bci/bciHW.o
                0x08000e82                API_LCDchar
 .text.API_LCDcharWidth
                0x08000e86        0x4 ./Core/App/bci/bciHW.o
                0x08000e86                API_LCDcharWidth
 .text.API_LCDfill
                0x08000e8a        0x4 ./Core/App/bci/bciHW.o
                0x08000e8a                API_LCDfill
 *fill*         0x08000e8e        0x2 
 .text.API_Milliseconds
                0x08000e90        0xc ./Core/App/bci/bciHW.o
                0x08000e90                API_Milliseconds
 .text.API_Buttons
                0x08000e9c       0x14 ./Core/App/bci/bciHW.o
                0x08000e9c                API_Buttons
 .text.API_CRC32
                0x08000eb0       0x18 ./Core/App/bci/bciHW.o
                0x08000eb0                API_CRC32
 .text.VMdupData
                0x08000ec8       0x1c ./Core/App/bci/vm.o
 .text.VMpopReturn
                0x08000ee4       0x1e ./Core/App/bci/vm.o
 .text.VMreadCell
                0x08000f02       0x36 ./Core/App/bci/vm.o
                0x08000f02                VMreadCell
 .text.VMwriteCell
                0x08000f38       0x14 ./Core/App/bci/vm.o
                0x08000f38                VMwriteCell
 .text.VMpushData
                0x08000f4c        0xa ./Core/App/bci/vm.o
                0x08000f4c                VMpushData
 .text.VMpopData
                0x08000f56       0x22 ./Core/App/bci/vm.o
                0x08000f56                VMpopData
 .text.VMstep   0x08000f78      0x38c ./Core/App/bci/vm.o
                0x08000f78                VMstep
 .text.VMsteps  0x08001304       0x1a ./Core/App/bci/vm.o
                0x08001304                VMsteps
 .text.VMgetRP  0x0800131e        0x6 ./Core/App/bci/vm.o
                0x0800131e                VMgetRP
 .text.VMgetSP  0x08001324        0x6 ./Core/App/bci/vm.o
                0x08001324                VMgetSP
 *fill*         0x0800132a        0x2 
 .text.VMreset  0x0800132c       0x40 ./Core/App/bci/vm.o
                0x0800132c                VMreset
 .text.blake2s_compress
                0x0800136c      0x1a8 ./Core/App/mole/blake2s.o
 .text.b2s_hmac_putc
                0x08001514       0x36 ./Core/App/mole/blake2s.o
                0x08001514                b2s_hmac_putc
 .text.b2s_hmac_putc_g
                0x0800154a        0x4 ./Core/App/mole/blake2s.o
                0x0800154a                b2s_hmac_putc_g
 *fill*         0x0800154e        0x2 
 .text.b2s_hmac_final
                0x08001550       0xa0 ./Core/App/mole/blake2s.o
                0x08001550                b2s_hmac_final
 .text.b2s_hmac_final_g
                0x080015f0        0x4 ./Core/App/mole/blake2s.o
                0x080015f0                b2s_hmac_final_g
 .text.b2s_hmac_puts
                0x080015f4       0x1c ./Core/App/mole/blake2s.o
                0x080015f4                b2s_hmac_puts
 .text.b2s_hmac_init
                0x08001610       0xf4 ./Core/App/mole/blake2s.o
                0x08001610                b2s_hmac_init
 .text.b2s_hmac_init_g
                0x08001704        0x4 ./Core/App/mole/blake2s.o
                0x08001704                b2s_hmac_init_g
 .text.SendByteU
                0x08001708       0x38 ./Core/App/mole/mole.o
 .text.SendByte
                0x08001740       0x16 ./Core/App/mole/mole.o
 .text.SendEnd  0x08001756       0x10 ./Core/App/mole/mole.o
 .text.SendBoiler
                0x08001766       0x36 ./Core/App/mole/mole.o
 .text.SendHeader
                0x0800179c       0x2c ./Core/App/mole/mole.o
 .text.SendAsHash
                0x080017c8       0x22 ./Core/App/mole/mole.o
 .text.SendTxHash
                0x080017ea       0x5e ./Core/App/mole/mole.o
 .text.testHMAC
                0x08001848       0x12 ./Core/App/mole/mole.o
 *fill*         0x0800185a        0x2 
 .text.testKey  0x0800185c       0x4c ./Core/App/mole/mole.o
 .text.KDF.part.0
                0x080018a8       0x94 ./Core/App/mole/mole.o
 .text.SendBlock
                0x0800193c       0x1a ./Core/App/mole/mole.o
 .text.SendTxBuf
                0x08001956       0x20 ./Core/App/mole/mole.o
 .text.moleSendMsg
                0x08001976       0x5a ./Core/App/mole/mole.o
 .text.SendIV   0x080019d0       0x8c ./Core/App/mole/mole.o
 .text.moleNewKeys
                0x08001a5c       0x5e ./Core/App/mole/mole.o
                0x08001a5c                moleNewKeys
 *fill*         0x08001aba        0x2 
 .text.moleNoPorts
                0x08001abc       0x20 ./Core/App/mole/mole.o
                0x08001abc                moleNoPorts
 .text.moleAddPort
                0x08001adc      0x128 ./Core/App/mole/mole.o
                0x08001adc                moleAddPort
 .text.molePair
                0x08001c04       0x22 ./Core/App/mole/mole.o
                0x08001c04                molePair
 .text.moleAvail
                0x08001c26       0x18 ./Core/App/mole/mole.o
                0x08001c26                moleAvail
 .text.molePutc
                0x08001c3e      0x32e ./Core/App/mole/mole.o
                0x08001c3e                molePutc
 .text.moleSend
                0x08001f6c        0xc ./Core/App/mole/mole.o
                0x08001f6c                moleSend
 .text.doRounds
                0x08001f78       0xcc ./Core/App/mole/xchacha.o
 .text.u8tou32  0x08002044        0x4 ./Core/App/mole/xchacha.o
 .text.xchacha_hchacha20
                0x08002048       0x98 ./Core/App/mole/xchacha.o
                0x08002048                xchacha_hchacha20
 .text.xchacha_init
                0x080020e0       0x78 ./Core/App/mole/xchacha.o
                0x080020e0                xchacha_init
 .text.xchacha_next
                0x08002158       0xac ./Core/App/mole/xchacha.o
                0x08002158                xchacha_next
 .text.xchacha_encrypt_bytes
                0x08002204       0x28 ./Core/App/mole/xchacha.o
                0x08002204                xchacha_encrypt_bytes
 .text.xc_crypt_init
                0x0800222c       0x34 ./Core/App/mole/xchacha.o
                0x0800222c                xc_crypt_init
 .text.xc_crypt_init_g
                0x08002260        0x4 ./Core/App/mole/xchacha.o
                0x08002260                xc_crypt_init_g
 .text.xc_crypt_block
                0x08002264       0x16 ./Core/App/mole/xchacha.o
                0x08002264                xc_crypt_block
 .text.xc_crypt_block_g
                0x0800227a        0x4 ./Core/App/mole/xchacha.o
                0x0800227a                xc_crypt_block_g
 *fill*         0x0800227e        0x2 
 .text.SystemClock_Config
                0x08002280       0xbc ./Core/Src/main.o
                0x08002280                SystemClock_Config
 .text.startup.main
                0x0800233c      0x620 ./Core/Src/main.o
                0x0800233c                main
 .text.HAL_TIM_PeriodElapsedCallback
                0x0800295c       0x14 ./Core/Src/main.o
                0x0800295c                HAL_TIM_PeriodElapsedCallback
 .text.BSP_PB_Callback
                0x08002970       0x10 ./Core/Src/main.o
                0x08002970                BSP_PB_Callback
 .text.Error_Handler
                0x08002980        0x4 ./Core/Src/main.o
                0x08002980                Error_Handler
 .text.HAL_MspInit
                0x08002984       0x24 ./Core/Src/stm32h7xx_hal_msp.o
                0x08002984                HAL_MspInit
 .text.HAL_CRC_MspInit
                0x080029a8       0x30 ./Core/Src/stm32h7xx_hal_msp.o
                0x080029a8                HAL_CRC_MspInit
 .text.HAL_HRTIM_MspInit
                0x080029d8       0x9c ./Core/Src/stm32h7xx_hal_msp.o
                0x080029d8                HAL_HRTIM_MspInit
 .text.HAL_HRTIM_MspPostInit
                0x08002a74       0xe8 ./Core/Src/stm32h7xx_hal_msp.o
                0x08002a74                HAL_HRTIM_MspPostInit
 .text.HAL_RNG_MspInit
                0x08002b5c       0x64 ./Core/Src/stm32h7xx_hal_msp.o
                0x08002b5c                HAL_RNG_MspInit
 .text.HAL_SPI_MspInit
                0x08002bc0       0x94 ./Core/Src/stm32h7xx_hal_msp.o
                0x08002bc0                HAL_SPI_MspInit
 .text.HAL_TIM_Base_MspInit
                0x08002c54       0x2c ./Core/Src/stm32h7xx_hal_msp.o
                0x08002c54                HAL_TIM_Base_MspInit
 .text.HAL_UART_MspInit
                0x08002c80       0x94 ./Core/Src/stm32h7xx_hal_msp.o
                0x08002c80                HAL_UART_MspInit
 .text.HAL_InitTick
                0x08002d14       0x90 ./Core/Src/stm32h7xx_hal_timebase_tim.o
                0x08002d14                HAL_InitTick
 .text.NMI_Handler
                0x08002da4        0x2 ./Core/Src/stm32h7xx_it.o
                0x08002da4                NMI_Handler
 .text.HardFault_Handler
                0x08002da6        0x2 ./Core/Src/stm32h7xx_it.o
                0x08002da6                HardFault_Handler
 .text.MemManage_Handler
                0x08002da8        0x2 ./Core/Src/stm32h7xx_it.o
                0x08002da8                MemManage_Handler
 .text.BusFault_Handler
                0x08002daa        0x2 ./Core/Src/stm32h7xx_it.o
                0x08002daa                BusFault_Handler
 .text.UsageFault_Handler
                0x08002dac        0x2 ./Core/Src/stm32h7xx_it.o
                0x08002dac                UsageFault_Handler
 .text.SVC_Handler
                0x08002dae        0x2 ./Core/Src/stm32h7xx_it.o
                0x08002dae                SVC_Handler
 .text.DebugMon_Handler
                0x08002db0        0x2 ./Core/Src/stm32h7xx_it.o
                0x08002db0                DebugMon_Handler
 .text.PendSV_Handler
                0x08002db2        0x2 ./Core/Src/stm32h7xx_it.o
                0x08002db2                PendSV_Handler
 .text.SysTick_Handler
                0x08002db4        0x2 ./Core/Src/stm32h7xx_it.o
                0x08002db4                SysTick_Handler
 .text.EXTI15_10_IRQHandler
                0x08002db6        0x6 ./Core/Src/stm32h7xx_it.o
                0x08002db6                EXTI15_10_IRQHandler
 .text.HASH_RNG_IRQHandler
                0x08002dbc        0xc ./Core/Src/stm32h7xx_it.o
                0x08002dbc                HASH_RNG_IRQHandler
 .text.TIM17_IRQHandler
                0x08002dc8        0xc ./Core/Src/stm32h7xx_it.o
                0x08002dc8                TIM17_IRQHandler
 .text._getpid  0x08002dd4        0x4 ./Core/Src/syscalls.o
                0x08002dd4                _getpid
 .text._kill    0x08002dd8       0x10 ./Core/Src/syscalls.o
                0x08002dd8                _kill
 .text._exit    0x08002de8        0xc ./Core/Src/syscalls.o
                0x08002de8                _exit
 .text._read    0x08002df4       0x1c ./Core/Src/syscalls.o
                0x08002df4                _read
 .text._write   0x08002e10       0x1c ./Core/Src/syscalls.o
                0x08002e10                _write
 .text._close   0x08002e2c        0x6 ./Core/Src/syscalls.o
                0x08002e2c                _close
 .text._fstat   0x08002e32        0xa ./Core/Src/syscalls.o
                0x08002e32                _fstat
 .text._isatty  0x08002e3c        0x4 ./Core/Src/syscalls.o
                0x08002e3c                _isatty
 .text._lseek   0x08002e40        0x4 ./Core/Src/syscalls.o
                0x08002e40                _lseek
 .text._sbrk    0x08002e44       0x40 ./Core/Src/sysmem.o
                0x08002e44                _sbrk
 .text.SystemInit
                0x08002e84       0xe4 ./Core/Src/system_stm32h7xx.o
                0x08002e84                SystemInit
 .text.ExitRun0Mode
                0x08002f68       0x18 ./Core/Src/system_stm32h7xx.o
                0x08002f68                ExitRun0Mode
 .text.Reset_Handler
                0x08002f80       0x54 ./Core/Startup/startup_stm32h753zitx.o
                0x08002f80                Reset_Handler
 .text.Default_Handler
                0x08002fd4        0x2 ./Core/Startup/startup_stm32h753zitx.o
                0x08002fd4                RTC_Alarm_IRQHandler
                0x08002fd4                EXTI2_IRQHandler
                0x08002fd4                TIM8_CC_IRQHandler
                0x08002fd4                HRTIM1_Master_IRQHandler
                0x08002fd4                UART8_IRQHandler
                0x08002fd4                SPI4_IRQHandler
                0x08002fd4                TIM1_CC_IRQHandler
                0x08002fd4                BDMA_Channel6_IRQHandler
                0x08002fd4                DMA2_Stream5_IRQHandler
                0x08002fd4                HRTIM1_FLT_IRQHandler
                0x08002fd4                JPEG_IRQHandler
                0x08002fd4                DMA1_Stream5_IRQHandler
                0x08002fd4                BDMA_Channel1_IRQHandler
                0x08002fd4                HRTIM1_TIMD_IRQHandler
                0x08002fd4                TAMP_STAMP_IRQHandler
                0x08002fd4                EXTI3_IRQHandler
                0x08002fd4                LPTIM4_IRQHandler
                0x08002fd4                TIM8_TRG_COM_TIM14_IRQHandler
                0x08002fd4                LPTIM2_IRQHandler
                0x08002fd4                DFSDM1_FLT1_IRQHandler
                0x08002fd4                DMAMUX2_OVR_IRQHandler
                0x08002fd4                TIM8_UP_TIM13_IRQHandler
                0x08002fd4                I2C3_ER_IRQHandler
                0x08002fd4                DFSDM1_FLT2_IRQHandler
                0x08002fd4                MDMA_IRQHandler
                0x08002fd4                LPTIM3_IRQHandler
                0x08002fd4                HSEM1_IRQHandler
                0x08002fd4                EXTI0_IRQHandler
                0x08002fd4                I2C2_EV_IRQHandler
                0x08002fd4                DMA1_Stream2_IRQHandler
                0x08002fd4                FPU_IRQHandler
                0x08002fd4                OTG_HS_WKUP_IRQHandler
                0x08002fd4                FDCAN1_IT1_IRQHandler
                0x08002fd4                LTDC_ER_IRQHandler
                0x08002fd4                DMA2_Stream2_IRQHandler
                0x08002fd4                HRTIM1_TIME_IRQHandler
                0x08002fd4                SPI1_IRQHandler
                0x08002fd4                TIM6_DAC_IRQHandler
                0x08002fd4                DCMI_IRQHandler
                0x08002fd4                HRTIM1_TIMC_IRQHandler
                0x08002fd4                DMA2_Stream3_IRQHandler
                0x08002fd4                SAI2_IRQHandler
                0x08002fd4                DFSDM1_FLT3_IRQHandler
                0x08002fd4                USART6_IRQHandler
                0x08002fd4                BDMA_Channel7_IRQHandler
                0x08002fd4                CRYP_IRQHandler
                0x08002fd4                LPTIM5_IRQHandler
                0x08002fd4                UART5_IRQHandler
                0x08002fd4                ADC3_IRQHandler
                0x08002fd4                DMA2_Stream0_IRQHandler
                0x08002fd4                TIM4_IRQHandler
                0x08002fd4                BDMA_Channel2_IRQHandler
                0x08002fd4                QUADSPI_IRQHandler
                0x08002fd4                I2C1_EV_IRQHandler
                0x08002fd4                DMA1_Stream6_IRQHandler
                0x08002fd4                DMAMUX1_OVR_IRQHandler
                0x08002fd4                DMA1_Stream1_IRQHandler
                0x08002fd4                TIM16_IRQHandler
                0x08002fd4                UART4_IRQHandler
                0x08002fd4                BDMA_Channel5_IRQHandler
                0x08002fd4                TIM3_IRQHandler
                0x08002fd4                RCC_IRQHandler
                0x08002fd4                TIM8_BRK_TIM12_IRQHandler
                0x08002fd4                TIM1_TRG_COM_IRQHandler
                0x08002fd4                Default_Handler
                0x08002fd4                ECC_IRQHandler
                0x08002fd4                CEC_IRQHandler
                0x08002fd4                BDMA_Channel0_IRQHandler
                0x08002fd4                ADC_IRQHandler
                0x08002fd4                DMA1_Stream7_IRQHandler
                0x08002fd4                HRTIM1_TIMA_IRQHandler
                0x08002fd4                SPI5_IRQHandler
                0x08002fd4                TIM7_IRQHandler
                0x08002fd4                SDMMC1_IRQHandler
                0x08002fd4                TIM5_IRQHandler
                0x08002fd4                DMA2_Stream7_IRQHandler
                0x08002fd4                TIM15_IRQHandler
                0x08002fd4                PVD_AVD_IRQHandler
                0x08002fd4                I2C3_EV_IRQHandler
                0x08002fd4                EXTI9_5_IRQHandler
                0x08002fd4                RTC_WKUP_IRQHandler
                0x08002fd4                LTDC_IRQHandler
                0x08002fd4                SAI3_IRQHandler
                0x08002fd4                ETH_WKUP_IRQHandler
                0x08002fd4                SPDIF_RX_IRQHandler
                0x08002fd4                SPI2_IRQHandler
                0x08002fd4                OTG_HS_EP1_IN_IRQHandler
                0x08002fd4                DMA1_Stream0_IRQHandler
                0x08002fd4                CRS_IRQHandler
                0x08002fd4                EXTI4_IRQHandler
                0x08002fd4                HRTIM1_TIMB_IRQHandler
                0x08002fd4                FDCAN2_IT1_IRQHandler
                0x08002fd4                ETH_IRQHandler
                0x08002fd4                TIM1_UP_IRQHandler
                0x08002fd4                BDMA_Channel4_IRQHandler
                0x08002fd4                OTG_HS_EP1_OUT_IRQHandler
                0x08002fd4                WWDG_IRQHandler
                0x08002fd4                SPI6_IRQHandler
                0x08002fd4                MDIOS_IRQHandler
                0x08002fd4                I2C4_EV_IRQHandler
                0x08002fd4                FDCAN2_IT0_IRQHandler
                0x08002fd4                LPUART1_IRQHandler
                0x08002fd4                FDCAN1_IT0_IRQHandler
                0x08002fd4                OTG_FS_WKUP_IRQHandler
                0x08002fd4                OTG_HS_IRQHandler
                0x08002fd4                DMA2D_IRQHandler
                0x08002fd4                TIM1_BRK_IRQHandler
                0x08002fd4                EXTI1_IRQHandler
                0x08002fd4                SDMMC2_IRQHandler
                0x08002fd4                OTG_FS_EP1_OUT_IRQHandler
                0x08002fd4                BDMA_Channel3_IRQHandler
                0x08002fd4                UART7_IRQHandler
                0x08002fd4                MDIOS_WKUP_IRQHandler
                0x08002fd4                USART2_IRQHandler
                0x08002fd4                DFSDM1_FLT0_IRQHandler
                0x08002fd4                SAI4_IRQHandler
                0x08002fd4                I2C2_ER_IRQHandler
                0x08002fd4                DMA2_Stream1_IRQHandler
                0x08002fd4                FLASH_IRQHandler
                0x08002fd4                DMA2_Stream4_IRQHandler
                0x08002fd4                USART1_IRQHandler
                0x08002fd4                OTG_FS_IRQHandler
                0x08002fd4                SPI3_IRQHandler
                0x08002fd4                WAKEUP_PIN_IRQHandler
                0x08002fd4                DMA1_Stream4_IRQHandler
                0x08002fd4                OTG_FS_EP1_IN_IRQHandler
                0x08002fd4                I2C1_ER_IRQHandler
                0x08002fd4                FMC_IRQHandler
                0x08002fd4                FDCAN_CAL_IRQHandler
                0x08002fd4                SWPMI1_IRQHandler
                0x08002fd4                COMP1_IRQHandler
                0x08002fd4                LPTIM1_IRQHandler
                0x08002fd4                I2C4_ER_IRQHandler
                0x08002fd4                DMA2_Stream6_IRQHandler
                0x08002fd4                SAI1_IRQHandler
                0x08002fd4                DMA1_Stream3_IRQHandler
 *fill*         0x08002fd6        0x2 
 .text.BSP_LED_Init
                0x08002fd8       0x78 ./Drivers/BSP/STM32H7xx_Nucleo/stm32h7xx_nucleo.o
                0x08002fd8                BSP_LED_Init
 .text.BSP_LED_On
                0x08003050       0x2c ./Drivers/BSP/STM32H7xx_Nucleo/stm32h7xx_nucleo.o
                0x08003050                BSP_LED_On
 .text.BSP_LED_Toggle
                0x0800307c       0x28 ./Drivers/BSP/STM32H7xx_Nucleo/stm32h7xx_nucleo.o
                0x0800307c                BSP_LED_Toggle
 .text.BSP_PB_Init
                0x080030a4       0x8c ./Drivers/BSP/STM32H7xx_Nucleo/stm32h7xx_nucleo.o
                0x080030a4                BSP_PB_Init
 .text.BSP_PB_IRQHandler
                0x08003130       0x10 ./Drivers/BSP/STM32H7xx_Nucleo/stm32h7xx_nucleo.o
                0x08003130                BSP_PB_IRQHandler
 .text.BUTTON_USER_EXTI_Callback
                0x08003140        0xa ./Drivers/BSP/STM32H7xx_Nucleo/stm32h7xx_nucleo.o
 *fill*         0x0800314a        0x2 
 .text.HAL_Init
                0x0800314c       0x5c ./Drivers/STM32H7xx_HAL_Driver/Src/stm32h7xx_hal.o
                0x0800314c                HAL_Init
 .text.HAL_IncTick
                0x080031a8       0x18 ./Drivers/STM32H7xx_HAL_Driver/Src/stm32h7xx_hal.o
                0x080031a8                HAL_IncTick
 .text.HAL_GetTick
                0x080031c0        0xc ./Drivers/STM32H7xx_HAL_Driver/Src/stm32h7xx_hal.o
                0x080031c0                HAL_GetTick
 .text.HAL_Delay
                0x080031cc       0x24 ./Drivers/STM32H7xx_HAL_Driver/Src/stm32h7xx_hal.o
                0x080031cc                HAL_Delay
 .text.HAL_GetREVID
                0x080031f0        0xc ./Drivers/STM32H7xx_HAL_Driver/Src/stm32h7xx_hal.o
                0x080031f0                HAL_GetREVID
 .text.HAL_NVIC_SetPriorityGrouping
                0x080031fc       0x24 ./Drivers/STM32H7xx_HAL_Driver/Src/stm32h7xx_hal_cortex.o
                0x080031fc                HAL_NVIC_SetPriorityGrouping
 .text.HAL_NVIC_SetPriority
                0x08003220       0x64 ./Drivers/STM32H7xx_HAL_Driver/Src/stm32h7xx_hal_cortex.o
                0x08003220                HAL_NVIC_SetPriority
 .text.HAL_NVIC_EnableIRQ
                0x08003284       0x1c ./Drivers/STM32H7xx_HAL_Driver/Src/stm32h7xx_hal_cortex.o
                0x08003284                HAL_NVIC_EnableIRQ
 .text.CRC_Handle_8
                0x080032a0       0x5c ./Drivers/STM32H7xx_HAL_Driver/Src/stm32h7xx_hal_crc.o
 .text.CRC_Handle_16
                0x080032fc       0x2e ./Drivers/STM32H7xx_HAL_Driver/Src/stm32h7xx_hal_crc.o
 *fill*         0x0800332a        0x2 
 .text.HAL_CRC_Init
                0x0800332c       0x74 ./Drivers/STM32H7xx_HAL_Driver/Src/stm32h7xx_hal_crc.o
                0x0800332c                HAL_CRC_Init
 .text.HAL_CRC_Calculate
                0x080033a0       0x48 ./Drivers/STM32H7xx_HAL_Driver/Src/stm32h7xx_hal_crc.o
                0x080033a0                HAL_CRC_Calculate
 .text.HAL_CRCEx_Polynomial_Set
                0x080033e8       0x4e ./Drivers/STM32H7xx_HAL_Driver/Src/stm32h7xx_hal_crc_ex.o
                0x080033e8                HAL_CRCEx_Polynomial_Set
 .text.HAL_EXTI_RegisterCallback
                0x08003436        0xe ./Drivers/STM32H7xx_HAL_Driver/Src/stm32h7xx_hal_exti.o
                0x08003436                HAL_EXTI_RegisterCallback
 .text.HAL_EXTI_GetHandle
                0x08003444        0xc ./Drivers/STM32H7xx_HAL_Driver/Src/stm32h7xx_hal_exti.o
                0x08003444                HAL_EXTI_GetHandle
 .text.HAL_EXTI_IRQHandler
                0x08003450       0x28 ./Drivers/STM32H7xx_HAL_Driver/Src/stm32h7xx_hal_exti.o
                0x08003450                HAL_EXTI_IRQHandler
 .text.HAL_GPIO_Init
                0x08003478      0x1d0 ./Drivers/STM32H7xx_HAL_Driver/Src/stm32h7xx_hal_gpio.o
                0x08003478                HAL_GPIO_Init
 .text.HAL_GPIO_ReadPin
                0x08003648        0xc ./Drivers/STM32H7xx_HAL_Driver/Src/stm32h7xx_hal_gpio.o
                0x08003648                HAL_GPIO_ReadPin
 .text.HAL_GPIO_WritePin
                0x08003654        0xa ./Drivers/STM32H7xx_HAL_Driver/Src/stm32h7xx_hal_gpio.o
                0x08003654                HAL_GPIO_WritePin
 .text.HAL_GPIO_TogglePin
                0x0800365e       0x12 ./Drivers/STM32H7xx_HAL_Driver/Src/stm32h7xx_hal_gpio.o
                0x0800365e                HAL_GPIO_TogglePin
 .text.HRTIM_OutputConfig
                0x08003670       0xb4 ./Drivers/STM32H7xx_HAL_Driver/Src/stm32h7xx_hal_hrtim.o
 .text.HRTIM_EventConfig
                0x08003724      0x1f2 ./Drivers/STM32H7xx_HAL_Driver/Src/stm32h7xx_hal_hrtim.o
 *fill*         0x08003916        0x2 
 .text.HAL_HRTIM_Init
                0x08003918       0xb0 ./Drivers/STM32H7xx_HAL_Driver/Src/stm32h7xx_hal_hrtim.o
                0x08003918                HAL_HRTIM_Init
 .text.HAL_HRTIM_TimeBaseConfig
                0x080039c8       0x62 ./Drivers/STM32H7xx_HAL_Driver/Src/stm32h7xx_hal_hrtim.o
                0x080039c8                HAL_HRTIM_TimeBaseConfig
 .text.HAL_HRTIM_EventConfig
                0x08003a2a       0x32 ./Drivers/STM32H7xx_HAL_Driver/Src/stm32h7xx_hal_hrtim.o
                0x08003a2a                HAL_HRTIM_EventConfig
 .text.HAL_HRTIM_EventPrescalerConfig
                0x08003a5c       0x36 ./Drivers/STM32H7xx_HAL_Driver/Src/stm32h7xx_hal_hrtim.o
                0x08003a5c                HAL_HRTIM_EventPrescalerConfig
 .text.HAL_HRTIM_WaveformTimerConfig
                0x08003a92      0x21c ./Drivers/STM32H7xx_HAL_Driver/Src/stm32h7xx_hal_hrtim.o
                0x08003a92                HAL_HRTIM_WaveformTimerConfig
 *fill*         0x08003cae        0x2 
 .text.HAL_HRTIM_WaveformCompareConfig
                0x08003cb0      0x148 ./Drivers/STM32H7xx_HAL_Driver/Src/stm32h7xx_hal_hrtim.o
                0x08003cb0                HAL_HRTIM_WaveformCompareConfig
 .text.HAL_HRTIM_WaveformOutputConfig
                0x08003df8       0x32 ./Drivers/STM32H7xx_HAL_Driver/Src/stm32h7xx_hal_hrtim.o
                0x08003df8                HAL_HRTIM_WaveformOutputConfig
 .text.HAL_HRTIM_WaveformOutputStart
                0x08003e2a       0x2a ./Drivers/STM32H7xx_HAL_Driver/Src/stm32h7xx_hal_hrtim.o
                0x08003e2a                HAL_HRTIM_WaveformOutputStart
 .text.HAL_HRTIM_WaveformCountStart
                0x08003e54       0x26 ./Drivers/STM32H7xx_HAL_Driver/Src/stm32h7xx_hal_hrtim.o
                0x08003e54                HAL_HRTIM_WaveformCountStart
 *fill*         0x08003e7a        0x2 
 .text.HAL_PWREx_ConfigSupply
                0x08003e7c       0x48 ./Drivers/STM32H7xx_HAL_Driver/Src/stm32h7xx_hal_pwr_ex.o
                0x08003e7c                HAL_PWREx_ConfigSupply
 .text.HAL_RCC_OscConfig
                0x08003ec4      0x550 ./Drivers/STM32H7xx_HAL_Driver/Src/stm32h7xx_hal_rcc.o
                0x08003ec4                HAL_RCC_OscConfig
 .text.HAL_RCC_GetSysClockFreq
                0x08004414      0x144 ./Drivers/STM32H7xx_HAL_Driver/Src/stm32h7xx_hal_rcc.o
                0x08004414                HAL_RCC_GetSysClockFreq
 .text.HAL_RCC_ClockConfig
                0x08004558      0x24c ./Drivers/STM32H7xx_HAL_Driver/Src/stm32h7xx_hal_rcc.o
                0x08004558                HAL_RCC_ClockConfig
 .text.HAL_RCC_GetHCLKFreq
                0x080047a4       0x44 ./Drivers/STM32H7xx_HAL_Driver/Src/stm32h7xx_hal_rcc.o
                0x080047a4                HAL_RCC_GetHCLKFreq
 .text.HAL_RCC_GetPCLK1Freq
                0x080047e8       0x24 ./Drivers/STM32H7xx_HAL_Driver/Src/stm32h7xx_hal_rcc.o
                0x080047e8                HAL_RCC_GetPCLK1Freq
 .text.HAL_RCC_GetPCLK2Freq
                0x0800480c       0x24 ./Drivers/STM32H7xx_HAL_Driver/Src/stm32h7xx_hal_rcc.o
                0x0800480c                HAL_RCC_GetPCLK2Freq
 .text.HAL_RCC_GetClockConfig
                0x08004830       0x54 ./Drivers/STM32H7xx_HAL_Driver/Src/stm32h7xx_hal_rcc.o
                0x08004830                HAL_RCC_GetClockConfig
 .text.RCCEx_PLL2_Config
                0x08004884       0xec ./Drivers/STM32H7xx_HAL_Driver/Src/stm32h7xx_hal_rcc_ex.o
 .text.RCCEx_PLL3_Config
                0x08004970       0xec ./Drivers/STM32H7xx_HAL_Driver/Src/stm32h7xx_hal_rcc_ex.o
 .text.HAL_RCCEx_PeriphCLKConfig
                0x08004a5c      0x9cc ./Drivers/STM32H7xx_HAL_Driver/Src/stm32h7xx_hal_rcc_ex.o
                0x08004a5c                HAL_RCCEx_PeriphCLKConfig
 .text.HAL_RCCEx_GetD3PCLK1Freq
                0x08005428       0x24 ./Drivers/STM32H7xx_HAL_Driver/Src/stm32h7xx_hal_rcc_ex.o
                0x08005428                HAL_RCCEx_GetD3PCLK1Freq
 .text.HAL_RCCEx_GetPLL2ClockFreq
                0x0800544c      0x154 ./Drivers/STM32H7xx_HAL_Driver/Src/stm32h7xx_hal_rcc_ex.o
                0x0800544c                HAL_RCCEx_GetPLL2ClockFreq
 .text.HAL_RCCEx_GetPLL3ClockFreq
                0x080055a0      0x154 ./Drivers/STM32H7xx_HAL_Driver/Src/stm32h7xx_hal_rcc_ex.o
                0x080055a0                HAL_RCCEx_GetPLL3ClockFreq
 .text.HAL_RNG_Init
                0x080056f4       0x70 ./Drivers/STM32H7xx_HAL_Driver/Src/stm32h7xx_hal_rng.o
                0x080056f4                HAL_RNG_Init
 .text.HAL_RNG_ReadyDataCallback
                0x08005764        0x2 ./Drivers/STM32H7xx_HAL_Driver/Src/stm32h7xx_hal_rng.o
                0x08005764                HAL_RNG_ReadyDataCallback
 .text.HAL_RNG_ErrorCallback
                0x08005766        0x2 ./Drivers/STM32H7xx_HAL_Driver/Src/stm32h7xx_hal_rng.o
                0x08005766                HAL_RNG_ErrorCallback
 .text.HAL_RNG_IRQHandler
                0x08005768       0x68 ./Drivers/STM32H7xx_HAL_Driver/Src/stm32h7xx_hal_rng.o
                0x08005768                HAL_RNG_IRQHandler
 .text.SPI_CloseTransfer
                0x080057d0       0xac ./Drivers/STM32H7xx_HAL_Driver/Src/stm32h7xx_hal_spi.o
 .text.HAL_SPI_Init
                0x0800587c      0x148 ./Drivers/STM32H7xx_HAL_Driver/Src/stm32h7xx_hal_spi.o
                0x0800587c                HAL_SPI_Init
 .text.HAL_SPI_Transmit
                0x080059c4      0x234 ./Drivers/STM32H7xx_HAL_Driver/Src/stm32h7xx_hal_spi.o
                0x080059c4                HAL_SPI_Transmit
 .text.TIM_OC1_SetConfig
                0x08005bf8       0x74 ./Drivers/STM32H7xx_HAL_Driver/Src/stm32h7xx_hal_tim.o
 .text.TIM_OC3_SetConfig
                0x08005c6c       0x80 ./Drivers/STM32H7xx_HAL_Driver/Src/stm32h7xx_hal_tim.o
 .text.TIM_OC4_SetConfig
                0x08005cec       0x68 ./Drivers/STM32H7xx_HAL_Driver/Src/stm32h7xx_hal_tim.o
 .text.TIM_OC5_SetConfig
                0x08005d54       0x68 ./Drivers/STM32H7xx_HAL_Driver/Src/stm32h7xx_hal_tim.o
 .text.TIM_OC6_SetConfig
                0x08005dbc       0x68 ./Drivers/STM32H7xx_HAL_Driver/Src/stm32h7xx_hal_tim.o
 .text.HAL_TIM_Base_Start_IT
                0x08005e24       0x7c ./Drivers/STM32H7xx_HAL_Driver/Src/stm32h7xx_hal_tim.o
                0x08005e24                HAL_TIM_Base_Start_IT
 .text.HAL_TIM_PWM_MspInit
                0x08005ea0        0x2 ./Drivers/STM32H7xx_HAL_Driver/Src/stm32h7xx_hal_tim.o
                0x08005ea0                HAL_TIM_PWM_MspInit
 .text.HAL_TIM_OC_DelayElapsedCallback
                0x08005ea2        0x2 ./Drivers/STM32H7xx_HAL_Driver/Src/stm32h7xx_hal_tim.o
                0x08005ea2                HAL_TIM_OC_DelayElapsedCallback
 .text.HAL_TIM_IC_CaptureCallback
                0x08005ea4        0x2 ./Drivers/STM32H7xx_HAL_Driver/Src/stm32h7xx_hal_tim.o
                0x08005ea4                HAL_TIM_IC_CaptureCallback
 .text.HAL_TIM_PWM_PulseFinishedCallback
                0x08005ea6        0x2 ./Drivers/STM32H7xx_HAL_Driver/Src/stm32h7xx_hal_tim.o
                0x08005ea6                HAL_TIM_PWM_PulseFinishedCallback
 .text.HAL_TIM_TriggerCallback
                0x08005ea8        0x2 ./Drivers/STM32H7xx_HAL_Driver/Src/stm32h7xx_hal_tim.o
                0x08005ea8                HAL_TIM_TriggerCallback
 .text.HAL_TIM_IRQHandler
                0x08005eaa      0x140 ./Drivers/STM32H7xx_HAL_Driver/Src/stm32h7xx_hal_tim.o
                0x08005eaa                HAL_TIM_IRQHandler
 *fill*         0x08005fea        0x2 
 .text.TIM_Base_SetConfig
                0x08005fec       0xa8 ./Drivers/STM32H7xx_HAL_Driver/Src/stm32h7xx_hal_tim.o
                0x08005fec                TIM_Base_SetConfig
 .text.HAL_TIM_Base_Init
                0x08006094       0x60 ./Drivers/STM32H7xx_HAL_Driver/Src/stm32h7xx_hal_tim.o
                0x08006094                HAL_TIM_Base_Init
 .text.HAL_TIM_PWM_Init
                0x080060f4       0x60 ./Drivers/STM32H7xx_HAL_Driver/Src/stm32h7xx_hal_tim.o
                0x080060f4                HAL_TIM_PWM_Init
 .text.TIM_OC2_SetConfig
                0x08006154       0x80 ./Drivers/STM32H7xx_HAL_Driver/Src/stm32h7xx_hal_tim.o
                0x08006154                TIM_OC2_SetConfig
 .text.HAL_TIM_PWM_ConfigChannel
                0x080061d4       0xf8 ./Drivers/STM32H7xx_HAL_Driver/Src/stm32h7xx_hal_tim.o
                0x080061d4                HAL_TIM_PWM_ConfigChannel
 .text.TIM_ETR_SetConfig
                0x080062cc       0x14 ./Drivers/STM32H7xx_HAL_Driver/Src/stm32h7xx_hal_tim.o
                0x080062cc                TIM_ETR_SetConfig
 .text.HAL_TIM_ConfigClockSource
                0x080062e0      0x178 ./Drivers/STM32H7xx_HAL_Driver/Src/stm32h7xx_hal_tim.o
                0x080062e0                HAL_TIM_ConfigClockSource
 .text.HAL_TIMEx_MasterConfigSynchronization
                0x08006458       0x94 ./Drivers/STM32H7xx_HAL_Driver/Src/stm32h7xx_hal_tim_ex.o
                0x08006458                HAL_TIMEx_MasterConfigSynchronization
 .text.HAL_TIMEx_CommutCallback
                0x080064ec        0x2 ./Drivers/STM32H7xx_HAL_Driver/Src/stm32h7xx_hal_tim_ex.o
                0x080064ec                HAL_TIMEx_CommutCallback
 .text.HAL_TIMEx_BreakCallback
                0x080064ee        0x2 ./Drivers/STM32H7xx_HAL_Driver/Src/stm32h7xx_hal_tim_ex.o
                0x080064ee                HAL_TIMEx_BreakCallback
 .text.HAL_TIMEx_Break2Callback
                0x080064f0        0x2 ./Drivers/STM32H7xx_HAL_Driver/Src/stm32h7xx_hal_tim_ex.o
                0x080064f0                HAL_TIMEx_Break2Callback
 *fill*         0x080064f2        0x2 
 .text.UART_EndRxTransfer
                0x080064f4       0x58 ./Drivers/STM32H7xx_HAL_Driver/Src/stm32h7xx_hal_uart.o
 .text.UART_SetConfig
                0x0800654c      0x2fc ./Drivers/STM32H7xx_HAL_Driver/Src/stm32h7xx_hal_uart.o
                0x0800654c                UART_SetConfig
 .text.UART_AdvFeatureConfig
                0x08006848       0xaa ./Drivers/STM32H7xx_HAL_Driver/Src/stm32h7xx_hal_uart.o
                0x08006848                UART_AdvFeatureConfig
 .text.UART_WaitOnFlagUntilTimeout
                0x080068f2       0x90 ./Drivers/STM32H7xx_HAL_Driver/Src/stm32h7xx_hal_uart.o
                0x080068f2                UART_WaitOnFlagUntilTimeout
 .text.UART_CheckIdleState
                0x08006982       0xb6 ./Drivers/STM32H7xx_HAL_Driver/Src/stm32h7xx_hal_uart.o
                0x08006982                UART_CheckIdleState
 .text.HAL_UART_Init
                0x08006a38       0x60 ./Drivers/STM32H7xx_HAL_Driver/Src/stm32h7xx_hal_uart.o
                0x08006a38                HAL_UART_Init
 .text.UARTEx_SetNbDataToProcess
                0x08006a98       0x44 ./Drivers/STM32H7xx_HAL_Driver/Src/stm32h7xx_hal_uart_ex.o
 .text.HAL_UARTEx_DisableFifoMode
                0x08006adc       0x36 ./Drivers/STM32H7xx_HAL_Driver/Src/stm32h7xx_hal_uart_ex.o
                0x08006adc                HAL_UARTEx_DisableFifoMode
 .text.HAL_UARTEx_SetTxFifoThreshold
                0x08006b12       0x40 ./Drivers/STM32H7xx_HAL_Driver/Src/stm32h7xx_hal_uart_ex.o
                0x08006b12                HAL_UARTEx_SetTxFifoThreshold
 .text.HAL_UARTEx_SetRxFifoThreshold
                0x08006b52       0x40 ./Drivers/STM32H7xx_HAL_Driver/Src/stm32h7xx_hal_uart_ex.o
                0x08006b52                HAL_UARTEx_SetRxFifoThreshold
 *fill*         0x08006b92        0x2 
 .text.rand     0x08006b94       0x7c C:/ST/STM32CubeIDE_1.18.1/STM32CubeIDE/plugins/com.st.stm32cube.ide.mcu.externaltools.gnu-tools-for-stm32.13.3.rel1.win32_1.0.0.202411081344/tools/bin/../lib/gcc/arm-none-eabi/13.3.1/../../../../arm-none-eabi/lib/thumb/v7e-m+dp/hard\libc_nano.a(libc_a-rand.o)
                0x08006b94                rand
 .text.std      0x08006c10       0x6c C:/ST/STM32CubeIDE_1.18.1/STM32CubeIDE/plugins/com.st.stm32cube.ide.mcu.externaltools.gnu-tools-for-stm32.13.3.rel1.win32_1.0.0.202411081344/tools/bin/../lib/gcc/arm-none-eabi/13.3.1/../../../../arm-none-eabi/lib/thumb/v7e-m+dp/hard\libc_nano.a(libc_a-findfp.o)
 .text.stdio_exit_handler
                0x08006c7c       0x18 C:/ST/STM32CubeIDE_1.18.1/STM32CubeIDE/plugins/com.st.stm32cube.ide.mcu.externaltools.gnu-tools-for-stm32.13.3.rel1.win32_1.0.0.202411081344/tools/bin/../lib/gcc/arm-none-eabi/13.3.1/../../../../arm-none-eabi/lib/thumb/v7e-m+dp/hard\libc_nano.a(libc_a-findfp.o)
 .text.cleanup_stdio
                0x08006c94       0x40 C:/ST/STM32CubeIDE_1.18.1/STM32CubeIDE/plugins/com.st.stm32cube.ide.mcu.externaltools.gnu-tools-for-stm32.13.3.rel1.win32_1.0.0.202411081344/tools/bin/../lib/gcc/arm-none-eabi/13.3.1/../../../../arm-none-eabi/lib/thumb/v7e-m+dp/hard\libc_nano.a(libc_a-findfp.o)
 .text.global_stdio_init.part.0
                0x08006cd4       0x3c C:/ST/STM32CubeIDE_1.18.1/STM32CubeIDE/plugins/com.st.stm32cube.ide.mcu.externaltools.gnu-tools-for-stm32.13.3.rel1.win32_1.0.0.202411081344/tools/bin/../lib/gcc/arm-none-eabi/13.3.1/../../../../arm-none-eabi/lib/thumb/v7e-m+dp/hard\libc_nano.a(libc_a-findfp.o)
 .text.__sfp_lock_acquire
                0x08006d10        0xc C:/ST/STM32CubeIDE_1.18.1/STM32CubeIDE/plugins/com.st.stm32cube.ide.mcu.externaltools.gnu-tools-for-stm32.13.3.rel1.win32_1.0.0.202411081344/tools/bin/../lib/gcc/arm-none-eabi/13.3.1/../../../../arm-none-eabi/lib/thumb/v7e-m+dp/hard\libc_nano.a(libc_a-findfp.o)
                0x08006d10                __sfp_lock_acquire
 .text.__sfp_lock_release
                0x08006d1c        0xc C:/ST/STM32CubeIDE_1.18.1/STM32CubeIDE/plugins/com.st.stm32cube.ide.mcu.externaltools.gnu-tools-for-stm32.13.3.rel1.win32_1.0.0.202411081344/tools/bin/../lib/gcc/arm-none-eabi/13.3.1/../../../../arm-none-eabi/lib/thumb/v7e-m+dp/hard\libc_nano.a(libc_a-findfp.o)
                0x08006d1c                __sfp_lock_release
 .text.__sinit  0x08006d28       0x30 C:/ST/STM32CubeIDE_1.18.1/STM32CubeIDE/plugins/com.st.stm32cube.ide.mcu.externaltools.gnu-tools-for-stm32.13.3.rel1.win32_1.0.0.202411081344/tools/bin/../lib/gcc/arm-none-eabi/13.3.1/../../../../arm-none-eabi/lib/thumb/v7e-m+dp/hard\libc_nano.a(libc_a-findfp.o)
                0x08006d28                __sinit
 .text._fwalk_sglue
                0x08006d58       0x3c C:/ST/STM32CubeIDE_1.18.1/STM32CubeIDE/plugins/com.st.stm32cube.ide.mcu.externaltools.gnu-tools-for-stm32.13.3.rel1.win32_1.0.0.202411081344/tools/bin/../lib/gcc/arm-none-eabi/13.3.1/../../../../arm-none-eabi/lib/thumb/v7e-m+dp/hard\libc_nano.a(libc_a-fwalk.o)
                0x08006d58                _fwalk_sglue
 .text.__sread  0x08006d94       0x22 C:/ST/STM32CubeIDE_1.18.1/STM32CubeIDE/plugins/com.st.stm32cube.ide.mcu.externaltools.gnu-tools-for-stm32.13.3.rel1.win32_1.0.0.202411081344/tools/bin/../lib/gcc/arm-none-eabi/13.3.1/../../../../arm-none-eabi/lib/thumb/v7e-m+dp/hard\libc_nano.a(libc_a-stdio.o)
                0x08006d94                __sread
 .text.__swrite
                0x08006db6       0x38 C:/ST/STM32CubeIDE_1.18.1/STM32CubeIDE/plugins/com.st.stm32cube.ide.mcu.externaltools.gnu-tools-for-stm32.13.3.rel1.win32_1.0.0.202411081344/tools/bin/../lib/gcc/arm-none-eabi/13.3.1/../../../../arm-none-eabi/lib/thumb/v7e-m+dp/hard\libc_nano.a(libc_a-stdio.o)
                0x08006db6                __swrite
 .text.__sseek  0x08006dee       0x24 C:/ST/STM32CubeIDE_1.18.1/STM32CubeIDE/plugins/com.st.stm32cube.ide.mcu.externaltools.gnu-tools-for-stm32.13.3.rel1.win32_1.0.0.202411081344/tools/bin/../lib/gcc/arm-none-eabi/13.3.1/../../../../arm-none-eabi/lib/thumb/v7e-m+dp/hard\libc_nano.a(libc_a-stdio.o)
                0x08006dee                __sseek
 .text.__sclose
                0x08006e12        0x8 C:/ST/STM32CubeIDE_1.18.1/STM32CubeIDE/plugins/com.st.stm32cube.ide.mcu.externaltools.gnu-tools-for-stm32.13.3.rel1.win32_1.0.0.202411081344/tools/bin/../lib/gcc/arm-none-eabi/13.3.1/../../../../arm-none-eabi/lib/thumb/v7e-m+dp/hard\libc_nano.a(libc_a-stdio.o)
                0x08006e12                __sclose
 .text.memcmp   0x08006e1a       0x20 C:/ST/STM32CubeIDE_1.18.1/STM32CubeIDE/plugins/com.st.stm32cube.ide.mcu.externaltools.gnu-tools-for-stm32.13.3.rel1.win32_1.0.0.202411081344/tools/bin/../lib/gcc/arm-none-eabi/13.3.1/../../../../arm-none-eabi/lib/thumb/v7e-m+dp/hard\libc_nano.a(libc_a-memcmp.o)
                0x08006e1a                memcmp
 .text.memset   0x08006e3a       0x10 C:/ST/STM32CubeIDE_1.18.1/STM32CubeIDE/plugins/com.st.stm32cube.ide.mcu.externaltools.gnu-tools-for-stm32.13.3.rel1.win32_1.0.0.202411081344/tools/bin/../lib/gcc/arm-none-eabi/13.3.1/../../../../arm-none-eabi/lib/thumb/v7e-m+dp/hard\libc_nano.a(libc_a-memset.o)
                0x08006e3a                memset
 *fill*         0x08006e4a        0x2 
 .text._close_r
                0x08006e4c       0x20 C:/ST/STM32CubeIDE_1.18.1/STM32CubeIDE/plugins/com.st.stm32cube.ide.mcu.externaltools.gnu-tools-for-stm32.13.3.rel1.win32_1.0.0.202411081344/tools/bin/../lib/gcc/arm-none-eabi/13.3.1/../../../../arm-none-eabi/lib/thumb/v7e-m+dp/hard\libc_nano.a(libc_a-closer.o)
                0x08006e4c                _close_r
 .text._lseek_r
                0x08006e6c       0x24 C:/ST/STM32CubeIDE_1.18.1/STM32CubeIDE/plugins/com.st.stm32cube.ide.mcu.externaltools.gnu-tools-for-stm32.13.3.rel1.win32_1.0.0.202411081344/tools/bin/../lib/gcc/arm-none-eabi/13.3.1/../../../../arm-none-eabi/lib/thumb/v7e-m+dp/hard\libc_nano.a(libc_a-lseekr.o)
                0x08006e6c                _lseek_r
 .text._read_r  0x08006e90       0x24 C:/ST/STM32CubeIDE_1.18.1/STM32CubeIDE/plugins/com.st.stm32cube.ide.mcu.externaltools.gnu-tools-for-stm32.13.3.rel1.win32_1.0.0.202411081344/tools/bin/../lib/gcc/arm-none-eabi/13.3.1/../../../../arm-none-eabi/lib/thumb/v7e-m+dp/hard\libc_nano.a(libc_a-readr.o)
                0x08006e90                _read_r
 .text._write_r
                0x08006eb4       0x24 C:/ST/STM32CubeIDE_1.18.1/STM32CubeIDE/plugins/com.st.stm32cube.ide.mcu.externaltools.gnu-tools-for-stm32.13.3.rel1.win32_1.0.0.202411081344/tools/bin/../lib/gcc/arm-none-eabi/13.3.1/../../../../arm-none-eabi/lib/thumb/v7e-m+dp/hard\libc_nano.a(libc_a-writer.o)
                0x08006eb4                _write_r
 .text.__errno  0x08006ed8        0xc C:/ST/STM32CubeIDE_1.18.1/STM32CubeIDE/plugins/com.st.stm32cube.ide.mcu.externaltools.gnu-tools-for-stm32.13.3.rel1.win32_1.0.0.202411081344/tools/bin/../lib/gcc/arm-none-eabi/13.3.1/../../../../arm-none-eabi/lib/thumb/v7e-m+dp/hard\libc_nano.a(libc_a-errno.o)
                0x08006ed8                __errno
 .text.__libc_init_array
                0x08006ee4       0x48 C:/ST/STM32CubeIDE_1.18.1/STM32CubeIDE/plugins/com.st.stm32cube.ide.mcu.externaltools.gnu-tools-for-stm32.13.3.rel1.win32_1.0.0.202411081344/tools/bin/../lib/gcc/arm-none-eabi/13.3.1/../../../../arm-none-eabi/lib/thumb/v7e-m+dp/hard\libc_nano.a(libc_a-init.o)
                0x08006ee4                __libc_init_array
 .text.__retarget_lock_init_recursive
                0x08006f2c        0x2 C:/ST/STM32CubeIDE_1.18.1/STM32CubeIDE/plugins/com.st.stm32cube.ide.mcu.externaltools.gnu-tools-for-stm32.13.3.rel1.win32_1.0.0.202411081344/tools/bin/../lib/gcc/arm-none-eabi/13.3.1/../../../../arm-none-eabi/lib/thumb/v7e-m+dp/hard\libc_nano.a(libc_a-lock.o)
                0x08006f2c                __retarget_lock_init_recursive
 .text.__retarget_lock_acquire_recursive
                0x08006f2e        0x2 C:/ST/STM32CubeIDE_1.18.1/STM32CubeIDE/plugins/com.st.stm32cube.ide.mcu.externaltools.gnu-tools-for-stm32.13.3.rel1.win32_1.0.0.202411081344/tools/bin/../lib/gcc/arm-none-eabi/13.3.1/../../../../arm-none-eabi/lib/thumb/v7e-m+dp/hard\libc_nano.a(libc_a-lock.o)
                0x08006f2e                __retarget_lock_acquire_recursive
 .text.__retarget_lock_release_recursive
                0x08006f30        0x2 C:/ST/STM32CubeIDE_1.18.1/STM32CubeIDE/plugins/com.st.stm32cube.ide.mcu.externaltools.gnu-tools-for-stm32.13.3.rel1.win32_1.0.0.202411081344/tools/bin/../lib/gcc/arm-none-eabi/13.3.1/../../../../arm-none-eabi/lib/thumb/v7e-m+dp/hard\libc_nano.a(libc_a-lock.o)
                0x08006f30                __retarget_lock_release_recursive
 .text.memcpy   0x08006f32       0x1c C:/ST/STM32CubeIDE_1.18.1/STM32CubeIDE/plugins/com.st.stm32cube.ide.mcu.externaltools.gnu-tools-for-stm32.13.3.rel1.win32_1.0.0.202411081344/tools/bin/../lib/gcc/arm-none-eabi/13.3.1/../../../../arm-none-eabi/lib/thumb/v7e-m+dp/hard\libc_nano.a(libc_a-memcpy-stub.o)
                0x08006f32                memcpy
 *fill*         0x08006f4e        0x2 
 .text.__assert_func
                0x08006f50       0x3c C:/ST/STM32CubeIDE_1.18.1/STM32CubeIDE/plugins/com.st.stm32cube.ide.mcu.externaltools.gnu-tools-for-stm32.13.3.rel1.win32_1.0.0.202411081344/tools/bin/../lib/gcc/arm-none-eabi/13.3.1/../../../../arm-none-eabi/lib/thumb/v7e-m+dp/hard\libc_nano.a(libc_a-assert.o)
                0x08006f50                __assert_func
 .text._free_r  0x08006f8c       0x94 C:/ST/STM32CubeIDE_1.18.1/STM32CubeIDE/plugins/com.st.stm32cube.ide.mcu.externaltools.gnu-tools-for-stm32.13.3.rel1.win32_1.0.0.202411081344/tools/bin/../lib/gcc/arm-none-eabi/13.3.1/../../../../arm-none-eabi/lib/thumb/v7e-m+dp/hard\libc_nano.a(libc_a-freer.o)
                0x08006f8c                _free_r
 .text.malloc   0x08007020       0x10 C:/ST/STM32CubeIDE_1.18.1/STM32CubeIDE/plugins/com.st.stm32cube.ide.mcu.externaltools.gnu-tools-for-stm32.13.3.rel1.win32_1.0.0.202411081344/tools/bin/../lib/gcc/arm-none-eabi/13.3.1/../../../../arm-none-eabi/lib/thumb/v7e-m+dp/hard\libc_nano.a(libc_a-malloc.o)
                0x08007020                malloc
 .text.sbrk_aligned
                0x08007030       0x44 C:/ST/STM32CubeIDE_1.18.1/STM32CubeIDE/plugins/com.st.stm32cube.ide.mcu.externaltools.gnu-tools-for-stm32.13.3.rel1.win32_1.0.0.202411081344/tools/bin/../lib/gcc/arm-none-eabi/13.3.1/../../../../arm-none-eabi/lib/thumb/v7e-m+dp/hard\libc_nano.a(libc_a-mallocr.o)
 .text._malloc_r
                0x08007074      0x100 C:/ST/STM32CubeIDE_1.18.1/STM32CubeIDE/plugins/com.st.stm32cube.ide.mcu.externaltools.gnu-tools-for-stm32.13.3.rel1.win32_1.0.0.202411081344/tools/bin/../lib/gcc/arm-none-eabi/13.3.1/../../../../arm-none-eabi/lib/thumb/v7e-m+dp/hard\libc_nano.a(libc_a-mallocr.o)
                0x08007074                _malloc_r
 .text.__malloc_lock
                0x08007174        0xc C:/ST/STM32CubeIDE_1.18.1/STM32CubeIDE/plugins/com.st.stm32cube.ide.mcu.externaltools.gnu-tools-for-stm32.13.3.rel1.win32_1.0.0.202411081344/tools/bin/../lib/gcc/arm-none-eabi/13.3.1/../../../../arm-none-eabi/lib/thumb/v7e-m+dp/hard\libc_nano.a(libc_a-mlock.o)
                0x08007174                __malloc_lock
 .text.__malloc_unlock
                0x08007180        0xc C:/ST/STM32CubeIDE_1.18.1/STM32CubeIDE/plugins/com.st.stm32cube.ide.mcu.externaltools.gnu-tools-for-stm32.13.3.rel1.win32_1.0.0.202411081344/tools/bin/../lib/gcc/arm-none-eabi/13.3.1/../../../../arm-none-eabi/lib/thumb/v7e-m+dp/hard\libc_nano.a(libc_a-mlock.o)
                0x08007180                __malloc_unlock
 .text.__sflush_r
                0x0800718c      0x108 C:/ST/STM32CubeIDE_1.18.1/STM32CubeIDE/plugins/com.st.stm32cube.ide.mcu.externaltools.gnu-tools-for-stm32.13.3.rel1.win32_1.0.0.202411081344/tools/bin/../lib/gcc/arm-none-eabi/13.3.1/../../../../arm-none-eabi/lib/thumb/v7e-m+dp/hard\libc_nano.a(libc_a-fflush.o)
                0x0800718c                __sflush_r
 .text._fflush_r
                0x08007294       0x50 C:/ST/STM32CubeIDE_1.18.1/STM32CubeIDE/plugins/com.st.stm32cube.ide.mcu.externaltools.gnu-tools-for-stm32.13.3.rel1.win32_1.0.0.202411081344/tools/bin/../lib/gcc/arm-none-eabi/13.3.1/../../../../arm-none-eabi/lib/thumb/v7e-m+dp/hard\libc_nano.a(libc_a-fflush.o)
                0x08007294                _fflush_r
 .text.fprintf  0x080072e4       0x24 C:/ST/STM32CubeIDE_1.18.1/STM32CubeIDE/plugins/com.st.stm32cube.ide.mcu.externaltools.gnu-tools-for-stm32.13.3.rel1.win32_1.0.0.202411081344/tools/bin/../lib/gcc/arm-none-eabi/13.3.1/../../../../arm-none-eabi/lib/thumb/v7e-m+dp/hard\libc_nano.a(libc_a-fprintf.o)
                0x080072e4                fiprintf
                0x080072e4                fprintf
 .text._sbrk_r  0x08007308       0x20 C:/ST/STM32CubeIDE_1.18.1/STM32CubeIDE/plugins/com.st.stm32cube.ide.mcu.externaltools.gnu-tools-for-stm32.13.3.rel1.win32_1.0.0.202411081344/tools/bin/../lib/gcc/arm-none-eabi/13.3.1/../../../../arm-none-eabi/lib/thumb/v7e-m+dp/hard\libc_nano.a(libc_a-sbrkr.o)
                0x08007308                _sbrk_r
 .text.abort    0x08007328        0xe C:/ST/STM32CubeIDE_1.18.1/STM32CubeIDE/plugins/com.st.stm32cube.ide.mcu.externaltools.gnu-tools-for-stm32.13.3.rel1.win32_1.0.0.202411081344/tools/bin/../lib/gcc/arm-none-eabi/13.3.1/../../../../arm-none-eabi/lib/thumb/v7e-m+dp/hard\libc_nano.a(libc_a-abort.o)
                0x08007328                abort
 .text.__sfputc_r
                0x08007336       0x2e C:/ST/STM32CubeIDE_1.18.1/STM32CubeIDE/plugins/com.st.stm32cube.ide.mcu.externaltools.gnu-tools-for-stm32.13.3.rel1.win32_1.0.0.202411081344/tools/bin/../lib/gcc/arm-none-eabi/13.3.1/../../../../arm-none-eabi/lib/thumb/v7e-m+dp/hard\libc_nano.a(libc_a-nano-vfprintf.o)
 .text.__sfputs_r
                0x08007364       0x24 C:/ST/STM32CubeIDE_1.18.1/STM32CubeIDE/plugins/com.st.stm32cube.ide.mcu.externaltools.gnu-tools-for-stm32.13.3.rel1.win32_1.0.0.202411081344/tools/bin/../lib/gcc/arm-none-eabi/13.3.1/../../../../arm-none-eabi/lib/thumb/v7e-m+dp/hard\libc_nano.a(libc_a-nano-vfprintf.o)
                0x08007364                __sfputs_r
 .text._vfprintf_r
                0x08007388      0x230 C:/ST/STM32CubeIDE_1.18.1/STM32CubeIDE/plugins/com.st.stm32cube.ide.mcu.externaltools.gnu-tools-for-stm32.13.3.rel1.win32_1.0.0.202411081344/tools/bin/../lib/gcc/arm-none-eabi/13.3.1/../../../../arm-none-eabi/lib/thumb/v7e-m+dp/hard\libc_nano.a(libc_a-nano-vfprintf.o)
                0x08007388                _vfprintf_r
                0x08007388                _vfiprintf_r
 .text._printf_common
                0x080075b8       0xda C:/ST/STM32CubeIDE_1.18.1/STM32CubeIDE/plugins/com.st.stm32cube.ide.mcu.externaltools.gnu-tools-for-stm32.13.3.rel1.win32_1.0.0.202411081344/tools/bin/../lib/gcc/arm-none-eabi/13.3.1/../../../../arm-none-eabi/lib/thumb/v7e-m+dp/hard\libc_nano.a(libc_a-nano-vfprintf_i.o)
                0x080075b8                _printf_common
 *fill*         0x08007692        0x2 
 .text._printf_i
                0x08007694      0x23c C:/ST/STM32CubeIDE_1.18.1/STM32CubeIDE/plugins/com.st.stm32cube.ide.mcu.externaltools.gnu-tools-for-stm32.13.3.rel1.win32_1.0.0.202411081344/tools/bin/../lib/gcc/arm-none-eabi/13.3.1/../../../../arm-none-eabi/lib/thumb/v7e-m+dp/hard\libc_nano.a(libc_a-nano-vfprintf_i.o)
                0x08007694                _printf_i
 .text.__swbuf_r
                0x080078d0       0x7c C:/ST/STM32CubeIDE_1.18.1/STM32CubeIDE/plugins/com.st.stm32cube.ide.mcu.externaltools.gnu-tools-for-stm32.13.3.rel1.win32_1.0.0.202411081344/tools/bin/../lib/gcc/arm-none-eabi/13.3.1/../../../../arm-none-eabi/lib/thumb/v7e-m+dp/hard\libc_nano.a(libc_a-wbuf.o)
                0x080078d0                __swbuf_r
 .text.__swsetup_r
                0x0800794c       0xac C:/ST/STM32CubeIDE_1.18.1/STM32CubeIDE/plugins/com.st.stm32cube.ide.mcu.externaltools.gnu-tools-for-stm32.13.3.rel1.win32_1.0.0.202411081344/tools/bin/../lib/gcc/arm-none-eabi/13.3.1/../../../../arm-none-eabi/lib/thumb/v7e-m+dp/hard\libc_nano.a(libc_a-wsetup.o)
                0x0800794c                __swsetup_r
 .text._raise_r
                0x080079f8       0x50 C:/ST/STM32CubeIDE_1.18.1/STM32CubeIDE/plugins/com.st.stm32cube.ide.mcu.externaltools.gnu-tools-for-stm32.13.3.rel1.win32_1.0.0.202411081344/tools/bin/../lib/gcc/arm-none-eabi/13.3.1/../../../../arm-none-eabi/lib/thumb/v7e-m+dp/hard\libc_nano.a(libc_a-signal.o)
                0x080079f8                _raise_r
 .text.raise    0x08007a48       0x10 C:/ST/STM32CubeIDE_1.18.1/STM32CubeIDE/plugins/com.st.stm32cube.ide.mcu.externaltools.gnu-tools-for-stm32.13.3.rel1.win32_1.0.0.202411081344/tools/bin/../lib/gcc/arm-none-eabi/13.3.1/../../../../arm-none-eabi/lib/thumb/v7e-m+dp/hard\libc_nano.a(libc_a-signal.o)
                0x08007a48                raise
 .text._kill_r  0x08007a58       0x24 C:/ST/STM32CubeIDE_1.18.1/STM32CubeIDE/plugins/com.st.stm32cube.ide.mcu.externaltools.gnu-tools-for-stm32.13.3.rel1.win32_1.0.0.202411081344/tools/bin/../lib/gcc/arm-none-eabi/13.3.1/../../../../arm-none-eabi/lib/thumb/v7e-m+dp/hard\libc_nano.a(libc_a-signalr.o)
                0x08007a58                _kill_r
 .text._getpid_r
                0x08007a7c        0x4 C:/ST/STM32CubeIDE_1.18.1/STM32CubeIDE/plugins/com.st.stm32cube.ide.mcu.externaltools.gnu-tools-for-stm32.13.3.rel1.win32_1.0.0.202411081344/tools/bin/../lib/gcc/arm-none-eabi/13.3.1/../../../../arm-none-eabi/lib/thumb/v7e-m+dp/hard\libc_nano.a(libc_a-signalr.o)
                0x08007a7c                _getpid_r
 .text.__swhatbuf_r
                0x08007a80       0x4c C:/ST/STM32CubeIDE_1.18.1/STM32CubeIDE/plugins/com.st.stm32cube.ide.mcu.externaltools.gnu-tools-for-stm32.13.3.rel1.win32_1.0.0.202411081344/tools/bin/../lib/gcc/arm-none-eabi/13.3.1/../../../../arm-none-eabi/lib/thumb/v7e-m+dp/hard\libc_nano.a(libc_a-makebuf.o)
                0x08007a80                __swhatbuf_r
 .text.__smakebuf_r
                0x08007acc       0x78 C:/ST/STM32CubeIDE_1.18.1/STM32CubeIDE/plugins/com.st.stm32cube.ide.mcu.externaltools.gnu-tools-for-stm32.13.3.rel1.win32_1.0.0.202411081344/tools/bin/../lib/gcc/arm-none-eabi/13.3.1/../../../../arm-none-eabi/lib/thumb/v7e-m+dp/hard\libc_nano.a(libc_a-makebuf.o)
                0x08007acc                __smakebuf_r
 .text._fstat_r
                0x08007b44       0x24 C:/ST/STM32CubeIDE_1.18.1/STM32CubeIDE/plugins/com.st.stm32cube.ide.mcu.externaltools.gnu-tools-for-stm32.13.3.rel1.win32_1.0.0.202411081344/tools/bin/../lib/gcc/arm-none-eabi/13.3.1/../../../../arm-none-eabi/lib/thumb/v7e-m+dp/hard\libc_nano.a(libc_a-fstatr.o)
                0x08007b44                _fstat_r
 .text._isatty_r
                0x08007b68       0x20 C:/ST/STM32CubeIDE_1.18.1/STM32CubeIDE/plugins/com.st.stm32cube.ide.mcu.externaltools.gnu-tools-for-stm32.13.3.rel1.win32_1.0.0.202411081344/tools/bin/../lib/gcc/arm-none-eabi/13.3.1/../../../../arm-none-eabi/lib/thumb/v7e-m+dp/hard\libc_nano.a(libc_a-isattyr.o)
                0x08007b68                _isatty_r
 *(.glue_7)
 .glue_7        0x08007b88        0x0 linker stubs
 *(.glue_7t)
 .glue_7t       0x08007b88        0x0 linker stubs
 *(.eh_frame)
 .eh_frame      0x08007b88        0x0 C:/ST/STM32CubeIDE_1.18.1/STM32CubeIDE/plugins/com.st.stm32cube.ide.mcu.externaltools.gnu-tools-for-stm32.13.3.rel1.win32_1.0.0.202411081344/tools/bin/../lib/gcc/arm-none-eabi/13.3.1/thumb/v7e-m+dp/hard/crtbegin.o
 *(.init)
 .init          0x08007b88        0x4 C:/ST/STM32CubeIDE_1.18.1/STM32CubeIDE/plugins/com.st.stm32cube.ide.mcu.externaltools.gnu-tools-for-stm32.13.3.rel1.win32_1.0.0.202411081344/tools/bin/../lib/gcc/arm-none-eabi/13.3.1/thumb/v7e-m+dp/hard/crti.o
                0x08007b88                _init
 .init          0x08007b8c        0x8 C:/ST/STM32CubeIDE_1.18.1/STM32CubeIDE/plugins/com.st.stm32cube.ide.mcu.externaltools.gnu-tools-for-stm32.13.3.rel1.win32_1.0.0.202411081344/tools/bin/../lib/gcc/arm-none-eabi/13.3.1/thumb/v7e-m+dp/hard/crtn.o
 *(.fini)
 .fini          0x08007b94        0x4 C:/ST/STM32CubeIDE_1.18.1/STM32CubeIDE/plugins/com.st.stm32cube.ide.mcu.externaltools.gnu-tools-for-stm32.13.3.rel1.win32_1.0.0.202411081344/tools/bin/../lib/gcc/arm-none-eabi/13.3.1/thumb/v7e-m+dp/hard/crti.o
                0x08007b94                _fini
 .fini          0x08007b98        0x8 C:/ST/STM32CubeIDE_1.18.1/STM32CubeIDE/plugins/com.st.stm32cube.ide.mcu.externaltools.gnu-tools-for-stm32.13.3.rel1.win32_1.0.0.202411081344/tools/bin/../lib/gcc/arm-none-eabi/13.3.1/thumb/v7e-m+dp/hard/crtn.o
                0x08007ba0                        . = ALIGN (0x4)
                0x08007ba0                        _etext = .

.vfp11_veneer   0x08007ba0        0x0
 .vfp11_veneer  0x08007ba0        0x0 linker stubs

.v4_bx          0x08007ba0        0x0
 .v4_bx         0x08007ba0        0x0 linker stubs

.iplt           0x08007ba0        0x0
 .iplt          0x08007ba0        0x0 C:/ST/STM32CubeIDE_1.18.1/STM32CubeIDE/plugins/com.st.stm32cube.ide.mcu.externaltools.gnu-tools-for-stm32.13.3.rel1.win32_1.0.0.202411081344/tools/bin/../lib/gcc/arm-none-eabi/13.3.1/thumb/v7e-m+dp/hard/crtbegin.o

.rodata         0x08007ba0      0x31c
                0x08007ba0                        . = ALIGN (0x4)
 *(.rodata)
 *(.rodata*)
 .rodata.TargetInit.str1.1
                0x08007ba0      0x126 ./Core/App/app.o
                                 0x48 (size before relaxing)
 .rodata.TargetBoilerSrc
                0x08007cc6       0x15 ./Core/App/app.o
                0x08007cc6                TargetBoilerSrc
 .rodata.boilerplate
                0x08007cdb       0x10 ./Core/App/bci/vm.o
 *fill*         0x08007ceb        0x1 
 .rodata.APIfns
                0x08007cec       0x48 ./Core/App/bci/vm.o
 .rodata.stackeffects
                0x08007d34       0x20 ./Core/App/bci/vm.o
 .rodata.memset_v.0
                0x08007d54        0x4 ./Core/App/mole/blake2s.o
 .rodata.idxd   0x08007d58        0x8 ./Core/App/mole/blake2s.o
 .rodata.idxc   0x08007d60        0x8 ./Core/App/mole/blake2s.o
 .rodata.idxb   0x08007d68        0x8 ./Core/App/mole/blake2s.o
 .rodata.blake2s_sigma
                0x08007d70       0xa0 ./Core/App/mole/blake2s.o
 .rodata.BISTdecode
                0x08007e10       0x10 ./Core/App/mole/mole.o
 .rodata.BISThmac
                0x08007e20       0x10 ./Core/App/mole/mole.o
 .rodata.KDFhashKey
                0x08007e30       0x20 ./Core/App/mole/mole.o
 .rodata.ind    0x08007e50       0x20 ./Core/App/mole/xchacha.o
 .rodata.D1CorePrescTable
                0x08007e70       0x10 ./Core/Src/system_stm32h7xx.o
                0x08007e70                D1CorePrescTable
 .rodata.LED_PIN
                0x08007e80        0x6 ./Drivers/BSP/STM32H7xx_Nucleo/stm32h7xx_nucleo.o
 *fill*         0x08007e86        0x2 
 .rodata.LED_PORT
                0x08007e88        0xc ./Drivers/BSP/STM32H7xx_Nucleo/stm32h7xx_nucleo.o
 .rodata.UARTPrescTable
                0x08007e94       0x18 ./Drivers/STM32H7xx_HAL_Driver/Src/stm32h7xx_hal_uart.o
                0x08007e94                UARTPrescTable
 .rodata.denominator.0
                0x08007eac        0x8 ./Drivers/STM32H7xx_HAL_Driver/Src/stm32h7xx_hal_uart_ex.o
 .rodata.numerator.1
                0x08007eb4        0x8 ./Drivers/STM32H7xx_HAL_Driver/Src/stm32h7xx_hal_uart_ex.o
 .rodata.srand.str1.1
                0x08007ebc       0x6f C:/ST/STM32CubeIDE_1.18.1/STM32CubeIDE/plugins/com.st.stm32cube.ide.mcu.externaltools.gnu-tools-for-stm32.13.3.rel1.win32_1.0.0.202411081344/tools/bin/../lib/gcc/arm-none-eabi/13.3.1/../../../../arm-none-eabi/lib/thumb/v7e-m+dp/hard\libc_nano.a(libc_a-rand.o)
 .rodata.__assert_func.str1.1
                0x08007ebc       0x3d C:/ST/STM32CubeIDE_1.18.1/STM32CubeIDE/plugins/com.st.stm32cube.ide.mcu.externaltools.gnu-tools-for-stm32.13.3.rel1.win32_1.0.0.202411081344/tools/bin/../lib/gcc/arm-none-eabi/13.3.1/../../../../arm-none-eabi/lib/thumb/v7e-m+dp/hard\libc_nano.a(libc_a-assert.o)
 .rodata._vfprintf_r.str1.1
                0x08007ebc       0x11 C:/ST/STM32CubeIDE_1.18.1/STM32CubeIDE/plugins/com.st.stm32cube.ide.mcu.externaltools.gnu-tools-for-stm32.13.3.rel1.win32_1.0.0.202411081344/tools/bin/../lib/gcc/arm-none-eabi/13.3.1/../../../../arm-none-eabi/lib/thumb/v7e-m+dp/hard\libc_nano.a(libc_a-nano-vfprintf.o)
 .rodata._printf_i.str1.1
                0x08007ebc       0x22 C:/ST/STM32CubeIDE_1.18.1/STM32CubeIDE/plugins/com.st.stm32cube.ide.mcu.externaltools.gnu-tools-for-stm32.13.3.rel1.win32_1.0.0.202411081344/tools/bin/../lib/gcc/arm-none-eabi/13.3.1/../../../../arm-none-eabi/lib/thumb/v7e-m+dp/hard\libc_nano.a(libc_a-nano-vfprintf_i.o)
                0x08007f2c                        . = ALIGN (0x4)

.ARM.extab
 *(.ARM.extab* .gnu.linkonce.armextab.*)

.ARM            0x08007ebc        0x8
                0x08007ebc                        __exidx_start = .
 *(.ARM.exidx*)
 .ARM.exidx     0x08007ebc        0x8 C:/ST/STM32CubeIDE_1.18.1/STM32CubeIDE/plugins/com.st.stm32cube.ide.mcu.externaltools.gnu-tools-for-stm32.13.3.rel1.win32_1.0.0.202411081344/tools/bin/../lib/gcc/arm-none-eabi/13.3.1/../../../../arm-none-eabi/lib/thumb/v7e-m+dp/hard\libc_nano.a(libc_a-memchr.o)
 .ARM.exidx     0x08007ec4        0x0 C:/ST/STM32CubeIDE_1.18.1/STM32CubeIDE/plugins/com.st.stm32cube.ide.mcu.externaltools.gnu-tools-for-stm32.13.3.rel1.win32_1.0.0.202411081344/tools/bin/../lib/gcc/arm-none-eabi/13.3.1/thumb/v7e-m+dp/hard\libgcc.a(_udivmoddi4.o)
                                  0x8 (size before relaxing)
                0x08007ec4                        __exidx_end = .

.preinit_array  0x08007ec4        0x0
                0x08007ec4                        PROVIDE (__preinit_array_start = .)
 *(.preinit_array*)
                0x08007ec4                        PROVIDE (__preinit_array_end = .)

.init_array     0x08007ec4        0x4
                0x08007ec4                        PROVIDE (__init_array_start = .)
 *(SORT_BY_NAME(.init_array.*))
 *(.init_array*)
 .init_array    0x08007ec4        0x4 C:/ST/STM32CubeIDE_1.18.1/STM32CubeIDE/plugins/com.st.stm32cube.ide.mcu.externaltools.gnu-tools-for-stm32.13.3.rel1.win32_1.0.0.202411081344/tools/bin/../lib/gcc/arm-none-eabi/13.3.1/thumb/v7e-m+dp/hard/crtbegin.o
                0x08007ec8                        PROVIDE (__init_array_end = .)

.fini_array     0x08007ec8        0x4
                [!provide]                        PROVIDE (__fini_array_start = .)
 *(SORT_BY_NAME(.fini_array.*))
 *(.fini_array*)
 .fini_array    0x08007ec8        0x4 C:/ST/STM32CubeIDE_1.18.1/STM32CubeIDE/plugins/com.st.stm32cube.ide.mcu.externaltools.gnu-tools-for-stm32.13.3.rel1.win32_1.0.0.202411081344/tools/bin/../lib/gcc/arm-none-eabi/13.3.1/thumb/v7e-m+dp/hard/crtbegin.o
                [!provide]                        PROVIDE (__fini_array_end = .)
                0x08007ecc                        _sidata = LOADADDR (.data)

.rel.dyn        0x08007ecc        0x0
 .rel.iplt      0x08007ecc        0x0 C:/ST/STM32CubeIDE_1.18.1/STM32CubeIDE/plugins/com.st.stm32cube.ide.mcu.externaltools.gnu-tools-for-stm32.13.3.rel1.win32_1.0.0.202411081344/tools/bin/../lib/gcc/arm-none-eabi/13.3.1/thumb/v7e-m+dp/hard/crtbegin.o

.data           0x24000000       0x70 load address 0x08007ecc
                0x24000000                        . = ALIGN (0x4)
                0x24000000                        _sdata = .
 *(.data)
 *(.data*)
 .data.TX_Buffer
                0x24000000        0x2 ./Core/App/app.o
                0x24000000                TX_Buffer
 *fill*         0x24000002        0x2 
 .data.SystemD2Clock
                0x24000004        0x4 ./Core/Src/system_stm32h7xx.o
                0x24000004                SystemD2Clock
 .data.SystemCoreClock
                0x24000008        0x4 ./Core/Src/system_stm32h7xx.o
                0x24000008                SystemCoreClock
 .data.uwTickFreq
                0x2400000c        0x1 ./Drivers/STM32H7xx_HAL_Driver/Src/stm32h7xx_hal.o
                0x2400000c                uwTickFreq
 *fill*         0x2400000d        0x3 
 .data.uwTickPrio
                0x24000010        0x4 ./Drivers/STM32H7xx_HAL_Driver/Src/stm32h7xx_hal.o
                0x24000010                uwTickPrio
 .data.__sglue  0x24000014        0xc C:/ST/STM32CubeIDE_1.18.1/STM32CubeIDE/plugins/com.st.stm32cube.ide.mcu.externaltools.gnu-tools-for-stm32.13.3.rel1.win32_1.0.0.202411081344/tools/bin/../lib/gcc/arm-none-eabi/13.3.1/../../../../arm-none-eabi/lib/thumb/v7e-m+dp/hard\libc_nano.a(libc_a-findfp.o)
                0x24000014                __sglue
 .data._impure_ptr
                0x24000020        0x4 C:/ST/STM32CubeIDE_1.18.1/STM32CubeIDE/plugins/com.st.stm32cube.ide.mcu.externaltools.gnu-tools-for-stm32.13.3.rel1.win32_1.0.0.202411081344/tools/bin/../lib/gcc/arm-none-eabi/13.3.1/../../../../arm-none-eabi/lib/thumb/v7e-m+dp/hard\libc_nano.a(libc_a-impure.o)
                0x24000020                _impure_ptr
 .data._impure_data
                0x24000024       0x4c C:/ST/STM32CubeIDE_1.18.1/STM32CubeIDE/plugins/com.st.stm32cube.ide.mcu.externaltools.gnu-tools-for-stm32.13.3.rel1.win32_1.0.0.202411081344/tools/bin/../lib/gcc/arm-none-eabi/13.3.1/../../../../arm-none-eabi/lib/thumb/v7e-m+dp/hard\libc_nano.a(libc_a-impure.o)
                0x24000024                _impure_data
 *(.RamFunc)
 *(.RamFunc*)
                0x24000070                        . = ALIGN (0x4)
                0x24000070                        _edata = .

.igot.plt       0x24000070        0x0 load address 0x08007f3c
 .igot.plt      0x24000070        0x0 C:/ST/STM32CubeIDE_1.18.1/STM32CubeIDE/plugins/com.st.stm32cube.ide.mcu.externaltools.gnu-tools-for-stm32.13.3.rel1.win32_1.0.0.202411081344/tools/bin/../lib/gcc/arm-none-eabi/13.3.1/thumb/v7e-m+dp/hard/crtbegin.o
                0x24000070                        . = ALIGN (0x4)

.bss            0x24000070     0xf548 load address 0x08007f3c
                0x24000070                        _sbss = .
                0x24000070                        __bss_start__ = _sbss
 *(.bss)
 .bss           0x24000070       0x1c C:/ST/STM32CubeIDE_1.18.1/STM32CubeIDE/plugins/com.st.stm32cube.ide.mcu.externaltools.gnu-tools-for-stm32.13.3.rel1.win32_1.0.0.202411081344/tools/bin/../lib/gcc/arm-none-eabi/13.3.1/thumb/v7e-m+dp/hard/crtbegin.o
 *(.bss*)
 .bss.msec_counter
                0x2400008c        0x4 ./Core/App/app.o
                0x2400008c                msec_counter
 .bss.responseLen
                0x24000090        0x2 ./Core/App/app.o
 .bss.responseBuf
                0x24000092      0x406 ./Core/App/app.o
 .bss.CodeMem   0x24000498     0x4000 ./Core/App/app.o
                0x24000498                CodeMem
 .bss.TextMem   0x24004498     0x8000 ./Core/App/app.o
                0x24004498                TextMem
 .bss.TargetPort
                0x2400c498       0xe0 ./Core/App/app.o
 .bss.vm_internal_state
                0x2400c578     0x2140 ./Core/App/app.o
 .bss.my_keys   0x2400e6b8       0x40 ./Core/App/app.o
                0x2400e6b8                my_keys
 .bss.uart3     0x2400e6f8      0x20c ./Core/App/app.o
                0x2400e6f8                uart3
 .bss.len       0x2400e904        0x2 ./Core/App/bci/bci.o
 *fill*         0x2400e906        0x2 
 .bss.cmd       0x2400e908        0x4 ./Core/App/bci/bci.o
 .bss.v         0x2400e90c       0x40 ./Core/App/mole/blake2s.o
 .bss.m         0x2400e94c       0x40 ./Core/App/mole/blake2s.o
 .bss.allocated_uint32s
                0x2400e98c        0x4 ./Core/App/mole/mole.o
 .bss.context_memory
                0x2400e990      0x800 ./Core/App/mole/mole.o
 .bss.huart3    0x2400f190       0x94 ./Core/Src/main.o
                0x2400f190                huart3
 .bss.htim2     0x2400f224       0x4c ./Core/Src/main.o
                0x2400f224                htim2
 .bss.hspi4     0x2400f270       0x88 ./Core/Src/main.o
                0x2400f270                hspi4
 .bss.hrng      0x2400f2f8       0x14 ./Core/Src/main.o
                0x2400f2f8                hrng
 .bss.hhrtim    0x2400f30c       0xdc ./Core/Src/main.o
                0x2400f30c                hhrtim
 .bss.hcrc      0x2400f3e8       0x24 ./Core/Src/main.o
                0x2400f3e8                hcrc
 .bss.BspButtonState
                0x2400f40c        0x4 ./Core/Src/main.o
                0x2400f40c                BspButtonState
 .bss.htim17    0x2400f410       0x4c ./Core/Src/stm32h7xx_hal_timebase_tim.o
                0x2400f410                htim17
 .bss.__sbrk_heap_end
                0x2400f45c        0x4 ./Core/Src/sysmem.o
 .bss.hpb_exti  0x2400f460        0x8 ./Drivers/BSP/STM32H7xx_Nucleo/stm32h7xx_nucleo.o
                0x2400f460                hpb_exti
 .bss.uwTick    0x2400f468        0x4 ./Drivers/STM32H7xx_HAL_Driver/Src/stm32h7xx_hal.o
                0x2400f468                uwTick
 .bss.__sf      0x2400f46c      0x138 C:/ST/STM32CubeIDE_1.18.1/STM32CubeIDE/plugins/com.st.stm32cube.ide.mcu.externaltools.gnu-tools-for-stm32.13.3.rel1.win32_1.0.0.202411081344/tools/bin/../lib/gcc/arm-none-eabi/13.3.1/../../../../arm-none-eabi/lib/thumb/v7e-m+dp/hard\libc_nano.a(libc_a-findfp.o)
                0x2400f46c                __sf
 .bss.__stdio_exit_handler
                0x2400f5a4        0x4 C:/ST/STM32CubeIDE_1.18.1/STM32CubeIDE/plugins/com.st.stm32cube.ide.mcu.externaltools.gnu-tools-for-stm32.13.3.rel1.win32_1.0.0.202411081344/tools/bin/../lib/gcc/arm-none-eabi/13.3.1/../../../../arm-none-eabi/lib/thumb/v7e-m+dp/hard\libc_nano.a(libc_a-findfp.o)
                0x2400f5a4                __stdio_exit_handler
 .bss.errno     0x2400f5a8        0x4 C:/ST/STM32CubeIDE_1.18.1/STM32CubeIDE/plugins/com.st.stm32cube.ide.mcu.externaltools.gnu-tools-for-stm32.13.3.rel1.win32_1.0.0.202411081344/tools/bin/../lib/gcc/arm-none-eabi/13.3.1/../../../../arm-none-eabi/lib/thumb/v7e-m+dp/hard\libc_nano.a(libc_a-reent.o)
                0x2400f5a8                errno
 .bss.__lock___malloc_recursive_mutex
                0x2400f5ac        0x1 C:/ST/STM32CubeIDE_1.18.1/STM32CubeIDE/plugins/com.st.stm32cube.ide.mcu.externaltools.gnu-tools-for-stm32.13.3.rel1.win32_1.0.0.202411081344/tools/bin/../lib/gcc/arm-none-eabi/13.3.1/../../../../arm-none-eabi/lib/thumb/v7e-m+dp/hard\libc_nano.a(libc_a-lock.o)
                0x2400f5ac                __lock___malloc_recursive_mutex
 .bss.__lock___sfp_recursive_mutex
                0x2400f5ad        0x1 C:/ST/STM32CubeIDE_1.18.1/STM32CubeIDE/plugins/com.st.stm32cube.ide.mcu.externaltools.gnu-tools-for-stm32.13.3.rel1.win32_1.0.0.202411081344/tools/bin/../lib/gcc/arm-none-eabi/13.3.1/../../../../arm-none-eabi/lib/thumb/v7e-m+dp/hard\libc_nano.a(libc_a-lock.o)
                0x2400f5ad                __lock___sfp_recursive_mutex
 *fill*         0x2400f5ae        0x2 
 .bss.__malloc_sbrk_start
                0x2400f5b0        0x4 C:/ST/STM32CubeIDE_1.18.1/STM32CubeIDE/plugins/com.st.stm32cube.ide.mcu.externaltools.gnu-tools-for-stm32.13.3.rel1.win32_1.0.0.202411081344/tools/bin/../lib/gcc/arm-none-eabi/13.3.1/../../../../arm-none-eabi/lib/thumb/v7e-m+dp/hard\libc_nano.a(libc_a-mallocr.o)
                0x2400f5b0                __malloc_sbrk_start
 .bss.__malloc_free_list
                0x2400f5b4        0x4 C:/ST/STM32CubeIDE_1.18.1/STM32CubeIDE/plugins/com.st.stm32cube.ide.mcu.externaltools.gnu-tools-for-stm32.13.3.rel1.win32_1.0.0.202411081344/tools/bin/../lib/gcc/arm-none-eabi/13.3.1/../../../../arm-none-eabi/lib/thumb/v7e-m+dp/hard\libc_nano.a(libc_a-mallocr.o)
                0x2400f5b4                __malloc_free_list
 *(COMMON)
                0x2400f5b8                        . = ALIGN (0x4)
                0x2400f5b8                        _ebss = .
                0x2400f5b8                        __bss_end__ = _ebss

._user_heap_stack
                0x2400f5b8      0x600 load address 0x08007f3c
                0x2400f5b8                        . = ALIGN (0x8)
                [!provide]                        PROVIDE (end = .)
                0x2400f5b8                        PROVIDE (_end = .)
                0x2400f7b8                        . = (. + _Min_Heap_Size)
 *fill*         0x2400f5b8      0x200 
                0x2400fbb8                        . = (. + _Min_Stack_Size)
 *fill*         0x2400f7b8      0x400 
                0x2400fbb8                        . = ALIGN (0x8)

/DISCARD/
 libc.a(*)
 libm.a(*)
 libgcc.a(*)

.ARM.attributes
                0x00000000       0x2e
 *(.ARM.attributes)
 .ARM.attributes
                0x00000000       0x20 C:/ST/STM32CubeIDE_1.18.1/STM32CubeIDE/plugins/com.st.stm32cube.ide.mcu.externaltools.gnu-tools-for-stm32.13.3.rel1.win32_1.0.0.202411081344/tools/bin/../lib/gcc/arm-none-eabi/13.3.1/thumb/v7e-m+dp/hard/crti.o
 .ARM.attributes
                0x00000020       0x32 C:/ST/STM32CubeIDE_1.18.1/STM32CubeIDE/plugins/com.st.stm32cube.ide.mcu.externaltools.gnu-tools-for-stm32.13.3.rel1.win32_1.0.0.202411081344/tools/bin/../lib/gcc/arm-none-eabi/13.3.1/thumb/v7e-m+dp/hard/crtbegin.o
 .ARM.attributes
                0x00000052       0x32 ./Core/App/UARTs/okuart.o
 .ARM.attributes
                0x00000084       0x32 ./Core/App/app.o
 .ARM.attributes
                0x000000b6       0x32 ./Core/App/bci/bci.o
 .ARM.attributes
                0x000000e8       0x32 ./Core/App/bci/bciHW.o
 .ARM.attributes
                0x0000011a       0x32 ./Core/App/bci/vm.o
 .ARM.attributes
                0x0000014c       0x32 ./Core/App/mole/blake2s.o
 .ARM.attributes
                0x0000017e       0x32 ./Core/App/mole/mole.o
 .ARM.attributes
                0x000001b0       0x32 ./Core/App/mole/xchacha.o
 .ARM.attributes
                0x000001e2       0x32 ./Core/Src/main.o
 .ARM.attributes
                0x00000214       0x32 ./Core/Src/stm32h7xx_hal_msp.o
 .ARM.attributes
                0x00000246       0x32 ./Core/Src/stm32h7xx_hal_timebase_tim.o
 .ARM.attributes
                0x00000278       0x32 ./Core/Src/stm32h7xx_it.o
 .ARM.attributes
                0x000002aa       0x32 ./Core/Src/syscalls.o
 .ARM.attributes
                0x000002dc       0x32 ./Core/Src/sysmem.o
 .ARM.attributes
                0x0000030e       0x32 ./Core/Src/system_stm32h7xx.o
 .ARM.attributes
                0x00000340       0x21 ./Core/Startup/startup_stm32h753zitx.o
 .ARM.attributes
                0x00000361       0x32 ./Drivers/BSP/STM32H7xx_Nucleo/stm32h7xx_nucleo.o
 .ARM.attributes
                0x00000393       0x32 ./Drivers/STM32H7xx_HAL_Driver/Src/stm32h7xx_hal.o
 .ARM.attributes
                0x000003c5       0x32 ./Drivers/STM32H7xx_HAL_Driver/Src/stm32h7xx_hal_cortex.o
 .ARM.attributes
                0x000003f7       0x32 ./Drivers/STM32H7xx_HAL_Driver/Src/stm32h7xx_hal_crc.o
 .ARM.attributes
                0x00000429       0x32 ./Drivers/STM32H7xx_HAL_Driver/Src/stm32h7xx_hal_crc_ex.o
 .ARM.attributes
                0x0000045b       0x32 ./Drivers/STM32H7xx_HAL_Driver/Src/stm32h7xx_hal_exti.o
 .ARM.attributes
                0x0000048d       0x32 ./Drivers/STM32H7xx_HAL_Driver/Src/stm32h7xx_hal_gpio.o
 .ARM.attributes
                0x000004bf       0x32 ./Drivers/STM32H7xx_HAL_Driver/Src/stm32h7xx_hal_hrtim.o
 .ARM.attributes
                0x000004f1       0x32 ./Drivers/STM32H7xx_HAL_Driver/Src/stm32h7xx_hal_pwr_ex.o
 .ARM.attributes
                0x00000523       0x32 ./Drivers/STM32H7xx_HAL_Driver/Src/stm32h7xx_hal_rcc.o
 .ARM.attributes
                0x00000555       0x32 ./Drivers/STM32H7xx_HAL_Driver/Src/stm32h7xx_hal_rcc_ex.o
 .ARM.attributes
                0x00000587       0x32 ./Drivers/STM32H7xx_HAL_Driver/Src/stm32h7xx_hal_rng.o
 .ARM.attributes
                0x000005b9       0x32 ./Drivers/STM32H7xx_HAL_Driver/Src/stm32h7xx_hal_spi.o
 .ARM.attributes
                0x000005eb       0x32 ./Drivers/STM32H7xx_HAL_Driver/Src/stm32h7xx_hal_tim.o
 .ARM.attributes
                0x0000061d       0x32 ./Drivers/STM32H7xx_HAL_Driver/Src/stm32h7xx_hal_tim_ex.o
 .ARM.attributes
                0x0000064f       0x32 ./Drivers/STM32H7xx_HAL_Driver/Src/stm32h7xx_hal_uart.o
 .ARM.attributes
                0x00000681       0x32 ./Drivers/STM32H7xx_HAL_Driver/Src/stm32h7xx_hal_uart_ex.o
 .ARM.attributes
                0x000006b3       0x32 C:/ST/STM32CubeIDE_1.18.1/STM32CubeIDE/plugins/com.st.stm32cube.ide.mcu.externaltools.gnu-tools-for-stm32.13.3.rel1.win32_1.0.0.202411081344/tools/bin/../lib/gcc/arm-none-eabi/13.3.1/../../../../arm-none-eabi/lib/thumb/v7e-m+dp/hard\libc_nano.a(libc_a-rand.o)
 .ARM.attributes
                0x000006e5       0x32 C:/ST/STM32CubeIDE_1.18.1/STM32CubeIDE/plugins/com.st.stm32cube.ide.mcu.externaltools.gnu-tools-for-stm32.13.3.rel1.win32_1.0.0.202411081344/tools/bin/../lib/gcc/arm-none-eabi/13.3.1/../../../../arm-none-eabi/lib/thumb/v7e-m+dp/hard\libc_nano.a(libc_a-findfp.o)
 .ARM.attributes
                0x00000717       0x32 C:/ST/STM32CubeIDE_1.18.1/STM32CubeIDE/plugins/com.st.stm32cube.ide.mcu.externaltools.gnu-tools-for-stm32.13.3.rel1.win32_1.0.0.202411081344/tools/bin/../lib/gcc/arm-none-eabi/13.3.1/../../../../arm-none-eabi/lib/thumb/v7e-m+dp/hard\libc_nano.a(libc_a-fwalk.o)
 .ARM.attributes
                0x00000749       0x32 C:/ST/STM32CubeIDE_1.18.1/STM32CubeIDE/plugins/com.st.stm32cube.ide.mcu.externaltools.gnu-tools-for-stm32.13.3.rel1.win32_1.0.0.202411081344/tools/bin/../lib/gcc/arm-none-eabi/13.3.1/../../../../arm-none-eabi/lib/thumb/v7e-m+dp/hard\libc_nano.a(libc_a-stdio.o)
 .ARM.attributes
                0x0000077b       0x32 C:/ST/STM32CubeIDE_1.18.1/STM32CubeIDE/plugins/com.st.stm32cube.ide.mcu.externaltools.gnu-tools-for-stm32.13.3.rel1.win32_1.0.0.202411081344/tools/bin/../lib/gcc/arm-none-eabi/13.3.1/../../../../arm-none-eabi/lib/thumb/v7e-m+dp/hard\libc_nano.a(libc_a-memcmp.o)
 .ARM.attributes
                0x000007ad       0x32 C:/ST/STM32CubeIDE_1.18.1/STM32CubeIDE/plugins/com.st.stm32cube.ide.mcu.externaltools.gnu-tools-for-stm32.13.3.rel1.win32_1.0.0.202411081344/tools/bin/../lib/gcc/arm-none-eabi/13.3.1/../../../../arm-none-eabi/lib/thumb/v7e-m+dp/hard\libc_nano.a(libc_a-memset.o)
 .ARM.attributes
                0x000007df       0x32 C:/ST/STM32CubeIDE_1.18.1/STM32CubeIDE/plugins/com.st.stm32cube.ide.mcu.externaltools.gnu-tools-for-stm32.13.3.rel1.win32_1.0.0.202411081344/tools/bin/../lib/gcc/arm-none-eabi/13.3.1/../../../../arm-none-eabi/lib/thumb/v7e-m+dp/hard\libc_nano.a(libc_a-closer.o)
 .ARM.attributes
                0x00000811       0x32 C:/ST/STM32CubeIDE_1.18.1/STM32CubeIDE/plugins/com.st.stm32cube.ide.mcu.externaltools.gnu-tools-for-stm32.13.3.rel1.win32_1.0.0.202411081344/tools/bin/../lib/gcc/arm-none-eabi/13.3.1/../../../../arm-none-eabi/lib/thumb/v7e-m+dp/hard\libc_nano.a(libc_a-reent.o)
 .ARM.attributes
                0x00000843       0x32 C:/ST/STM32CubeIDE_1.18.1/STM32CubeIDE/plugins/com.st.stm32cube.ide.mcu.externaltools.gnu-tools-for-stm32.13.3.rel1.win32_1.0.0.202411081344/tools/bin/../lib/gcc/arm-none-eabi/13.3.1/../../../../arm-none-eabi/lib/thumb/v7e-m+dp/hard\libc_nano.a(libc_a-impure.o)
 .ARM.attributes
                0x00000875       0x32 C:/ST/STM32CubeIDE_1.18.1/STM32CubeIDE/plugins/com.st.stm32cube.ide.mcu.externaltools.gnu-tools-for-stm32.13.3.rel1.win32_1.0.0.202411081344/tools/bin/../lib/gcc/arm-none-eabi/13.3.1/../../../../arm-none-eabi/lib/thumb/v7e-m+dp/hard\libc_nano.a(libc_a-lseekr.o)
 .ARM.attributes