../Drivers/CMSIS/Include/core_cm7.h:1902:22:__NVIC_EnableIRQ	16	static,ignoring_inline_asm
../Core/App/app.c:12:6:USART3_IRQHandler	8	static
../Core/App/app.c:13:6:UART_putc	16	static
../Core/App/app.c:14:6:UART_puts	16	static
../Core/App/app.c:15:9:UART_getc	8	static
../Core/App/app.c:16:9:UART_received	8	static
../Core/App/app.c:51:18:UpdateKeySet	24	static
../Core/App/app.c:57:13:BoilerHandler	16	static
../Core/App/app.c:62:6:StopVMthread	16	static
../Core/App/app.c:70:6:BCIsendChar	16	static
../Core/App/app.c:73:6:BCIsendInit	16	static
../Core/App/app.c:78:6:BCIsendFinal	16	static
../Core/App/app.c:82:13:BCItransmit	16	static
../Core/App/app.c:87:13:uartCharOutput	16	static
../Core/App/app.c:91:6:get8debug	16	static
../Core/App/app.c:94:5:TargetInit	48	static
../Core/App/app.c:112:6:ApplicationStep	16	static
../Core/App/app.c:122:6:ApplicationInit	8	static
../Core/App/app.c:132:5:moleTRNG	16	static
