../Core/Src/main.c:75:5:main	24	static,ignoring_inline_asm
../Core/Src/main.c:169:6:SystemClock_Config	120	static
../Core/Src/main.c:230:13:MX_HRTIM_Init	176	static
../Core/Src/main.c:420:13:MX_RNG_Init	8	static
../Core/Src/main.c:447:13:MX_USART3_UART_Init	8	static
../Core/Src/main.c:495:13:MX_GPIO_Init	56	static
../Core/Src/main.c:537:6:HAL_TIM_PeriodElapsedCallback	16	static
../Core/Src/main.c:556:6:BSP_PB_Callback	16	static
../Core/Src/main.c:568:6:Error_Handler	4	static,ignoring_inline_asm
