../Core/App/bci/bciHW.c:27:10:API_Emit	24	static
../Core/App/bci/bciHW.c:65:10:API_umstar	0	static
../Core/App/bci/bciHW.c:69:10:API_mudivmod	16	static
../Core/App/bci/bciHW.c:94:10:CRC32	8	static
../Core/App/bci/bciHW.c:202:5:NVMbeginRead	0	static
../Core/App/bci/bciHW.c:205:5:NVMbeginWrite	0	static
../Core/App/bci/bciHW.c:208:10:NVMread	0	static
../Core/App/bci/bciHW.c:211:6:NVMwrite	0	static
../Core/App/bci/bciHW.c:213:6:NVMendRW	0	static
../Core/App/bci/bciHW.c:215:10:NVMgetID	0	static
../Core/App/bci/bciHW.c:221:10:API_NVMbeginRead	0	static
../Core/App/bci/bciHW.c:224:10:API_NVMbeginWrite	0	static
../Core/App/bci/bciHW.c:227:10:API_NVMread	0	static
../Core/App/bci/bciHW.c:230:10:API_NVMwrite	0	static
../Core/App/bci/bciHW.c:234:10:API_NVMendRW	0	static
../Core/App/bci/bciHW.c:238:10:API_NVMID	0	static
../Core/App/bci/bciHW.c:245:10:BCIVMioRead	0	static
../Core/App/bci/bciHW.c:249:6:BCIVMioWrite	0	static
../Core/App/bci/bciHW.c:255:6:FlashUnlock	0	static
../Core/App/bci/bciHW.c:256:6:FlashLock	0	static
../Core/App/bci/bciHW.c:257:6:FlashErase	0	static
../Core/App/bci/bciHW.c:259:6:FlashWrite	0	static
../Core/App/bci/bciHW.c:295:10:API_LCDraw	0	static
../Core/App/bci/bciHW.c:296:10:API_LCDparm	0	static
../Core/App/bci/bciHW.c:297:10:API_LCDparmSet	0	static
../Core/App/bci/bciHW.c:298:10:API_LCDchar	0	static
../Core/App/bci/bciHW.c:299:10:API_LCDcharWidth	0	static
../Core/App/bci/bciHW.c:300:10:API_LCDfill	0	static
../Core/App/bci/bciHW.c:321:10:API_Milliseconds	0	static
../Core/App/bci/bciHW.c:325:10:API_Buttons	8	static
../Core/App/bci/bciHW.c:332:10:API_CRC32	8	static
