Archive member included to satisfy reference by file (symbol)

C:/ST/STM32CubeIDE_1.18.1/STM32CubeIDE/plugins/com.st.stm32cube.ide.mcu.externaltools.gnu-tools-for-stm32.13.3.rel1.win32_1.0.0.202411081344/tools/bin/../lib/gcc/arm-none-eabi/13.3.1/../../../../arm-none-eabi/lib/thumb/v7e-m+dp/hard\libc_nano.a(libc_a-exit.o)
                              C:/ST/STM32CubeIDE_1.18.1/STM32CubeIDE/plugins/com.st.stm32cube.ide.mcu.externaltools.gnu-tools-for-stm32.13.3.rel1.win32_1.0.0.202411081344/tools/bin/../lib/gcc/arm-none-eabi/13.3.1/../../../../arm-none-eabi/lib/thumb/v7e-m+dp/hard/crt0.o (exit)
C:/ST/STM32CubeIDE_1.18.1/STM32CubeIDE/plugins/com.st.stm32cube.ide.mcu.externaltools.gnu-tools-for-stm32.13.3.rel1.win32_1.0.0.202411081344/tools/bin/../lib/gcc/arm-none-eabi/13.3.1/../../../../arm-none-eabi/lib/thumb/v7e-m+dp/hard\libc_nano.a(libc_a-rand.o)
                              ./Core/App/app.o (rand)
C:/ST/STM32CubeIDE_1.18.1/STM32CubeIDE/plugins/com.st.stm32cube.ide.mcu.externaltools.gnu-tools-for-stm32.13.3.rel1.win32_1.0.0.202411081344/tools/bin/../lib/gcc/arm-none-eabi/13.3.1/../../../../arm-none-eabi/lib/thumb/v7e-m+dp/hard\libc_nano.a(libc_a-findfp.o)
                              C:/ST/STM32CubeIDE_1.18.1/STM32CubeIDE/plugins/com.st.stm32cube.ide.mcu.externaltools.gnu-tools-for-stm32.13.3.rel1.win32_1.0.0.202411081344/tools/bin/../lib/gcc/arm-none-eabi/13.3.1/../../../../arm-none-eabi/lib/thumb/v7e-m+dp/hard\libc_nano.a(libc_a-exit.o) (__stdio_exit_handler)
C:/ST/STM32CubeIDE_1.18.1/STM32CubeIDE/plugins/com.st.stm32cube.ide.mcu.externaltools.gnu-tools-for-stm32.13.3.rel1.win32_1.0.0.202411081344/tools/bin/../lib/gcc/arm-none-eabi/13.3.1/../../../../arm-none-eabi/lib/thumb/v7e-m+dp/hard\libc_nano.a(libc_a-fwalk.o)
                              C:/ST/STM32CubeIDE_1.18.1/STM32CubeIDE/plugins/com.st.stm32cube.ide.mcu.externaltools.gnu-tools-for-stm32.13.3.rel1.win32_1.0.0.202411081344/tools/bin/../lib/gcc/arm-none-eabi/13.3.1/../../../../arm-none-eabi/lib/thumb/v7e-m+dp/hard\libc_nano.a(libc_a-findfp.o) (_fwalk_sglue)
C:/ST/STM32CubeIDE_1.18.1/STM32CubeIDE/plugins/com.st.stm32cube.ide.mcu.externaltools.gnu-tools-for-stm32.13.3.rel1.win32_1.0.0.202411081344/tools/bin/../lib/gcc/arm-none-eabi/13.3.1/../../../../arm-none-eabi/lib/thumb/v7e-m+dp/hard\libc_nano.a(libc_a-stdio.o)
                              C:/ST/STM32CubeIDE_1.18.1/STM32CubeIDE/plugins/com.st.stm32cube.ide.mcu.externaltools.gnu-tools-for-stm32.13.3.rel1.win32_1.0.0.202411081344/tools/bin/../lib/gcc/arm-none-eabi/13.3.1/../../../../arm-none-eabi/lib/thumb/v7e-m+dp/hard\libc_nano.a(libc_a-findfp.o) (__sread)
C:/ST/STM32CubeIDE_1.18.1/STM32CubeIDE/plugins/com.st.stm32cube.ide.mcu.externaltools.gnu-tools-for-stm32.13.3.rel1.win32_1.0.0.202411081344/tools/bin/../lib/gcc/arm-none-eabi/13.3.1/../../../../arm-none-eabi/lib/thumb/v7e-m+dp/hard\libc_nano.a(libc_a-memcmp.o)
                              ./Core/App/mole/mole.o (memcmp)
C:/ST/STM32CubeIDE_1.18.1/STM32CubeIDE/plugins/com.st.stm32cube.ide.mcu.externaltools.gnu-tools-for-stm32.13.3.rel1.win32_1.0.0.202411081344/tools/bin/../lib/gcc/arm-none-eabi/13.3.1/../../../../arm-none-eabi/lib/thumb/v7e-m+dp/hard\libc_nano.a(libc_a-memset.o)
                              C:/ST/STM32CubeIDE_1.18.1/STM32CubeIDE/plugins/com.st.stm32cube.ide.mcu.externaltools.gnu-tools-for-stm32.13.3.rel1.win32_1.0.0.202411081344/tools/bin/../lib/gcc/arm-none-eabi/13.3.1/../../../../arm-none-eabi/lib/thumb/v7e-m+dp/hard/crt0.o (memset)
C:/ST/STM32CubeIDE_1.18.1/STM32CubeIDE/plugins/com.st.stm32cube.ide.mcu.externaltools.gnu-tools-for-stm32.13.3.rel1.win32_1.0.0.202411081344/tools/bin/../lib/gcc/arm-none-eabi/13.3.1/../../../../arm-none-eabi/lib/thumb/v7e-m+dp/hard\libc_nano.a(libc_a-closer.o)
                              C:/ST/STM32CubeIDE_1.18.1/STM32CubeIDE/plugins/com.st.stm32cube.ide.mcu.externaltools.gnu-tools-for-stm32.13.3.rel1.win32_1.0.0.202411081344/tools/bin/../lib/gcc/arm-none-eabi/13.3.1/../../../../arm-none-eabi/lib/thumb/v7e-m+dp/hard\libc_nano.a(libc_a-stdio.o) (_close_r)
C:/ST/STM32CubeIDE_1.18.1/STM32CubeIDE/plugins/com.st.stm32cube.ide.mcu.externaltools.gnu-tools-for-stm32.13.3.rel1.win32_1.0.0.202411081344/tools/bin/../lib/gcc/arm-none-eabi/13.3.1/../../../../arm-none-eabi/lib/thumb/v7e-m+dp/hard\libc_nano.a(libc_a-reent.o)
                              C:/ST/STM32CubeIDE_1.18.1/STM32CubeIDE/plugins/com.st.stm32cube.ide.mcu.externaltools.gnu-tools-for-stm32.13.3.rel1.win32_1.0.0.202411081344/tools/bin/../lib/gcc/arm-none-eabi/13.3.1/../../../../arm-none-eabi/lib/thumb/v7e-m+dp/hard\libc_nano.a(libc_a-closer.o) (errno)
C:/ST/STM32CubeIDE_1.18.1/STM32CubeIDE/plugins/com.st.stm32cube.ide.mcu.externaltools.gnu-tools-for-stm32.13.3.rel1.win32_1.0.0.202411081344/tools/bin/../lib/gcc/arm-none-eabi/13.3.1/../../../../arm-none-eabi/lib/thumb/v7e-m+dp/hard\libc_nano.a(libc_a-impure.o)
[...]
Memory Configuration

Name             Origin             Length             Attributes
FLASH            0x08000000         0x00200000         xr
DTCMRAM          0x20000000         0x00020000         xrw
RAM_D1           0x24000000         0x00080000         xrw
RAM_D2           0x30000000         0x00048000         xrw
RAM_D3           0x38000000         0x00010000         xrw
ITCMRAM          0x00000000         0x00010000         xrw
*default*        0x00000000         0xffffffff

Linker script and memory map

LOAD C:/ST/STM32CubeIDE_1.18.1/STM32CubeIDE/plugins/com.st.stm32cube.ide.mcu.externaltools.gnu-tools-for-stm32.13.3.rel1.win32_1.0.0.202411081344/tools/bin/../lib/gcc/arm-none-eabi/13.3.1/thumb/v7e-m+dp/hard/crti.o
LOAD C:/ST/STM32CubeIDE_1.18.1/STM32CubeIDE/plugins/com.st.stm32cube.ide.mcu.externaltools.gnu-tools-for-stm32.13.3.rel1.win32_1.0.0.202411081344/tools/bin/../lib/gcc/arm-none-eabi/13.3.1/thumb/v7e-m+dp/hard/crtbegin.o
LOAD C:/ST/STM32CubeIDE_1.18.1/STM32CubeIDE/plugins/com.st.stm32cube.ide.mcu.externaltools.gnu-tools-for-stm32.13.3.rel1.win32_1.0.0.202411081344/tools/bin/../lib/gcc/arm-none-eabi/13.3.1/../../../../arm-none-eabi/lib/thumb/v7e-m+dp/hard/crt0.o
LOAD ./Core/App/UARTs/okuart.o
LOAD ./Core/App/app.o
LOAD ./Core/App/bci/bci.o
LOAD ./Core/App/bci/bciHW.o
LOAD ./Core/App/bci/vm.o
LOAD ./Core/App/mole/blake2s.o
LOAD ./Core/App/mole/mole.o
LOAD ./Core/App/mole/xchacha.o
LOAD ./Core/Src/main.o
LOAD ./Core/Src/stm32h7xx_hal_msp.o
LOAD ./Core/Src/stm32h7xx_hal_timebase_tim.o
LOAD ./Core/Src/stm32h7xx_it.o
LOAD ./Core/Src/syscalls.o
LOAD ./Core/Src/sysmem.o
LOAD ./Core/Src/system_stm32h7xx.o
LOAD ./Core/Startup/startup_stm32h753zitx.o
LOAD ./Drivers/BSP/STM32H7xx_Nucleo/stm32h7xx_nucleo.o
LOAD ./Drivers/STM32H7xx_HAL_Driver/Src/stm32h7xx_hal.o
LOAD ./Drivers/STM32H7xx_HAL_Driver/Src/stm32h7xx_hal_cortex.o
LOAD ./Drivers/STM32H7xx_HAL_Driver/Src/stm32h7xx_hal_crc.o
LOAD ./Drivers/STM32H7xx_HAL_Driver/Src/stm32h7xx_hal_crc_ex.o
LOAD ./Drivers/STM32H7xx_HAL_Driver/Src/stm32h7xx_hal_dma.o
LOAD ./Drivers/STM32H7xx_HAL_Driver/Src/stm32h7xx_hal_dma_ex.o
LOAD ./Drivers/STM32H7xx_HAL_Driver/Src/stm32h7xx_hal_exti.o
LOAD ./Drivers/STM32H7xx_HAL_Driver/Src/stm32h7xx_hal_flash.o
LOAD ./Drivers/STM32H7xx_HAL_Driver/Src/stm32h7xx_hal_flash_ex.o
LOAD ./Drivers/STM32H7xx_HAL_Driver/Src/stm32h7xx_hal_gpio.o
LOAD ./Drivers/STM32H7xx_HAL_Driver/Src/stm32h7xx_hal_hrtim.o
LOAD ./Drivers/STM32H7xx_HAL_Driver/Src/stm32h7xx_hal_hsem.o
LOAD ./Drivers/STM32H7xx_HAL_Driver/Src/stm32h7xx_hal_i2c.o
LOAD ./Drivers/STM32H7xx_HAL_Driver/Src/stm32h7xx_hal_i2c_ex.o
LOAD ./Drivers/STM32H7xx_HAL_Driver/Src/stm32h7xx_hal_mdma.o
LOAD ./Drivers/STM32H7xx_HAL_Driver/Src/stm32h7xx_hal_pwr.o
LOAD ./Drivers/STM32H7xx_HAL_Driver/Src/stm32h7xx_hal_pwr_ex.o
LOAD ./Drivers/STM32H7xx_HAL_Driver/Src/stm32h7xx_hal_rcc.o
LOAD ./Drivers/STM32H7xx_HAL_Driver/Src/stm32h7xx_hal_rcc_ex.o
LOAD ./Drivers/STM32H7xx_HAL_Driver/Src/stm32h7xx_hal_rng.o
LOAD ./Drivers/STM32H7xx_HAL_Driver/Src/stm32h7xx_hal_rng_ex.o
LOAD ./Drivers/STM32H7xx_HAL_Driver/Src/stm32h7xx_hal_spi.o
LOAD ./Drivers/STM32H7xx_HAL_Driver/Src/stm32h7xx_hal_spi_ex.o
LOAD ./Drivers/STM32H7xx_HAL_Driver/Src/stm32h7xx_hal_tim.o
LOAD ./Drivers/STM32H7xx_HAL_Driver/Src/stm32h7xx_hal_tim_ex.o
LOAD ./Drivers/STM32H7xx_HAL_Driver/Src/stm32h7xx_hal_uart.o
LOAD ./Drivers/STM32H7xx_HAL_Driver/Src/stm32h7xx_hal_uart_ex.o
LOAD ./Drivers/STM32H7xx_HAL_Driver/Src/stm32h7xx_hal_usart.o
LOAD ./Drivers/STM32H7xx_HAL_Driver/Src/stm32h7xx_hal_usart_ex.o
START GROUP
LOAD C:/ST/STM32CubeIDE_1.18.1/STM32CubeIDE/plugins/com.st.stm32cube.ide.mcu.externaltools.gnu-tools-for-stm32.13.3.rel1.win32_1.0.0.202411081344/tools/bin/../lib/gcc/arm-none-eabi/13.3.1/../../../../arm-none-eabi/lib/thumb/v7e-m+dp/hard\libc_nano.a
LOAD C:/ST/STM32CubeIDE_1.18.1/STM32CubeIDE/plugins/com.st.stm32cube.ide.mcu.externaltools.gnu-tools-for-stm32.13.3.rel1.win32_1.0.0.202411081344/tools/bin/../lib/gcc/arm-none-eabi/13.3.1/../../../../arm-none-eabi/lib/thumb/v7e-m+dp/hard\libm.a
END GROUP
START GROUP
LOAD C:/ST/STM32CubeIDE_1.18.1/STM32CubeIDE/plugins/com.st.stm32cube.ide.mcu.externaltools.gnu-tools-for-stm32.13.3.rel1.win32_1.0.0.202411081344/tools/bin/../lib/gcc/arm-none-eabi/13.3.1/thumb/v7e-m+dp/hard\libgcc.a
LOAD C:/ST/STM32CubeIDE_1.18.1/STM32CubeIDE/plugins/com.st.stm32cube.ide.mcu.externaltools.gnu-tools-for-stm32.13.3.rel1.win32_1.0.0.202411081344/tools/bin/../lib/gcc/arm-none-eabi/13.3.1/../../../../arm-none-eabi/lib/thumb/v7e-m+dp/hard\libc_nano.a
END GROUP
START GROUP
LOAD C:/ST/STM32CubeIDE_1.18.1/STM32CubeIDE/plugins/com.st.stm32cube.ide.mcu.externaltools.gnu-tools-for-stm32.13.3.rel1.win32_1.0.0.202411081344/tools/bin/../lib/gcc/arm-none-eabi/13.3.1/thumb/v7e-m+dp/hard\libgcc.a
LOAD C:/ST/STM32CubeIDE_1.18.1/STM32CubeIDE/plugins/com.st.stm32cube.ide.mcu.externaltools.gnu-tools-for-stm32.13.3.rel1.win32_1.0.0.202411081344/tools/bin/../lib/gcc/arm-none-eabi/13.3.1/../../../../arm-none-eabi/lib/thumb/v7e-m+dp/hard\libc_nano.a
LOAD C:/ST/STM32CubeIDE_1.18.1/STM32CubeIDE/plugins/com.st.stm32cube.ide.mcu.externaltools.gnu-tools-for-stm32.13.3.rel1.win32_1.0.0.202411081344/tools/bin/../lib/gcc/arm-none-eabi/13.3.1/../../../../arm-none-eabi/lib/thumb/v7e-m+dp/hard\libnosys.a
END GROUP
START GROUP
LOAD C:/ST/STM32CubeIDE_1.18.1/STM32CubeIDE/plugins/com.st.stm32cube.ide.mcu.externaltools.gnu-tools-for-stm32.13.3.rel1.win32_1.0.0.202411081344/tools/bin/../lib/gcc/arm-none-eabi/13.3.1/thumb/v7e-m+dp/hard\libgcc.a
LOAD C:/ST/STM32CubeIDE_1.18.1/STM32CubeIDE/plugins/com.st.stm32cube.ide.mcu.externaltools.gnu-tools-for-stm32.13.3.rel1.win32_1.0.0.202411081344/tools/bin/../lib/gcc/arm-none-eabi/13.3.1/../../../../arm-none-eabi/lib/thumb/v7e-m+dp/hard\libc_nano.a
LOAD C:/ST/STM32CubeIDE_1.18.1/STM32CubeIDE/plugins/com.st.stm32cube.ide.mcu.externaltools.gnu-tools-for-stm32.13.3.rel1.win32_1.0.0.202411081344/tools/bin/../lib/gcc/arm-none-eabi/13.3.1/../../../../arm-none-eabi/lib/thumb/v7e-m+dp/hard\libnosys.a
END GROUP
LOAD C:/ST/STM32CubeIDE_1.18.1/STM32CubeIDE/plugins/com.st.stm32cube.ide.mcu.externaltools.gnu-tools-for-stm32.13.3.rel1.win32_1.0.0.202411081344/tools/bin/../lib/gcc/arm-none-eabi/13.3.1/thumb/v7e-m+dp/hard/crtend.o
LOAD C:/ST/STM32CubeIDE_1.18.1/STM32CubeIDE/plugins/com.st.stm32cube.ide.mcu.externaltools.gnu-tools-for-stm32.13.3.rel1.win32_1.0.0.202411081344/tools/bin/../lib/gcc/arm-none-eabi/13.3.1/thumb/v7e-m+dp/hard/crtn.o
                0x24080000                        _estack = (ORIGIN (RAM_D1) + LENGTH (RAM_D1))
                0x00000200                        _Min_Heap_Size = 0x200
                0x00000400                        _Min_Stack_Size = 0x400

.isr_vector     0x08000000      0x298
                0x08000000                        . = ALIGN (0x4)
 *(.isr_vector)
 .isr_vector    0x08000000      0x298 ./Core/Startup/startup_stm32h753zitx.o
                0x08000000                g_pfnVectors
                0x08000298                        . = ALIGN (0x4)

.text           0x080002a0     0xdcb8
                0x080002a0                        . = ALIGN (0x4)
 *(.text)
 .text          0x080002a0       0x40 C:/ST/STM32CubeIDE_1.18.1/STM32CubeIDE/plugins/com.st.stm32cube.ide.mcu.externaltools.gnu-tools-for-stm32.13.3.rel1.win32_1.0.0.202411081344/tools/bin/../lib/gcc/arm-none-eabi/13.3.1/thumb/v7e-m+dp/hard/crtbegin.o
 .text          0x080002e0       0xa0 C:/ST/STM32CubeIDE_1.18.1/STM32CubeIDE/plugins/com.st.stm32cube.ide.mcu.externaltools.gnu-tools-for-stm32.13.3.rel1.win32_1.0.0.202411081344/tools/bin/../lib/gcc/arm-none-eabi/13.3.1/../../../../arm-none-eabi/lib/thumb/v7e-m+dp/hard\libc_nano.a(libc_a-memchr.o)
                0x080002e0                memchr
 .text          0x08000380       0x30 C:/ST/STM32CubeIDE_1.18.1/STM32CubeIDE/plugins/com.st.stm32cube.ide.mcu.externaltools.gnu-tools-for-stm32.13.3.rel1.win32_1.0.0.202411081344/tools/bin/../lib/gcc/arm-none-eabi/13.3.1/thumb/v7e-m+dp/hard\libgcc.a(_aeabi_uldivmod.o)
                0x08000380                __aeabi_uldivmod
 .text          0x080003b0      0x2f8 C:/ST/STM32CubeIDE_1.18.1/STM32CubeIDE/plugins/com.st.stm32cube.ide.mcu.externaltools.gnu-tools-for-stm32.13.3.rel1.win32_1.0.0.202411081344/tools/bin/../lib/gcc/arm-none-eabi/13.3.1/thumb/v7e-m+dp/hard\libgcc.a(_udivmoddi4.o)
                0x080003b0                __udivmoddi4
 .text          0x080006a8        0x4 C:/ST/STM32CubeIDE_1.18.1/STM32CubeIDE/plugins/com.st.stm32cube.ide.mcu.externaltools.gnu-tools-for-stm32.13.3.rel1.win32_1.0.0.202411081344/tools/bin/../lib/gcc/arm-none-eabi/13.3.1/thumb/v7e-m+dp/hard\libgcc.a(_dvmd_tls.o)
                0x080006a8                __aeabi_idiv0
                0x080006a8                __aeabi_ldiv0
 *(.text*)
 .text.UARTx_init
                0x080006ac       0x3c ./Core/App/UARTs/okuart.o
                0x080006ac                UARTx_init
 .text.UARTx_IRQHandler
                0x080006e8       0xaa ./Core/App/UARTs/okuart.o
                0x080006e8                UARTx_IRQHandler
 .text.UARTx_headroom
                0x08000792       0x24 ./Core/App/UARTs/okuart.o
                0x08000792                UARTx_headroom
 .text.UARTx_putc
                0x080007b6       0x6c ./Core/App/UARTs/okuart.o
                0x080007b6                UARTx_putc
 .text.UARTx_received
                0x08000822       0x24 ./Core/App/UARTs/okuart.o
                0x08000822                UARTx_received
 .text.UARTx_getc
                0x08000846       0x3a ./Core/App/UARTs/okuart.o
                0x08000846                UARTx_getc
 .text.__NVIC_EnableIRQ
                0x08000880       0x3c ./Core/App/app.o
 .text.USART3_IRQHandler
                0x080008bc       0x14 ./Core/App/app.o
                0x080008bc                USART3_IRQHandler
 .text.UART_putc
                0x080008d0       0x20 ./Core/App/app.o
                0x080008d0                UART_putc
 .text.UART_getc
                0x080008f0       0x18 ./Core/App/app.o
                0x080008f0                UART_getc
 .text.UART_received
                0x08000908       0x18 ./Core/App/app.o
                0x08000908                UART_received
 .text.UpdateKeySet
                0x08000920       0x3c ./Core/App/app.o
 .text.BoilerHandler
                0x0800095c       0x14 ./Core/App/app.o
 .text.StopVMthread
                0x08000970       0x14 ./Core/App/app.o
                0x08000970                StopVMthread
 .text.BCIsendChar
                0x08000984       0x34 ./Core/App/app.o
                0x08000984                BCIsendChar
 .text.BCIsendInit
                0x080009b8       0x34 ./Core/App/app.o
                0x080009b8                BCIsendInit
 .text.BCIsendFinal
                0x080009ec       0x2c ./Core/App/app.o
                0x080009ec                BCIsendFinal
 .text.BCItransmit
                0x08000a18       0x3c ./Core/App/app.o
 .text.uartCharOutput
                0x08000a54       0x1a ./Core/App/app.o
 .text.get8debug
                0x08000a6e       0x16 ./Core/App/app.o
                0x08000a6e                get8debug
 .text.TargetInit
                0x08000a84       0xd8 ./Core/App/app.o
                0x08000a84                TargetInit
 .text.ApplicationStep
                0x08000b5c       0x70 ./Core/App/app.o
                0x08000b5c                ApplicationStep
 .text.ApplicationInit
                0x08000bcc       0x4c ./Core/App/app.o
                0x08000bcc                ApplicationInit
 .text.moleTRNG
                0x08000c18       0x34 ./Core/App/app.o
                0x08000c18                moleTRNG
 .text.TIM2_IRQHandler
                0x08000c4c       0x34 ./Core/App/app.o
                0x08000c4c                TIM2_IRQHandler
 .text.get8     0x08000c80       0x48 ./Core/App/bci/bci.o
 .text.get32    0x08000cc8       0x3e ./Core/App/bci/bci.o
 .text.put8     0x08000d06       0x2a ./Core/App/bci/bci.o
 .text.putN     0x08000d30       0x40 ./Core/App/bci/bci.o
 .text.put32    0x08000d70       0x1c ./Core/App/bci/bci.o
 .text.waitUntilVMready
                0x08000d8c       0x54 ./Core/App/bci/bci.o
 .text.simulate
                0x08000de0       0x6a ./Core/App/bci/bci.o
 .text.ValidAddress
                0x08000e4a       0x36 ./Core/App/bci/bci.o
 .text.BCIhandler
                0x08000e80      0x47c ./Core/App/bci/bci.o
                0x08000e80                BCIhandler
 .text.API_Emit
                0x080012fc      0x11e ./Core/App/bci/bciHW.o
                0x080012fc                API_Emit
 .text.API_umstar_x
                0x0800141a      0x100 ./Core/App/bci/bciHW.o
 .text.API_umstar
                0x0800151a       0x1a ./Core/App/bci/bciHW.o
                0x0800151a                API_umstar
 .text.API_mudivmod
                0x08001534       0xaa ./Core/App/bci/bciHW.o
                0x08001534                API_mudivmod
 *fill*         0x080015de        0x2 
 .text.CRC32    0x080015e0       0x28 ./Core/App/bci/bciHW.o
                0x080015e0                CRC32
 .text.NVMbeginRead
                0x08001608       0x16 ./Core/App/bci/bciHW.o
                0x08001608                NVMbeginRead
 .text.NVMbeginWrite
                0x0800161e       0x16 ./Core/App/bci/bciHW.o
                0x0800161e                NVMbeginWrite
 .text.NVMread  0x08001634       0x16 ./Core/App/bci/bciHW.o
                0x08001634                NVMread
 .text.NVMwrite
                0x0800164a       0x16 ./Core/App/bci/bciHW.o
                0x0800164a                NVMwrite
 .text.NVMendRW
                0x08001660        0xe ./Core/App/bci/bciHW.o
                0x08001660                NVMendRW
 .text.NVMgetID
                0x0800166e       0x10 ./Core/App/bci/bciHW.o
                0x0800166e                NVMgetID
 .text.API_NVMbeginRead
                0x0800167e       0x1c ./Core/App/bci/bciHW.o
                0x0800167e                API_NVMbeginRead
 .text.API_NVMbeginWrite
                0x0800169a       0x1c ./Core/App/bci/bciHW.o
                0x0800169a                API_NVMbeginWrite
 .text.API_NVMread
                0x080016b6       0x1c ./Core/App/bci/bciHW.o
                0x080016b6                API_NVMread
 .text.API_NVMwrite
                0x080016d2       0x22 ./Core/App/bci/bciHW.o
                0x080016d2                API_NVMwrite
 .text.API_NVMendRW
                0x080016f4       0x16 ./Core/App/bci/bciHW.o
                0x080016f4                API_NVMendRW
 .text.API_NVMID
                0x0800170a       0x16 ./Core/App/bci/bciHW.o
                0x0800170a                API_NVMID
 .text.BCIVMioRead
                0x08001720       0x1c ./Core/App/bci/bciHW.o
                0x08001720                BCIVMioRead
 .text.BCIVMioWrite
                0x0800173c       0x22 ./Core/App/bci/bciHW.o
                0x0800173c                BCIVMioWrite
 .text.FlashUnlock
                0x0800175e       0x14 ./Core/App/bci/bciHW.o
                0x0800175e                FlashUnlock
 .text.FlashLock
                0x08001772        0xe ./Core/App/bci/bciHW.o
                0x08001772                FlashLock
 .text.FlashErase
                0x08001780       0x14 ./Core/App/bci/bciHW.o
                0x08001780                FlashErase
 .text.FlashWrite
                0x08001794       0x22 ./Core/App/bci/bciHW.o
                0x08001794                FlashWrite
 .text.API_LCDraw
                0x080017b6       0x16 ./Core/App/bci/bciHW.o
                0x080017b6                API_LCDraw
 .text.API_LCDparm
                0x080017cc       0x16 ./Core/App/bci/bciHW.o
                0x080017cc                API_LCDparm
 .text.API_LCDparmSet
                0x080017e2       0x16 ./Core/App/bci/bciHW.o
                0x080017e2                API_LCDparmSet
 .text.API_LCDchar
                0x080017f8       0x16 ./Core/App/bci/bciHW.o
                0x080017f8                API_LCDchar
 .text.API_LCDcharWidth
                0x0800180e       0x16 ./Core/App/bci/bciHW.o
                0x0800180e                API_LCDcharWidth
 .text.API_LCDfill
                0x08001824       0x16 ./Core/App/bci/bciHW.o
                0x08001824                API_LCDfill
 *fill*         0x0800183a        0x2 
 .text.API_Milliseconds
                0x0800183c       0x1c ./Core/App/bci/bciHW.o
                0x0800183c                API_Milliseconds
 .text.API_Buttons
                0x08001858       0x28 ./Core/App/bci/bciHW.o
                0x08001858                API_Buttons
 .text.API_CRC32
                0x08001880       0x30 ./Core/App/bci/bciHW.o
                0x08001880                API_CRC32
 .text.VMreadCell
                0x080018b0       0x6c ./Core/App/bci/vm.o
                0x080018b0                VMreadCell
 .text.VMwriteCell
                0x0800191c       0x36 ./Core/App/bci/vm.o
                0x0800191c                VMwriteCell
 .text.VMdupData
                0x08001952       0x46 ./Core/App/bci/vm.o
 .text.VMpushData
                0x08001998       0x1e ./Core/App/bci/vm.o
                0x08001998                VMpushData
 .text.VMpopData
                0x080019b6       0x4e ./Core/App/bci/vm.o
                0x080019b6                VMpopData
 .text.VMpushReturn
                0x08001a04       0x46 ./Core/App/bci/vm.o
 .text.VMpopReturn
                0x08001a4a       0x46 ./Core/App/bci/vm.o
 .text.VMsteps  0x08001a90       0x2c ./Core/App/bci/vm.o
                0x08001a90                VMsteps
 .text.VMstep   0x08001abc      0x658 ./Core/App/bci/vm.o
                0x08001abc                VMstep
 .text.ops0001  0x08002114       0xa4 ./Core/App/bci/vm.o
 .text.VMapiCall
                0x080021b8       0x38 ./Core/App/bci/vm.o
 .text.VMgetRP  0x080021f0       0x1a ./Core/App/bci/vm.o
                0x080021f0                VMgetRP
 .text.VMgetSP  0x0800220a       0x1a ./Core/App/bci/vm.o
                0x0800220a                VMgetSP
 .text.VMreset  0x08002224       0x7c ./Core/App/bci/vm.o
                0x08002224                VMreset
 .text.load32   0x080022a0       0x3c ./Core/App/mole/blake2s.o
 .text.store16  0x080022dc       0x3a ./Core/App/mole/blake2s.o
 .text.store32  0x08002316       0x46 ./Core/App/mole/blake2s.o
 .text.rotr32   0x0800235c       0x1e ./Core/App/mole/blake2s.o
 *fill*         0x0800237a        0x2 
 .text.secure_zero_memory
                0x0800237c       0x24 ./Core/App/mole/blake2s.o
 .text.blake2s_set_lastnode
                0x080023a0       0x1c ./Core/App/mole/blake2s.o
 .text.blake2s_is_lastblock
                0x080023bc       0x22 ./Core/App/mole/blake2s.o
 .text.blake2s_set_lastblock
                0x080023de       0x28 ./Core/App/mole/blake2s.o
 .text.blake2s_increment_counter
                0x08002406       0x3c ./Core/App/mole/blake2s.o
 *fill*         0x08002442        0x2 
 .text.blake2s_init0
                0x08002444       0x44 ./Core/App/mole/blake2s.o
 .text.blake2s_init_param
                0x08002488       0x5e ./Core/App/mole/blake2s.o
 *fill*         0x080024e6        0x2 
 .text.hotround
                0x080024e8      0x194 ./Core/App/mole/blake2s.o
 .text.blake2s_compress
                0x0800267c      0x124 ./Core/App/mole/blake2s.o
 .text.b2s_hmac_putc
                0x080027a0       0x4a ./Core/App/mole/blake2s.o
                0x080027a0                b2s_hmac_putc
 .text.b2s_hmac_putc_g
                0x080027ea       0x1e ./Core/App/mole/blake2s.o
                0x080027ea                b2s_hmac_putc_g
 .text.b2s_hmac_final
                0x08002808       0xb4 ./Core/App/mole/blake2s.o
                0x08002808                b2s_hmac_final
 .text.b2s_hmac_final_g
                0x080028bc       0x1c ./Core/App/mole/blake2s.o
                0x080028bc                b2s_hmac_final_g
 .text.b2s_hmac_puts
                0x080028d8       0x32 ./Core/App/mole/blake2s.o
                0x080028d8                b2s_hmac_puts
 .text.b2s_hmac_init
                0x0800290a      0x110 ./Core/App/mole/blake2s.o
                0x0800290a                b2s_hmac_init
 .text.b2s_hmac_init_g
                0x08002a1a       0x28 ./Core/App/mole/blake2s.o
                0x08002a1a                b2s_hmac_init_g
 .text.DUMP     0x08002a42       0x18 ./Core/App/mole/mole.o
 *fill*         0x08002a5a        0x2 
 .text.Allocate
                0x08002a5c       0x3c ./Core/App/mole/mole.o
 .text.testHMAC
                0x08002a98       0x2c ./Core/App/mole/mole.o
 .text.testKey  0x08002ac4       0x94 ./Core/App/mole/mole.o
 .text.SendByteU
                0x08002b58       0x5e ./Core/App/mole/mole.o
 .text.SendByte
                0x08002bb6       0x2c ./Core/App/mole/mole.o
 .text.SendN    0x08002be2       0x3a ./Core/App/mole/mole.o
 .text.Send2    0x08002c1c       0x2c ./Core/App/mole/mole.o
 .text.SendBlock
                0x08002c48       0x1c ./Core/App/mole/mole.o
 .text.SendEnd  0x08002c64       0x26 ./Core/App/mole/mole.o
 .text.SendBoiler
                0x08002c8a       0x58 ./Core/App/mole/mole.o
 *fill*         0x08002ce2        0x2 
 .text.BIST     0x08002ce4       0xdc ./Core/App/mole/mole.o
 .text.SendTxBuf
                0x08002dc0       0x34 ./Core/App/mole/mole.o
 .text.SendHeader
                0x08002df4       0x40 ./Core/App/mole/mole.o
 .text.SendAsHash
                0x08002e34       0x3a ./Core/App/mole/mole.o
 .text.SendTxHash
                0x08002e6e       0x9e ./Core/App/mole/mole.o
 .text.SendIV   0x08002f0c      0x110 ./Core/App/mole/mole.o
 .text.moleSendInit
                0x0800301c       0x2c ./Core/App/mole/mole.o
 .text.moleSendChar
                0x08003048       0x48 ./Core/App/mole/mole.o
 .text.moleSendFinal
                0x08003090       0x2a ./Core/App/mole/mole.o
 .text.moleSendMsg
                0x080030ba       0x44 ./Core/App/mole/mole.o
 .text.moleReKeyRequest
                0x080030fe       0x32 ./Core/App/mole/mole.o
 .text.KDF      0x08003130       0xf0 ./Core/App/mole/mole.o
 .text.moleNewKeys
                0x08003220       0x8c ./Core/App/mole/mole.o
                0x08003220                moleNewKeys
 .text.moleNoPorts
                0x080032ac       0x24 ./Core/App/mole/mole.o
                0x080032ac                moleNoPorts
 .text.moleAddPort
                0x080032d0       0xe8 ./Core/App/mole/mole.o
                0x080032d0                moleAddPort
 .text.molePair
                0x080033b8       0x36 ./Core/App/mole/mole.o
                0x080033b8                molePair
 .text.moleAvail
                0x080033ee       0x3a ./Core/App/mole/mole.o
                0x080033ee                moleAvail
 .text.molePutc
                0x08003428      0x598 ./Core/App/mole/mole.o
                0x08003428                molePutc
 .text.moleSend
                0x080039c0       0x22 ./Core/App/mole/mole.o
                0x080039c0                moleSend
 *fill*         0x080039e2        0x2 
 .text.doRounds
                0x080039e4      0x1b0 ./Core/App/mole/xchacha.o
 .text.u8tou32  0x08003b94       0x38 ./Core/App/mole/xchacha.o
 .text.u32tou8  0x08003bcc       0x1c ./Core/App/mole/xchacha.o
 .text.xchacha_hchacha20
                0x08003be8      0x108 ./Core/App/mole/xchacha.o
                0x08003be8                xchacha_hchacha20
 .text.xchacha_init
                0x08003cf0       0xb4 ./Core/App/mole/xchacha.o
                0x08003cf0                xchacha_init
 .text.xchacha_next
                0x08003da4       0xea ./Core/App/mole/xchacha.o
                0x08003da4                xchacha_next
 .text.xchacha_encrypt_bytes
                0x08003e8e       0x44 ./Core/App/mole/xchacha.o
                0x08003e8e                xchacha_encrypt_bytes
 .text.xc_crypt_init
                0x08003ed2       0x40 ./Core/App/mole/xchacha.o
                0x08003ed2                xc_crypt_init
 .text.xc_crypt_init_g
                0x08003f12       0x22 ./Core/App/mole/xchacha.o
                0x08003f12                xc_crypt_init_g
 .text.xc_crypt_block
                0x08003f34       0x32 ./Core/App/mole/xchacha.o
                0x08003f34                xc_crypt_block
 .text.xc_crypt_block_g
                0x08003f66       0x22 ./Core/App/mole/xchacha.o
                0x08003f66                xc_crypt_block_g
 .text.main     0x08003f88      0x194 ./Core/Src/main.o
                0x08003f88                main
 .text.SystemClock_Config
                0x0800411c       0xfc ./Core/Src/main.o
                0x0800411c                SystemClock_Config
 .text.MX_CRC_Init
                0x08004218       0x44 ./Core/Src/main.o
 .text.MX_HRTIM_Init
                0x0800425c      0x3c4 ./Core/Src/main.o
 .text.MX_RNG_Init
                0x08004620       0x2c ./Core/Src/main.o
 .text.MX_SPI4_Init
                0x0800464c       0xac ./Core/Src/main.o
 .text.MX_TIM2_Init
                0x080046f8       0xe8 ./Core/Src/main.o
 .text.MX_USART3_UART_Init
                0x080047e0       0x98 ./Core/Src/main.o
 .text.MX_GPIO_Init
                0x08004878      0x120 ./Core/Src/main.o
 .text.HAL_TIM_PeriodElapsedCallback
                0x08004998       0x24 ./Core/Src/main.o
                0x08004998                HAL_TIM_PeriodElapsedCallback
 .text.BSP_PB_Callback
                0x080049bc       0x28 ./Core/Src/main.o
                0x080049bc                BSP_PB_Callback
 .text.Error_Handler
                0x080049e4        0xc ./Core/Src/main.o
                0x080049e4                Error_Handler
 .text.HAL_MspInit
                0x080049f0       0x34 ./Core/Src/stm32h7xx_hal_msp.o
                0x080049f0                HAL_MspInit
 .text.HAL_CRC_MspInit
                0x08004a24       0x44 ./Core/Src/stm32h7xx_hal_msp.o
                0x08004a24                HAL_CRC_MspInit
 .text.HAL_HRTIM_MspInit
                0x08004a68       0xd4 ./Core/Src/stm32h7xx_hal_msp.o
                0x08004a68                HAL_HRTIM_MspInit
 .text.HAL_HRTIM_MspPostInit
                0x08004b3c      0x140 ./Core/Src/stm32h7xx_hal_msp.o
                0x08004b3c                HAL_HRTIM_MspPostInit
 .text.HAL_RNG_MspInit
                0x08004c7c       0x84 ./Core/Src/stm32h7xx_hal_msp.o
                0x08004c7c                HAL_RNG_MspInit
 .text.HAL_SPI_MspInit
                0x08004d00       0xd0 ./Core/Src/stm32h7xx_hal_msp.o
                0x08004d00                HAL_SPI_MspInit
 .text.HAL_TIM_Base_MspInit
                0x08004dd0       0x40 ./Core/Src/stm32h7xx_hal_msp.o
                0x08004dd0                HAL_TIM_Base_MspInit
 .text.HAL_UART_MspInit
                0x08004e10       0xd4 ./Core/Src/stm32h7xx_hal_msp.o
                0x08004e10                HAL_UART_MspInit
 .text.HAL_InitTick
                0x08004ee4       0xc4 ./Core/Src/stm32h7xx_hal_timebase_tim.o
                0x08004ee4                HAL_InitTick
 .text.NMI_Handler
                0x08004fa8        0x8 ./Core/Src/stm32h7xx_it.o
                0x08004fa8                NMI_Handler
 .text.HardFault_Handler
                0x08004fb0        0x8 ./Core/Src/stm32h7xx_it.o
                0x08004fb0                HardFault_Handler
 .text.MemManage_Handler
                0x08004fb8        0x8 ./Core/Src/stm32h7xx_it.o
                0x08004fb8                MemManage_Handler
 .text.BusFault_Handler
                0x08004fc0        0x8 ./Core/Src/stm32h7xx_it.o
                0x08004fc0                BusFault_Handler
 .text.UsageFault_Handler
                0x08004fc8        0x8 ./Core/Src/stm32h7xx_it.o
                0x08004fc8                UsageFault_Handler
 .text.SVC_Handler
                0x08004fd0        0xe ./Core/Src/stm32h7xx_it.o
                0x08004fd0                SVC_Handler
 .text.DebugMon_Handler
                0x08004fde        0xe ./Core/Src/stm32h7xx_it.o
                0x08004fde                DebugMon_Handler
 .text.PendSV_Handler
                0x08004fec        0xe ./Core/Src/stm32h7xx_it.o
                0x08004fec                PendSV_Handler
 .text.SysTick_Handler
                0x08004ffa        0xe ./Core/Src/stm32h7xx_it.o
                0x08004ffa                SysTick_Handler
 .text.EXTI15_10_IRQHandler
                0x08005008        0xe ./Core/Src/stm32h7xx_it.o
                0x08005008                EXTI15_10_IRQHandler
 *fill*         0x08005016        0x2 
 .text.HASH_RNG_IRQHandler
                0x08005018       0x14 ./Core/Src/stm32h7xx_it.o
                0x08005018                HASH_RNG_IRQHandler
 .text.TIM17_IRQHandler
                0x0800502c       0x14 ./Core/Src/stm32h7xx_it.o
                0x0800502c                TIM17_IRQHandler
 .text._getpid  0x08005040       0x10 ./Core/Src/syscalls.o
                0x08005040                _getpid
 .text._kill    0x08005050       0x20 ./Core/Src/syscalls.o
                0x08005050                _kill
 .text._exit    0x08005070       0x16 ./Core/Src/syscalls.o
                0x08005070                _exit
 .text._read    0x08005086       0x3a ./Core/Src/syscalls.o
                0x08005086                _read
 .text._write   0x080050c0       0x38 ./Core/Src/syscalls.o
                0x080050c0                _write
 .text._close   0x080050f8       0x18 ./Core/Src/syscalls.o
                0x080050f8                _close
 .text._fstat   0x08005110       0x20 ./Core/Src/syscalls.o
                0x08005110                _fstat
 .text._isatty  0x08005130       0x16 ./Core/Src/syscalls.o
                0x08005130                _isatty
 .text._lseek   0x08005146       0x1a ./Core/Src/syscalls.o
                0x08005146                _lseek
 .text._sbrk    0x08005160       0x6c ./Core/Src/sysmem.o
                0x08005160                _sbrk
 .text.SystemInit
                0x080051cc      0x140 ./Core/Src/system_stm32h7xx.o
                0x080051cc                SystemInit
 .text.ExitRun0Mode
                0x0800530c       0x30 ./Core/Src/system_stm32h7xx.o
                0x0800530c                ExitRun0Mode
 .text.Reset_Handler
                0x0800533c       0x54 ./Core/Startup/startup_stm32h753zitx.o
                0x0800533c                Reset_Handler
 .text.Default_Handler
                0x08005390        0x2 ./Core/Startup/startup_stm32h753zitx.o
                0x08005390                RTC_Alarm_IRQHandler
                0x08005390                EXTI2_IRQHandler
                0x08005390                TIM8_CC_IRQHandler
                0x08005390                HRTIM1_Master_IRQHandler
                0x08005390                UART8_IRQHandler
                0x08005390                SPI4_IRQHandler
                0x08005390                TIM1_CC_IRQHandler
                0x08005390                BDMA_Channel6_IRQHandler
                0x08005390                DMA2_Stream5_IRQHandler
                0x08005390                HRTIM1_FLT_IRQHandler
                0x08005390                JPEG_IRQHandler
                0x08005390                DMA1_Stream5_IRQHandler
                0x08005390                BDMA_Channel1_IRQHandler
                0x08005390                HRTIM1_TIMD_IRQHandler
                0x08005390                TAMP_STAMP_IRQHandler
                0x08005390                EXTI3_IRQHandler
                0x08005390                LPTIM4_IRQHandler
                0x08005390                TIM8_TRG_COM_TIM14_IRQHandler
                0x08005390                LPTIM2_IRQHandler
                0x08005390                DFSDM1_FLT1_IRQHandler
                0x08005390                DMAMUX2_OVR_IRQHandler
                0x08005390                TIM8_UP_TIM13_IRQHandler
                0x08005390                I2C3_ER_IRQHandler
                0x08005390                DFSDM1_FLT2_IRQHandler
                0x08005390                MDMA_IRQHandler
                0x08005390                LPTIM3_IRQHandler
                0x08005390                HSEM1_IRQHandler
                0x08005390                EXTI0_IRQHandler
                0x08005390                I2C2_EV_IRQHandler
                0x08005390                DMA1_Stream2_IRQHandler
                0x08005390                FPU_IRQHandler
                0x08005390                OTG_HS_WKUP_IRQHandler
                0x08005390                FDCAN1_IT1_IRQHandler
                0x08005390                LTDC_ER_IRQHandler
                0x08005390                DMA2_Stream2_IRQHandler
                0x08005390                HRTIM1_TIME_IRQHandler
                0x08005390                SPI1_IRQHandler
                0x08005390                TIM6_DAC_IRQHandler
                0x08005390                DCMI_IRQHandler
                0x08005390                HRTIM1_TIMC_IRQHandler
                0x08005390                DMA2_Stream3_IRQHandler
                0x08005390                SAI2_IRQHandler
                0x08005390                DFSDM1_FLT3_IRQHandler
                0x08005390                USART6_IRQHandler
                0x08005390                BDMA_Channel7_IRQHandler
                0x08005390                CRYP_IRQHandler
                0x08005390                LPTIM5_IRQHandler
                0x08005390                UART5_IRQHandler
                0x08005390                ADC3_IRQHandler
                0x08005390                DMA2_Stream0_IRQHandler
                0x08005390                TIM4_IRQHandler
                0x08005390                BDMA_Channel2_IRQHandler
                0x08005390                QUADSPI_IRQHandler
                0x08005390                I2C1_EV_IRQHandler
                0x08005390                DMA1_Stream6_IRQHandler
                0x08005390                DMAMUX1_OVR_IRQHandler
                0x08005390                DMA1_Stream1_IRQHandler
                0x08005390                TIM16_IRQHandler
                0x08005390                UART4_IRQHandler
                0x08005390                BDMA_Channel5_IRQHandler
                0x08005390                TIM3_IRQHandler
                0x08005390                RCC_IRQHandler
                0x08005390                TIM8_BRK_TIM12_IRQHandler
                0x08005390                TIM1_TRG_COM_IRQHandler
                0x08005390                Default_Handler
                0x08005390                ECC_IRQHandler
                0x08005390                CEC_IRQHandler
                0x08005390                BDMA_Channel0_IRQHandler
                0x08005390                ADC_IRQHandler
                0x08005390                DMA1_Stream7_IRQHandler
                0x08005390                HRTIM1_TIMA_IRQHandler
                0x08005390                SPI5_IRQHandler
                0x08005390                TIM7_IRQHandler
                0x08005390                SDMMC1_IRQHandler
                0x08005390                TIM5_IRQHandler
                0x08005390                DMA2_Stream7_IRQHandler
                0x08005390                TIM15_IRQHandler
                0x08005390                PVD_AVD_IRQHandler
                0x08005390                I2C3_EV_IRQHandler
                0x08005390                EXTI9_5_IRQHandler
                0x08005390                RTC_WKUP_IRQHandler
                0x08005390                LTDC_IRQHandler
                0x08005390                SAI3_IRQHandler
                0x08005390                ETH_WKUP_IRQHandler
                0x08005390                SPDIF_RX_IRQHandler
                0x08005390                SPI2_IRQHandler
                0x08005390                OTG_HS_EP1_IN_IRQHandler
                0x08005390                DMA1_Stream0_IRQHandler
                0x08005390                CRS_IRQHandler
                0x08005390                EXTI4_IRQHandler
                0x08005390                HRTIM1_TIMB_IRQHandler
                0x08005390                FDCAN2_IT1_IRQHandler
                0x08005390                ETH_IRQHandler
                0x08005390                TIM1_UP_IRQHandler
                0x08005390                BDMA_Channel4_IRQHandler
                0x08005390                OTG_HS_EP1_OUT_IRQHandler
                0x08005390                WWDG_IRQHandler
                0x08005390                SPI6_IRQHandler
                0x08005390                MDIOS_IRQHandler
                0x08005390                I2C4_EV_IRQHandler
                0x08005390                FDCAN2_IT0_IRQHandler
                0x08005390                LPUART1_IRQHandler
                0x08005390                FDCAN1_IT0_IRQHandler
                0x08005390                OTG_FS_WKUP_IRQHandler
                0x08005390                OTG_HS_IRQHandler
                0x08005390                DMA2D_IRQHandler
                0x08005390                TIM1_BRK_IRQHandler
                0x08005390                EXTI1_IRQHandler
                0x08005390                SDMMC2_IRQHandler
                0x08005390                OTG_FS_EP1_OUT_IRQHandler
                0x08005390                BDMA_Channel3_IRQHandler
                0x08005390                UART7_IRQHandler
                0x08005390                MDIOS_WKUP_IRQHandler
                0x08005390                USART2_IRQHandler
                0x08005390                DFSDM1_FLT0_IRQHandler
                0x08005390                SAI4_IRQHandler
                0x08005390                I2C2_ER_IRQHandler
                0x08005390                DMA2_Stream1_IRQHandler
                0x08005390                FLASH_IRQHandler
                0x08005390                DMA2_Stream4_IRQHandler
                0x08005390                USART1_IRQHandler
                0x08005390                OTG_FS_IRQHandler
                0x08005390                SPI3_IRQHandler
                0x08005390                WAKEUP_PIN_IRQHandler
                0x08005390                DMA1_Stream4_IRQHandler
                0x08005390                OTG_FS_EP1_IN_IRQHandler
                0x08005390                I2C1_ER_IRQHandler
                0x08005390                FMC_IRQHandler
                0x08005390                FDCAN_CAL_IRQHandler
                0x08005390                SWPMI1_IRQHandler
                0x08005390                COMP1_IRQHandler
                0x08005390                LPTIM1_IRQHandler
                0x08005390                I2C4_ER_IRQHandler
                0x08005390                DMA2_Stream6_IRQHandler
                0x08005390                SAI1_IRQHandler
                0x08005390                DMA1_Stream3_IRQHandler
 *fill*         0x08005392        0x2 
 .text.BSP_LED_Init
                0x08005394       0xec ./Drivers/BSP/STM32H7xx_Nucleo/stm32h7xx_nucleo.o
                0x08005394                BSP_LED_Init
 .text.BSP_LED_On
                0x08005480       0x54 ./Drivers/BSP/STM32H7xx_Nucleo/stm32h7xx_nucleo.o
                0x08005480                BSP_LED_On
 .text.BSP_LED_Toggle
                0x080054d4       0x54 ./Drivers/BSP/STM32H7xx_Nucleo/stm32h7xx_nucleo.o
                0x080054d4                BSP_LED_Toggle
 .text.BSP_PB_Init
                0x08005528       0xe4 ./Drivers/BSP/STM32H7xx_Nucleo/stm32h7xx_nucleo.o
                0x08005528                BSP_PB_Init
 .text.BSP_PB_IRQHandler
                0x0800560c       0x24 ./Drivers/BSP/STM32H7xx_Nucleo/stm32h7xx_nucleo.o
                0x0800560c                BSP_PB_IRQHandler
 .text.BUTTON_USER_EXTI_Callback
                0x08005630        0xe ./Drivers/BSP/STM32H7xx_Nucleo/stm32h7xx_nucleo.o
 *fill*         0x0800563e        0x2 
 .text.HAL_Init
                0x08005640       0x78 ./Drivers/STM32H7xx_HAL_Driver/Src/stm32h7xx_hal.o
                0x08005640                HAL_Init
 .text.HAL_IncTick
                0x080056b8       0x28 ./Drivers/STM32H7xx_HAL_Driver/Src/stm32h7xx_hal.o
                0x080056b8                HAL_IncTick
 .text.HAL_GetTick
                0x080056e0       0x18 ./Drivers/STM32H7xx_HAL_Driver/Src/stm32h7xx_hal.o
                0x080056e0                HAL_GetTick
 .text.HAL_Delay
                0x080056f8       0x48 ./Drivers/STM32H7xx_HAL_Driver/Src/stm32h7xx_hal.o
                0x080056f8                HAL_Delay
 .text.HAL_GetREVID
                0x08005740       0x18 ./Drivers/STM32H7xx_HAL_Driver/Src/stm32h7xx_hal.o
                0x08005740                HAL_GetREVID
 .text.__NVIC_SetPriorityGrouping
                0x08005758       0x48 ./Drivers/STM32H7xx_HAL_Driver/Src/stm32h7xx_hal_cortex.o
 .text.__NVIC_GetPriorityGrouping
                0x080057a0       0x1c ./Drivers/STM32H7xx_HAL_Driver/Src/stm32h7xx_hal_cortex.o
 .text.__NVIC_EnableIRQ
                0x080057bc       0x3c ./Drivers/STM32H7xx_HAL_Driver/Src/stm32h7xx_hal_cortex.o
 .text.__NVIC_SetPriority
                0x080057f8       0x54 ./Drivers/STM32H7xx_HAL_Driver/Src/stm32h7xx_hal_cortex.o
 .text.NVIC_EncodePriority
                0x0800584c       0x66 ./Drivers/STM32H7xx_HAL_Driver/Src/stm32h7xx_hal_cortex.o
 .text.HAL_NVIC_SetPriorityGrouping
                0x080058b2       0x16 ./Drivers/STM32H7xx_HAL_Driver/Src/stm32h7xx_hal_cortex.o
                0x080058b2                HAL_NVIC_SetPriorityGrouping
 .text.HAL_NVIC_SetPriority
                0x080058c8       0x34 ./Drivers/STM32H7xx_HAL_Driver/Src/stm32h7xx_hal_cortex.o
                0x080058c8                HAL_NVIC_SetPriority
 .text.HAL_NVIC_EnableIRQ
                0x080058fc       0x1c ./Drivers/STM32H7xx_HAL_Driver/Src/stm32h7xx_hal_cortex.o
                0x080058fc                HAL_NVIC_EnableIRQ
 .text.HAL_CRC_Init
                0x08005918       0xc8 ./Drivers/STM32H7xx_HAL_Driver/Src/stm32h7xx_hal_crc.o
                0x08005918                HAL_CRC_Init
 .text.HAL_CRC_Calculate
                0x080059e0       0x98 ./Drivers/STM32H7xx_HAL_Driver/Src/stm32h7xx_hal_crc.o
                0x080059e0                HAL_CRC_Calculate
 .text.CRC_Handle_8
                0x08005a78      0x120 ./Drivers/STM32H7xx_HAL_Driver/Src/stm32h7xx_hal_crc.o
 .text.CRC_Handle_16
                0x08005b98       0x74 ./Drivers/STM32H7xx_HAL_Driver/Src/stm32h7xx_hal_crc.o
 .text.HAL_CRCEx_Polynomial_Set
                0x08005c0c      0x11c ./Drivers/STM32H7xx_HAL_Driver/Src/stm32h7xx_hal_crc_ex.o
                0x08005c0c                HAL_CRCEx_Polynomial_Set
 .text.HAL_EXTI_RegisterCallback
                0x08005d28       0x3e ./Drivers/STM32H7xx_HAL_Driver/Src/stm32h7xx_hal_exti.o
                0x08005d28                HAL_EXTI_RegisterCallback
 .text.HAL_EXTI_GetHandle
                0x08005d66       0x28 ./Drivers/STM32H7xx_HAL_Driver/Src/stm32h7xx_hal_exti.o
                0x08005d66                HAL_EXTI_GetHandle
 *fill*         0x08005d8e        0x2 
 .text.HAL_EXTI_IRQHandler
                0x08005d90       0x60 ./Drivers/STM32H7xx_HAL_Driver/Src/stm32h7xx_hal_exti.o
                0x08005d90                HAL_EXTI_IRQHandler
 .text.HAL_GPIO_Init
                0x08005df0      0x360 ./Drivers/STM32H7xx_HAL_Driver/Src/stm32h7xx_hal_gpio.o
                0x08005df0                HAL_GPIO_Init
 .text.HAL_GPIO_ReadPin
                0x08006150       0x30 ./Drivers/STM32H7xx_HAL_Driver/Src/stm32h7xx_hal_gpio.o
                0x08006150                HAL_GPIO_ReadPin
 .text.HAL_GPIO_WritePin
                0x08006180       0x32 ./Drivers/STM32H7xx_HAL_Driver/Src/stm32h7xx_hal_gpio.o
                0x08006180                HAL_GPIO_WritePin
 .text.HAL_GPIO_TogglePin
                0x080061b2       0x34 ./Drivers/STM32H7xx_HAL_Driver/Src/stm32h7xx_hal_gpio.o
                0x080061b2                HAL_GPIO_TogglePin
 *fill*         0x080061e6        0x2 
 .text.HAL_HRTIM_Init
                0x080061e8      0x1a0 ./Drivers/STM32H7xx_HAL_Driver/Src/stm32h7xx_hal_hrtim.o
                0x080061e8                HAL_HRTIM_Init
 .text.HAL_HRTIM_TimeBaseConfig
                0x08006388       0x50 ./Drivers/STM32H7xx_HAL_Driver/Src/stm32h7xx_hal_hrtim.o
                0x08006388                HAL_HRTIM_TimeBaseConfig
 .text.HAL_HRTIM_EventConfig
                0x080063d8       0x5e ./Drivers/STM32H7xx_HAL_Driver/Src/stm32h7xx_hal_hrtim.o
                0x080063d8                HAL_HRTIM_EventConfig
 .text.HAL_HRTIM_EventPrescalerConfig
                0x08006436       0x72 ./Drivers/STM32H7xx_HAL_Driver/Src/stm32h7xx_hal_hrtim.o
                0x08006436                HAL_HRTIM_EventPrescalerConfig
 .text.HAL_HRTIM_WaveformTimerConfig
                0x080064a8       0xe4 ./Drivers/STM32H7xx_HAL_Driver/Src/stm32h7xx_hal_hrtim.o
                0x080064a8                HAL_HRTIM_WaveformTimerConfig
 .text.HAL_HRTIM_WaveformCompareConfig
                0x0800658c      0x2dc ./Drivers/STM32H7xx_HAL_Driver/Src/stm32h7xx_hal_hrtim.o
                0x0800658c                HAL_HRTIM_WaveformCompareConfig
 .text.HAL_HRTIM_WaveformOutputConfig
                0x08006868       0x62 ./Drivers/STM32H7xx_HAL_Driver/Src/stm32h7xx_hal_hrtim.o
                0x08006868                HAL_HRTIM_WaveformOutputConfig
 .text.HAL_HRTIM_WaveformOutputStart
                0x080068ca       0x5a ./Drivers/STM32H7xx_HAL_Driver/Src/stm32h7xx_hal_hrtim.o
                0x080068ca                HAL_HRTIM_WaveformOutputStart
 .text.HAL_HRTIM_WaveformCountStart
                0x08006924       0x56 ./Drivers/STM32H7xx_HAL_Driver/Src/stm32h7xx_hal_hrtim.o
                0x08006924                HAL_HRTIM_WaveformCountStart
 .text.HRTIM_MasterBase_Config
                0x0800697a       0x5e ./Drivers/STM32H7xx_HAL_Driver/Src/stm32h7xx_hal_hrtim.o
 .text.HRTIM_TimingUnitBase_Config
                0x080069d8       0x80 ./Drivers/STM32H7xx_HAL_Driver/Src/stm32h7xx_hal_hrtim.o
 .text.HRTIM_MasterWaveform_Config
                0x08006a58       0xcc ./Drivers/STM32H7xx_HAL_Driver/Src/stm32h7xx_hal_hrtim.o
 .text.HRTIM_TimingUnitWaveform_Config
                0x08006b24      0x280 ./Drivers/STM32H7xx_HAL_Driver/Src/stm32h7xx_hal_hrtim.o
 .text.HRTIM_OutputConfig
                0x08006da4      0x1b0 ./Drivers/STM32H7xx_HAL_Driver/Src/stm32h7xx_hal_hrtim.o
 .text.HRTIM_EventConfig
                0x08006f54      0x450 ./Drivers/STM32H7xx_HAL_Driver/Src/stm32h7xx_hal_hrtim.o
 .text.HRTIM_ForceRegistersUpdate
                0x080073a4       0xc4 ./Drivers/STM32H7xx_HAL_Driver/Src/stm32h7xx_hal_hrtim.o
 .text.HAL_PWREx_ConfigSupply
                0x08007468       0x74 ./Drivers/STM32H7xx_HAL_Driver/Src/stm32h7xx_hal_pwr_ex.o
                0x08007468                HAL_PWREx_ConfigSupply
 .text.HAL_RCC_OscConfig
                0x080074dc      0x8b4 ./Drivers/STM32H7xx_HAL_Driver/Src/stm32h7xx_hal_rcc.o
                0x080074dc                HAL_RCC_OscConfig
 .text.HAL_RCC_ClockConfig
                0x08007d90      0x36c ./Drivers/STM32H7xx_HAL_Driver/Src/stm32h7xx_hal_rcc.o
                0x08007d90                HAL_RCC_ClockConfig
 .text.HAL_RCC_GetSysClockFreq
                0x080080fc      0x2f4 ./Drivers/STM32H7xx_HAL_Driver/Src/stm32h7xx_hal_rcc.o
                0x080080fc                HAL_RCC_GetSysClockFreq
 .text.HAL_RCC_GetHCLKFreq
                0x080083f0       0x60 ./Drivers/STM32H7xx_HAL_Driver/Src/stm32h7xx_hal_rcc.o
                0x080083f0                HAL_RCC_GetHCLKFreq
 .text.HAL_RCC_GetPCLK1Freq
                0x08008450       0x2c ./Drivers/STM32H7xx_HAL_Driver/Src/stm32h7xx_hal_rcc.o
                0x08008450                HAL_RCC_GetPCLK1Freq
 .text.HAL_RCC_GetPCLK2Freq
                0x0800847c       0x2c ./Drivers/STM32H7xx_HAL_Driver/Src/stm32h7xx_hal_rcc.o
                0x0800847c                HAL_RCC_GetPCLK2Freq
 .text.HAL_RCC_GetClockConfig
                0x080084a8       0x84 ./Drivers/STM32H7xx_HAL_Driver/Src/stm32h7xx_hal_rcc.o
                0x080084a8                HAL_RCC_GetClockConfig
 .text.HAL_RCCEx_PeriphCLKConfig
                0x0800852c     0x1414 ./Drivers/STM32H7xx_HAL_Driver/Src/stm32h7xx_hal_rcc_ex.o
                0x0800852c                HAL_RCCEx_PeriphCLKConfig
 .text.HAL_RCCEx_GetD3PCLK1Freq
                0x08009940       0x2c ./Drivers/STM32H7xx_HAL_Driver/Src/stm32h7xx_hal_rcc_ex.o
                0x08009940                HAL_RCCEx_GetD3PCLK1Freq
 .text.HAL_RCCEx_GetPLL2ClockFreq
                0x0800996c      0x2a8 ./Drivers/STM32H7xx_HAL_Driver/Src/stm32h7xx_hal_rcc_ex.o
                0x0800996c                HAL_RCCEx_GetPLL2ClockFreq
 .text.HAL_RCCEx_GetPLL3ClockFreq
                0x08009c14      0x2a8 ./Drivers/STM32H7xx_HAL_Driver/Src/stm32h7xx_hal_rcc_ex.o
                0x08009c14                HAL_RCCEx_GetPLL3ClockFreq
 .text.RCCEx_PLL2_Config
                0x08009ebc      0x164 ./Drivers/STM32H7xx_HAL_Driver/Src/stm32h7xx_hal_rcc_ex.o
 .text.RCCEx_PLL3_Config
                0x0800a020      0x164 ./Drivers/STM32H7xx_HAL_Driver/Src/stm32h7xx_hal_rcc_ex.o
 .text.HAL_RNG_Init
                0x0800a184       0xc4 ./Drivers/STM32H7xx_HAL_Driver/Src/stm32h7xx_hal_rng.o
                0x0800a184                HAL_RNG_Init
 .text.HAL_RNG_IRQHandler
                0x0800a248       0xd4 ./Drivers/STM32H7xx_HAL_Driver/Src/stm32h7xx_hal_rng.o
                0x0800a248                HAL_RNG_IRQHandler
 .text.HAL_RNG_ReadyDataCallback
                0x0800a31c       0x16 ./Drivers/STM32H7xx_HAL_Driver/Src/stm32h7xx_hal_rng.o
                0x0800a31c                HAL_RNG_ReadyDataCallback
 .text.HAL_RNG_ErrorCallback
                0x0800a332       0x14 ./Drivers/STM32H7xx_HAL_Driver/Src/stm32h7xx_hal_rng.o
                0x0800a332                HAL_RNG_ErrorCallback
 *fill*         0x0800a346        0x2 
 .text.HAL_SPI_Init
                0x0800a348      0x248 ./Drivers/STM32H7xx_HAL_Driver/Src/stm32h7xx_hal_spi.o
                0x0800a348                HAL_SPI_Init
 .text.HAL_SPI_Transmit
                0x0800a590      0x3dc ./Drivers/STM32H7xx_HAL_Driver/Src/stm32h7xx_hal_spi.o
                0x0800a590                HAL_SPI_Transmit
 .text.SPI_CloseTransfer
                0x0800a96c      0x140 ./Drivers/STM32H7xx_HAL_Driver/Src/stm32h7xx_hal_spi.o
 .text.SPI_WaitOnFlagUntilTimeout
                0x0800aaac       0x5c ./Drivers/STM32H7xx_HAL_Driver/Src/stm32h7xx_hal_spi.o
 .text.SPI_GetPacketSize
                0x0800ab08       0x36 ./Drivers/STM32H7xx_HAL_Driver/Src/stm32h7xx_hal_spi.o
 .text.HAL_TIM_Base_Init
                0x0800ab3e       0xae ./Drivers/STM32H7xx_HAL_Driver/Src/stm32h7xx_hal_tim.o
                0x0800ab3e                HAL_TIM_Base_Init
 .text.HAL_TIM_Base_Start_IT
                0x0800abec       0xf0 ./Drivers/STM32H7xx_HAL_Driver/Src/stm32h7xx_hal_tim.o
                0x0800abec                HAL_TIM_Base_Start_IT
 .text.HAL_TIM_PWM_Init
                0x0800acdc       0xae ./Drivers/STM32H7xx_HAL_Driver/Src/stm32h7xx_hal_tim.o
                0x0800acdc                HAL_TIM_PWM_Init
 .text.HAL_TIM_PWM_MspInit
                0x0800ad8a       0x14 ./Drivers/STM32H7xx_HAL_Driver/Src/stm32h7xx_hal_tim.o
                0x0800ad8a                HAL_TIM_PWM_MspInit
 .text.HAL_TIM_IRQHandler
                0x0800ad9e      0x20e ./Drivers/STM32H7xx_HAL_Driver/Src/stm32h7xx_hal_tim.o
                0x0800ad9e                HAL_TIM_IRQHandler
 .text.HAL_TIM_PWM_ConfigChannel
                0x0800afac      0x228 ./Drivers/STM32H7xx_HAL_Driver/Src/stm32h7xx_hal_tim.o
                0x0800afac                HAL_TIM_PWM_ConfigChannel
 .text.HAL_TIM_ConfigClockSource
                0x0800b1d4      0x1f0 ./Drivers/STM32H7xx_HAL_Driver/Src/stm32h7xx_hal_tim.o
                0x0800b1d4                HAL_TIM_ConfigClockSource
 .text.HAL_TIM_OC_DelayElapsedCallback
                0x0800b3c4       0x14 ./Drivers/STM32H7xx_HAL_Driver/Src/stm32h7xx_hal_tim.o
                0x0800b3c4                HAL_TIM_OC_DelayElapsedCallback
 .text.HAL_TIM_IC_CaptureCallback
                0x0800b3d8       0x14 ./Drivers/STM32H7xx_HAL_Driver/Src/stm32h7xx_hal_tim.o
                0x0800b3d8                HAL_TIM_IC_CaptureCallback
 .text.HAL_TIM_PWM_PulseFinishedCallback
                0x0800b3ec       0x14 ./Drivers/STM32H7xx_HAL_Driver/Src/stm32h7xx_hal_tim.o
                0x0800b3ec                HAL_TIM_PWM_PulseFinishedCallback
 .text.HAL_TIM_TriggerCallback
                0x0800b400       0x14 ./Drivers/STM32H7xx_HAL_Driver/Src/stm32h7xx_hal_tim.o
                0x0800b400                HAL_TIM_TriggerCallback
 .text.TIM_Base_SetConfig
                0x0800b414      0x140 ./Drivers/STM32H7xx_HAL_Driver/Src/stm32h7xx_hal_tim.o
                0x0800b414                TIM_Base_SetConfig
 .text.TIM_OC1_SetConfig
                0x0800b554      0x120 ./Drivers/STM32H7xx_HAL_Driver/Src/stm32h7xx_hal_tim.o
 .text.TIM_OC2_SetConfig
                0x0800b674      0x114 ./Drivers/STM32H7xx_HAL_Driver/Src/stm32h7xx_hal_tim.o
                0x0800b674                TIM_OC2_SetConfig
 .text.TIM_OC3_SetConfig
                0x0800b788      0x110 ./Drivers/STM32H7xx_HAL_Driver/Src/stm32h7xx_hal_tim.o
 .text.TIM_OC4_SetConfig
                0x0800b898       0xd4 ./Drivers/STM32H7xx_HAL_Driver/Src/stm32h7xx_hal_tim.o
 .text.TIM_OC5_SetConfig
                0x0800b96c       0xc8 ./Drivers/STM32H7xx_HAL_Driver/Src/stm32h7xx_hal_tim.o
 .text.TIM_OC6_SetConfig
                0x0800ba34       0xcc ./Drivers/STM32H7xx_HAL_Driver/Src/stm32h7xx_hal_tim.o
 .text.TIM_TI1_ConfigInputStage
                0x0800bb00       0x5e ./Drivers/STM32H7xx_HAL_Driver/Src/stm32h7xx_hal_tim.o
 .text.TIM_TI2_ConfigInputStage
                0x0800bb5e       0x60 ./Drivers/STM32H7xx_HAL_Driver/Src/stm32h7xx_hal_tim.o
 *fill*         0x0800bbbe        0x2 
 .text.TIM_ITRx_SetConfig
                0x0800bbc0       0x3c ./Drivers/STM32H7xx_HAL_Driver/Src/stm32h7xx_hal_tim.o
 .text.TIM_ETR_SetConfig
                0x0800bbfc       0x40 ./Drivers/STM32H7xx_HAL_Driver/Src/stm32h7xx_hal_tim.o
                0x0800bbfc                TIM_ETR_SetConfig
 .text.HAL_TIMEx_MasterConfigSynchronization
                0x0800bc3c      0x11c ./Drivers/STM32H7xx_HAL_Driver/Src/stm32h7xx_hal_tim_ex.o
                0x0800bc3c                HAL_TIMEx_MasterConfigSynchronization
 .text.HAL_TIMEx_CommutCallback
                0x0800bd58       0x14 ./Drivers/STM32H7xx_HAL_Driver/Src/stm32h7xx_hal_tim_ex.o
                0x0800bd58                HAL_TIMEx_CommutCallback
 .text.HAL_TIMEx_BreakCallback
                0x0800bd6c       0x14 ./Drivers/STM32H7xx_HAL_Driver/Src/stm32h7xx_hal_tim_ex.o
                0x0800bd6c                HAL_TIMEx_BreakCallback
 .text.HAL_TIMEx_Break2Callback
                0x0800bd80       0x14 ./Drivers/STM32H7xx_HAL_Driver/Src/stm32h7xx_hal_tim_ex.o
                0x0800bd80                HAL_TIMEx_Break2Callback
 .text.HAL_UART_Init
                0x0800bd94       0xa0 ./Drivers/STM32H7xx_HAL_Driver/Src/stm32h7xx_hal_uart.o
                0x0800bd94                HAL_UART_Init
 .text.UART_SetConfig
                0x0800be34      0xad0 ./Drivers/STM32H7xx_HAL_Driver/Src/stm32h7xx_hal_uart.o
                0x0800be34                UART_SetConfig
 .text.UART_AdvFeatureConfig
                0x0800c904      0x144 ./Drivers/STM32H7xx_HAL_Driver/Src/stm32h7xx_hal_uart.o
                0x0800c904                UART_AdvFeatureConfig
 .text.UART_CheckIdleState
                0x0800ca48      0x154 ./Drivers/STM32H7xx_HAL_Driver/Src/stm32h7xx_hal_uart.o
                0x0800ca48                UART_CheckIdleState
 .text.UART_WaitOnFlagUntilTimeout
                0x0800cb9c       0xda ./Drivers/STM32H7xx_HAL_Driver/Src/stm32h7xx_hal_uart.o
                0x0800cb9c                UART_WaitOnFlagUntilTimeout
 *fill*         0x0800cc76        0x2 
 .text.UART_EndRxTransfer
                0x0800cc78       0xcc ./Drivers/STM32H7xx_HAL_Driver/Src/stm32h7xx_hal_uart.o
 .text.HAL_UARTEx_DisableFifoMode
                0x0800cd44       0x72 ./Drivers/STM32H7xx_HAL_Driver/Src/stm32h7xx_hal_uart_ex.o
                0x0800cd44                HAL_UARTEx_DisableFifoMode
 .text.HAL_UARTEx_SetTxFifoThreshold
                0x0800cdb6       0x7c ./Drivers/STM32H7xx_HAL_Driver/Src/stm32h7xx_hal_uart_ex.o
                0x0800cdb6                HAL_UARTEx_SetTxFifoThreshold
 .text.HAL_UARTEx_SetRxFifoThreshold
                0x0800ce32       0x7c ./Drivers/STM32H7xx_HAL_Driver/Src/stm32h7xx_hal_uart_ex.o
                0x0800ce32                HAL_UARTEx_SetRxFifoThreshold
 *fill*         0x0800ceae        0x2 
 .text.UARTEx_SetNbDataToProcess
                0x0800ceb0       0x9c ./Drivers/STM32H7xx_HAL_Driver/Src/stm32h7xx_hal_uart_ex.o
 .text.rand     0x0800cf4c       0x7c C:/ST/STM32CubeIDE_1.18.1/STM32CubeIDE/plugins/com.st.stm32cube.ide.mcu.externaltools.gnu-tools-for-stm32.13.3.rel1.win32_1.0.0.202411081344/tools/bin/../lib/gcc/arm-none-eabi/13.3.1/../../../../arm-none-eabi/lib/thumb/v7e-m+dp/hard\libc_nano.a(libc_a-rand.o)
                0x0800cf4c                rand
 .text.std      0x0800cfc8       0x6c C:/ST/STM32CubeIDE_1.18.1/STM32CubeIDE/plugins/com.st.stm32cube.ide.mcu.externaltools.gnu-tools-for-stm32.13.3.rel1.win32_1.0.0.202411081344/tools/bin/../lib/gcc/arm-none-eabi/13.3.1/../../../../arm-none-eabi/lib/thumb/v7e-m+dp/hard\libc_nano.a(libc_a-findfp.o)
 .text.stdio_exit_handler
                0x0800d034       0x18 C:/ST/STM32CubeIDE_1.18.1/STM32CubeIDE/plugins/com.st.stm32cube.ide.mcu.externaltools.gnu-tools-for-stm32.13.3.rel1.win32_1.0.0.202411081344/tools/bin/../lib/gcc/arm-none-eabi/13.3.1/../../../../arm-none-eabi/lib/thumb/v7e-m+dp/hard\libc_nano.a(libc_a-findfp.o)
 .text.cleanup_stdio
                0x0800d04c       0x40 C:/ST/STM32CubeIDE_1.18.1/STM32CubeIDE/plugins/com.st.stm32cube.ide.mcu.externaltools.gnu-tools-for-stm32.13.3.rel1.win32_1.0.0.202411081344/tools/bin/../lib/gcc/arm-none-eabi/13.3.1/../../../../arm-none-eabi/lib/thumb/v7e-m+dp/hard\libc_nano.a(libc_a-findfp.o)
 .text.global_stdio_init.part.0
                0x0800d08c       0x3c C:/ST/STM32CubeIDE_1.18.1/STM32CubeIDE/plugins/com.st.stm32cube.ide.mcu.externaltools.gnu-tools-for-stm32.13.3.rel1.win32_1.0.0.202411081344/tools/bin/../lib/gcc/arm-none-eabi/13.3.1/../../../../arm-none-eabi/lib/thumb/v7e-m+dp/hard\libc_nano.a(libc_a-findfp.o)
 .text.__sfp_lock_acquire
                0x0800d0c8        0xc C:/ST/STM32CubeIDE_1.18.1/STM32CubeIDE/plugins/com.st.stm32cube.ide.mcu.externaltools.gnu-tools-for-stm32.13.3.rel1.win32_1.0.0.202411081344/tools/bin/../lib/gcc/arm-none-eabi/13.3.1/../../../../arm-none-eabi/lib/thumb/v7e-m+dp/hard\libc_nano.a(libc_a-findfp.o)
                0x0800d0c8                __sfp_lock_acquire
 .text.__sfp_lock_release
                0x0800d0d4        0xc C:/ST/STM32CubeIDE_1.18.1/STM32CubeIDE/plugins/com.st.stm32cube.ide.mcu.externaltools.gnu-tools-for-stm32.13.3.rel1.win32_1.0.0.202411081344/tools/bin/../lib/gcc/arm-none-eabi/13.3.1/../../../../arm-none-eabi/lib/thumb/v7e-m+dp/hard\libc_nano.a(libc_a-findfp.o)
                0x0800d0d4                __sfp_lock_release
 .text.__sinit  0x0800d0e0       0x30 C:/ST/STM32CubeIDE_1.18.1/STM32CubeIDE/plugins/com.st.stm32cube.ide.mcu.externaltools.gnu-tools-for-stm32.13.3.rel1.win32_1.0.0.202411081344/tools/bin/../lib/gcc/arm-none-eabi/13.3.1/../../../../arm-none-eabi/lib/thumb/v7e-m+dp/hard\libc_nano.a(libc_a-findfp.o)
                0x0800d0e0                __sinit
 .text._fwalk_sglue
                0x0800d110       0x3c C:/ST/STM32CubeIDE_1.18.1/STM32CubeIDE/plugins/com.st.stm32cube.ide.mcu.externaltools.gnu-tools-for-stm32.13.3.rel1.win32_1.0.0.202411081344/tools/bin/../lib/gcc/arm-none-eabi/13.3.1/../../../../arm-none-eabi/lib/thumb/v7e-m+dp/hard\libc_nano.a(libc_a-fwalk.o)
                0x0800d110                _fwalk_sglue
 .text.__sread  0x0800d14c       0x22 C:/ST/STM32CubeIDE_1.18.1/STM32CubeIDE/plugins/com.st.stm32cube.ide.mcu.externaltools.gnu-tools-for-stm32.13.3.rel1.win32_1.0.0.202411081344/tools/bin/../lib/gcc/arm-none-eabi/13.3.1/../../../../arm-none-eabi/lib/thumb/v7e-m+dp/hard\libc_nano.a(libc_a-stdio.o)
                0x0800d14c                __sread
 .text.__swrite
                0x0800d16e       0x38 C:/ST/STM32CubeIDE_1.18.1/STM32CubeIDE/plugins/com.st.stm32cube.ide.mcu.externaltools.gnu-tools-for-stm32.13.3.rel1.win32_1.0.0.202411081344/tools/bin/../lib/gcc/arm-none-eabi/13.3.1/../../../../arm-none-eabi/lib/thumb/v7e-m+dp/hard\libc_nano.a(libc_a-stdio.o)
                0x0800d16e                __swrite
 .text.__sseek  0x0800d1a6       0x24 C:/ST/STM32CubeIDE_1.18.1/STM32CubeIDE/plugins/com.st.stm32cube.ide.mcu.externaltools.gnu-tools-for-stm32.13.3.rel1.win32_1.0.0.202411081344/tools/bin/../lib/gcc/arm-none-eabi/13.3.1/../../../../arm-none-eabi/lib/thumb/v7e-m+dp/hard\libc_nano.a(libc_a-stdio.o)
                0x0800d1a6                __sseek
 .text.__sclose
                0x0800d1ca        0x8 C:/ST/STM32CubeIDE_1.18.1/STM32CubeIDE/plugins/com.st.stm32cube.ide.mcu.externaltools.gnu-tools-for-stm32.13.3.rel1.win32_1.0.0.202411081344/tools/bin/../lib/gcc/arm-none-eabi/13.3.1/../../../../arm-none-eabi/lib/thumb/v7e-m+dp/hard\libc_nano.a(libc_a-stdio.o)
                0x0800d1ca                __sclose
 .text.memcmp   0x0800d1d2       0x20 C:/ST/STM32CubeIDE_1.18.1/STM32CubeIDE/plugins/com.st.stm32cube.ide.mcu.externaltools.gnu-tools-for-stm32.13.3.rel1.win32_1.0.0.202411081344/tools/bin/../lib/gcc/arm-none-eabi/13.3.1/../../../../arm-none-eabi/lib/thumb/v7e-m+dp/hard\libc_nano.a(libc_a-memcmp.o)
                0x0800d1d2                memcmp
 .text.memset   0x0800d1f2       0x10 C:/ST/STM32CubeIDE_1.18.1/STM32CubeIDE/plugins/com.st.stm32cube.ide.mcu.externaltools.gnu-tools-for-stm32.13.3.rel1.win32_1.0.0.202411081344/tools/bin/../lib/gcc/arm-none-eabi/13.3.1/../../../../arm-none-eabi/lib/thumb/v7e-m+dp/hard\libc_nano.a(libc_a-memset.o)
                0x0800d1f2                memset
 *fill*         0x0800d202        0x2 
 .text._close_r
                0x0800d204       0x20 C:/ST/STM32CubeIDE_1.18.1/STM32CubeIDE/plugins/com.st.stm32cube.ide.mcu.externaltools.gnu-tools-for-stm32.13.3.rel1.win32_1.0.0.202411081344/tools/bin/../lib/gcc/arm-none-eabi/13.3.1/../../../../arm-none-eabi/lib/thumb/v7e-m+dp/hard\libc_nano.a(libc_a-closer.o)
                0x0800d204                _close_r
 .text._lseek_r
                0x0800d224       0x24 C:/ST/STM32CubeIDE_1.18.1/STM32CubeIDE/plugins/com.st.stm32cube.ide.mcu.externaltools.gnu-tools-for-stm32.13.3.rel1.win32_1.0.0.202411081344/tools/bin/../lib/gcc/arm-none-eabi/13.3.1/../../../../arm-none-eabi/lib/thumb/v7e-m+dp/hard\libc_nano.a(libc_a-lseekr.o)
                0x0800d224                _lseek_r
 .text._read_r  0x0800d248       0x24 C:/ST/STM32CubeIDE_1.18.1/STM32CubeIDE/plugins/com.st.stm32cube.ide.mcu.externaltools.gnu-tools-for-stm32.13.3.rel1.win32_1.0.0.202411081344/tools/bin/../lib/gcc/arm-none-eabi/13.3.1/../../../../arm-none-eabi/lib/thumb/v7e-m+dp/hard\libc_nano.a(libc_a-readr.o)
                0x0800d248                _read_r
 .text._write_r
                0x0800d26c       0x24 C:/ST/STM32CubeIDE_1.18.1/STM32CubeIDE/plugins/com.st.stm32cube.ide.mcu.externaltools.gnu-tools-for-stm32.13.3.rel1.win32_1.0.0.202411081344/tools/bin/../lib/gcc/arm-none-eabi/13.3.1/../../../../arm-none-eabi/lib/thumb/v7e-m+dp/hard\libc_nano.a(libc_a-writer.o)
                0x0800d26c                _write_r
 .text.__errno  0x0800d290        0xc C:/ST/STM32CubeIDE_1.18.1/STM32CubeIDE/plugins/com.st.stm32cube.ide.mcu.externaltools.gnu-tools-for-stm32.13.3.rel1.win32_1.0.0.202411081344/tools/bin/../lib/gcc/arm-none-eabi/13.3.1/../../../../arm-none-eabi/lib/thumb/v7e-m+dp/hard\libc_nano.a(libc_a-errno.o)
                0x0800d290                __errno
 .text.__libc_init_array
                0x0800d29c       0x48 C:/ST/STM32CubeIDE_1.18.1/STM32CubeIDE/plugins/com.st.stm32cube.ide.mcu.externaltools.gnu-tools-for-stm32.13.3.rel1.win32_1.0.0.202411081344/tools/bin/../lib/gcc/arm-none-eabi/13.3.1/../../../../arm-none-eabi/lib/thumb/v7e-m+dp/hard\libc_nano.a(libc_a-init.o)
                0x0800d29c                __libc_init_array
 .text.__retarget_lock_init_recursive
                0x0800d2e4        0x2 C:/ST/STM32CubeIDE_1.18.1/STM32CubeIDE/plugins/com.st.stm32cube.ide.mcu.externaltools.gnu-tools-for-stm32.13.3.rel1.win32_1.0.0.202411081344/tools/bin/../lib/gcc/arm-none-eabi/13.3.1/../../../../arm-none-eabi/lib/thumb/v7e-m+dp/hard\libc_nano.a(libc_a-lock.o)
                0x0800d2e4                __retarget_lock_init_recursive
 .text.__retarget_lock_acquire_recursive
                0x0800d2e6        0x2 C:/ST/STM32CubeIDE_1.18.1/STM32CubeIDE/plugins/com.st.stm32cube.ide.mcu.externaltools.gnu-tools-for-stm32.13.3.rel1.win32_1.0.0.202411081344/tools/bin/../lib/gcc/arm-none-eabi/13.3.1/../../../../arm-none-eabi/lib/thumb/v7e-m+dp/hard\libc_nano.a(libc_a-lock.o)
                0x0800d2e6                __retarget_lock_acquire_recursive
 .text.__retarget_lock_release_recursive
                0x0800d2e8        0x2 C:/ST/STM32CubeIDE_1.18.1/STM32CubeIDE/plugins/com.st.stm32cube.ide.mcu.externaltools.gnu-tools-for-stm32.13.3.rel1.win32_1.0.0.202411081344/tools/bin/../lib/gcc/arm-none-eabi/13.3.1/../../../../arm-none-eabi/lib/thumb/v7e-m+dp/hard\libc_nano.a(libc_a-lock.o)
                0x0800d2e8                __retarget_lock_release_recursive
 .text.memcpy   0x0800d2ea       0x1c C:/ST/STM32CubeIDE_1.18.1/STM32CubeIDE/plugins/com.st.stm32cube.ide.mcu.externaltools.gnu-tools-for-stm32.13.3.rel1.win32_1.0.0.202411081344/tools/bin/../lib/gcc/arm-none-eabi/13.3.1/../../../../arm-none-eabi/lib/thumb/v7e-m+dp/hard\libc_nano.a(libc_a-memcpy-stub.o)
                0x0800d2ea                memcpy
 *fill*         0x0800d306        0x2 
 .text.__assert_func
                0x0800d308       0x3c C:/ST/STM32CubeIDE_1.18.1/STM32CubeIDE/plugins/com.st.stm32cube.ide.mcu.externaltools.gnu-tools-for-stm32.13.3.rel1.win32_1.0.0.202411081344/tools/bin/../lib/gcc/arm-none-eabi/13.3.1/../../../../arm-none-eabi/lib/thumb/v7e-m+dp/hard\libc_nano.a(libc_a-assert.o)
                0x0800d308                __assert_func
 .text._free_r  0x0800d344       0x94 C:/ST/STM32CubeIDE_1.18.1/STM32CubeIDE/plugins/com.st.stm32cube.ide.mcu.externaltools.gnu-tools-for-stm32.13.3.rel1.win32_1.0.0.202411081344/tools/bin/../lib/gcc/arm-none-eabi/13.3.1/../../../../arm-none-eabi/lib/thumb/v7e-m+dp/hard\libc_nano.a(libc_a-freer.o)
                0x0800d344                _free_r
 .text.malloc   0x0800d3d8       0x10 C:/ST/STM32CubeIDE_1.18.1/STM32CubeIDE/plugins/com.st.stm32cube.ide.mcu.externaltools.gnu-tools-for-stm32.13.3.rel1.win32_1.0.0.202411081344/tools/bin/../lib/gcc/arm-none-eabi/13.3.1/../../../../arm-none-eabi/lib/thumb/v7e-m+dp/hard\libc_nano.a(libc_a-malloc.o)
                0x0800d3d8                malloc
 .text.sbrk_aligned
                0x0800d3e8       0x44 C:/ST/STM32CubeIDE_1.18.1/STM32CubeIDE/plugins/com.st.stm32cube.ide.mcu.externaltools.gnu-tools-for-stm32.13.3.rel1.win32_1.0.0.202411081344/tools/bin/../lib/gcc/arm-none-eabi/13.3.1/../../../../arm-none-eabi/lib/thumb/v7e-m+dp/hard\libc_nano.a(libc_a-mallocr.o)
 .text._malloc_r
                0x0800d42c      0x100 C:/ST/STM32CubeIDE_1.18.1/STM32CubeIDE/plugins/com.st.stm32cube.ide.mcu.externaltools.gnu-tools-for-stm32.13.3.rel1.win32_1.0.0.202411081344/tools/bin/../lib/gcc/arm-none-eabi/13.3.1/../../../../arm-none-eabi/lib/thumb/v7e-m+dp/hard\libc_nano.a(libc_a-mallocr.o)
                0x0800d42c                _malloc_r
 .text.__malloc_lock
                0x0800d52c        0xc C:/ST/STM32CubeIDE_1.18.1/STM32CubeIDE/plugins/com.st.stm32cube.ide.mcu.externaltools.gnu-tools-for-stm32.13.3.rel1.win32_1.0.0.202411081344/tools/bin/../lib/gcc/arm-none-eabi/13.3.1/../../../../arm-none-eabi/lib/thumb/v7e-m+dp/hard\libc_nano.a(libc_a-mlock.o)
                0x0800d52c                __malloc_lock
 .text.__malloc_unlock
                0x0800d538        0xc C:/ST/STM32CubeIDE_1.18.1/STM32CubeIDE/plugins/com.st.stm32cube.ide.mcu.externaltools.gnu-tools-for-stm32.13.3.rel1.win32_1.0.0.202411081344/tools/bin/../lib/gcc/arm-none-eabi/13.3.1/../../../../arm-none-eabi/lib/thumb/v7e-m+dp/hard\libc_nano.a(libc_a-mlock.o)
                0x0800d538                __malloc_unlock
 .text.__sflush_r
                0x0800d544      0x108 C:/ST/STM32CubeIDE_1.18.1/STM32CubeIDE/plugins/com.st.stm32cube.ide.mcu.externaltools.gnu-tools-for-stm32.13.3.rel1.win32_1.0.0.202411081344/tools/bin/../lib/gcc/arm-none-eabi/13.3.1/../../../../arm-none-eabi/lib/thumb/v7e-m+dp/hard\libc_nano.a(libc_a-fflush.o)
                0x0800d544                __sflush_r
 .text._fflush_r
                0x0800d64c       0x50 C:/ST/STM32CubeIDE_1.18.1/STM32CubeIDE/plugins/com.st.stm32cube.ide.mcu.externaltools.gnu-tools-for-stm32.13.3.rel1.win32_1.0.0.202411081344/tools/bin/../lib/gcc/arm-none-eabi/13.3.1/../../../../arm-none-eabi/lib/thumb/v7e-m+dp/hard\libc_nano.a(libc_a-fflush.o)
                0x0800d64c                _fflush_r
 .text.fprintf  0x0800d69c       0x24 C:/ST/STM32CubeIDE_1.18.1/STM32CubeIDE/plugins/com.st.stm32cube.ide.mcu.externaltools.gnu-tools-for-stm32.13.3.rel1.win32_1.0.0.202411081344/tools/bin/../lib/gcc/arm-none-eabi/13.3.1/../../../../arm-none-eabi/lib/thumb/v7e-m+dp/hard\libc_nano.a(libc_a-fprintf.o)
                0x0800d69c                fiprintf
                0x0800d69c                fprintf
 .text._sbrk_r  0x0800d6c0       0x20 C:/ST/STM32CubeIDE_1.18.1/STM32CubeIDE/plugins/com.st.stm32cube.ide.mcu.externaltools.gnu-tools-for-stm32.13.3.rel1.win32_1.0.0.202411081344/tools/bin/../lib/gcc/arm-none-eabi/13.3.1/../../../../arm-none-eabi/lib/thumb/v7e-m+dp/hard\libc_nano.a(libc_a-sbrkr.o)
                0x0800d6c0                _sbrk_r
 .text.abort    0x0800d6e0        0xe C:/ST/STM32CubeIDE_1.18.1/STM32CubeIDE/plugins/com.st.stm32cube.ide.mcu.externaltools.gnu-tools-for-stm32.13.3.rel1.win32_1.0.0.202411081344/tools/bin/../lib/gcc/arm-none-eabi/13.3.1/../../../../arm-none-eabi/lib/thumb/v7e-m+dp/hard\libc_nano.a(libc_a-abort.o)
                0x0800d6e0                abort
 .text.__sfputc_r
                0x0800d6ee       0x2e C:/ST/STM32CubeIDE_1.18.1/STM32CubeIDE/plugins/com.st.stm32cube.ide.mcu.externaltools.gnu-tools-for-stm32.13.3.rel1.win32_1.0.0.202411081344/tools/bin/../lib/gcc/arm-none-eabi/13.3.1/../../../../arm-none-eabi/lib/thumb/v7e-m+dp/hard\libc_nano.a(libc_a-nano-vfprintf.o)
 .text.__sfputs_r
                0x0800d71c       0x24 C:/ST/STM32CubeIDE_1.18.1/STM32CubeIDE/plugins/com.st.stm32cube.ide.mcu.externaltools.gnu-tools-for-stm32.13.3.rel1.win32_1.0.0.202411081344/tools/bin/../lib/gcc/arm-none-eabi/13.3.1/../../../../arm-none-eabi/lib/thumb/v7e-m+dp/hard\libc_nano.a(libc_a-nano-vfprintf.o)
                0x0800d71c                __sfputs_r
 .text._vfprintf_r
                0x0800d740      0x230 C:/ST/STM32CubeIDE_1.18.1/STM32CubeIDE/plugins/com.st.stm32cube.ide.mcu.externaltools.gnu-tools-for-stm32.13.3.rel1.win32_1.0.0.202411081344/tools/bin/../lib/gcc/arm-none-eabi/13.3.1/../../../../arm-none-eabi/lib/thumb/v7e-m+dp/hard\libc_nano.a(libc_a-nano-vfprintf.o)
                0x0800d740                _vfprintf_r
                0x0800d740                _vfiprintf_r
 .text._printf_common
                0x0800d970       0xda C:/ST/STM32CubeIDE_1.18.1/STM32CubeIDE/plugins/com.st.stm32cube.ide.mcu.externaltools.gnu-tools-for-stm32.13.3.rel1.win32_1.0.0.202411081344/tools/bin/../lib/gcc/arm-none-eabi/13.3.1/../../../../arm-none-eabi/lib/thumb/v7e-m+dp/hard\libc_nano.a(libc_a-nano-vfprintf_i.o)
                0x0800d970                _printf_common
 *fill*         0x0800da4a        0x2 
 .text._printf_i
                0x0800da4c      0x23c C:/ST/STM32CubeIDE_1.18.1/STM32CubeIDE/plugins/com.st.stm32cube.ide.mcu.externaltools.gnu-tools-for-stm32.13.3.rel1.win32_1.0.0.202411081344/tools/bin/../lib/gcc/arm-none-eabi/13.3.1/../../../../arm-none-eabi/lib/thumb/v7e-m+dp/hard\libc_nano.a(libc_a-nano-vfprintf_i.o)
                0x0800da4c                _printf_i
 .text.__swbuf_r
                0x0800dc88       0x7c C:/ST/STM32CubeIDE_1.18.1/STM32CubeIDE/plugins/com.st.stm32cube.ide.mcu.externaltools.gnu-tools-for-stm32.13.3.rel1.win32_1.0.0.202411081344/tools/bin/../lib/gcc/arm-none-eabi/13.3.1/../../../../arm-none-eabi/lib/thumb/v7e-m+dp/hard\libc_nano.a(libc_a-wbuf.o)
                0x0800dc88                __swbuf_r
 .text.__swsetup_r
                0x0800dd04       0xac C:/ST/STM32CubeIDE_1.18.1/STM32CubeIDE/plugins/com.st.stm32cube.ide.mcu.externaltools.gnu-tools-for-stm32.13.3.rel1.win32_1.0.0.202411081344/tools/bin/../lib/gcc/arm-none-eabi/13.3.1/../../../../arm-none-eabi/lib/thumb/v7e-m+dp/hard\libc_nano.a(libc_a-wsetup.o)
                0x0800dd04                __swsetup_r
 .text._raise_r
                0x0800ddb0       0x50 C:/ST/STM32CubeIDE_1.18.1/STM32CubeIDE/plugins/com.st.stm32cube.ide.mcu.externaltools.gnu-tools-for-stm32.13.3.rel1.win32_1.0.0.202411081344/tools/bin/../lib/gcc/arm-none-eabi/13.3.1/../../../../arm-none-eabi/lib/thumb/v7e-m+dp/hard\libc_nano.a(libc_a-signal.o)
                0x0800ddb0                _raise_r
 .text.raise    0x0800de00       0x10 C:/ST/STM32CubeIDE_1.18.1/STM32CubeIDE/plugins/com.st.stm32cube.ide.mcu.externaltools.gnu-tools-for-stm32.13.3.rel1.win32_1.0.0.202411081344/tools/bin/../lib/gcc/arm-none-eabi/13.3.1/../../../../arm-none-eabi/lib/thumb/v7e-m+dp/hard\libc_nano.a(libc_a-signal.o)
                0x0800de00                raise
 .text._kill_r  0x0800de10       0x24 C:/ST/STM32CubeIDE_1.18.1/STM32CubeIDE/plugins/com.st.stm32cube.ide.mcu.externaltools.gnu-tools-for-stm32.13.3.rel1.win32_1.0.0.202411081344/tools/bin/../lib/gcc/arm-none-eabi/13.3.1/../../../../arm-none-eabi/lib/thumb/v7e-m+dp/hard\libc_nano.a(libc_a-signalr.o)
                0x0800de10                _kill_r
 .text._getpid_r
                0x0800de34        0x4 C:/ST/STM32CubeIDE_1.18.1/STM32CubeIDE/plugins/com.st.stm32cube.ide.mcu.externaltools.gnu-tools-for-stm32.13.3.rel1.win32_1.0.0.202411081344/tools/bin/../lib/gcc/arm-none-eabi/13.3.1/../../../../arm-none-eabi/lib/thumb/v7e-m+dp/hard\libc_nano.a(libc_a-signalr.o)
                0x0800de34                _getpid_r
 .text.__swhatbuf_r
                0x0800de38       0x4c C:/ST/STM32CubeIDE_1.18.1/STM32CubeIDE/plugins/com.st.stm32cube.ide.mcu.externaltools.gnu-tools-for-stm32.13.3.rel1.win32_1.0.0.202411081344/tools/bin/../lib/gcc/arm-none-eabi/13.3.1/../../../../arm-none-eabi/lib/thumb/v7e-m+dp/hard\libc_nano.a(libc_a-makebuf.o)
                0x0800de38                __swhatbuf_r
 .text.__smakebuf_r
                0x0800de84       0x78 C:/ST/STM32CubeIDE_1.18.1/STM32CubeIDE/plugins/com.st.stm32cube.ide.mcu.externaltools.gnu-tools-for-stm32.13.3.rel1.win32_1.0.0.202411081344/tools/bin/../lib/gcc/arm-none-eabi/13.3.1/../../../../arm-none-eabi/lib/thumb/v7e-m+dp/hard\libc_nano.a(libc_a-makebuf.o)
                0x0800de84                __smakebuf_r
 .text._fstat_r
                0x0800defc       0x24 C:/ST/STM32CubeIDE_1.18.1/STM32CubeIDE/plugins/com.st.stm32cube.ide.mcu.externaltools.gnu-tools-for-stm32.13.3.rel1.win32_1.0.0.202411081344/tools/bin/../lib/gcc/arm-none-eabi/13.3.1/../../../../arm-none-eabi/lib/thumb/v7e-m+dp/hard\libc_nano.a(libc_a-fstatr.o)
                0x0800defc                _fstat_r
 .text._isatty_r
                0x0800df20       0x20 C:/ST/STM32CubeIDE_1.18.1/STM32CubeIDE/plugins/com.st.stm32cube.ide.mcu.externaltools.gnu-tools-for-stm32.13.3.rel1.win32_1.0.0.202411081344/tools/bin/../lib/gcc/arm-none-eabi/13.3.1/../../../../arm-none-eabi/lib/thumb/v7e-m+dp/hard\libc_nano.a(libc_a-isattyr.o)
                0x0800df20                _isatty_r
 *(.glue_7)
 .glue_7        0x0800df40        0x0 linker stubs
 *(.glue_7t)
 .glue_7t       0x0800df40        0x0 linker stubs
 *(.eh_frame)
 .eh_frame      0x0800df40        0x0 C:/ST/STM32CubeIDE_1.18.1/STM32CubeIDE/plugins/com.st.stm32cube.ide.mcu.externaltools.gnu-tools-for-stm32.13.3.rel1.win32_1.0.0.202411081344/tools/bin/../lib/gcc/arm-none-eabi/13.3.1/thumb/v7e-m+dp/hard/crtbegin.o
 *(.init)
 .init          0x0800df40        0x4 C:/ST/STM32CubeIDE_1.18.1/STM32CubeIDE/plugins/com.st.stm32cube.ide.mcu.externaltools.gnu-tools-for-stm32.13.3.rel1.win32_1.0.0.202411081344/tools/bin/../lib/gcc/arm-none-eabi/13.3.1/thumb/v7e-m+dp/hard/crti.o
                0x0800df40                _init
 .init          0x0800df44        0x8 C:/ST/STM32CubeIDE_1.18.1/STM32CubeIDE/plugins/com.st.stm32cube.ide.mcu.externaltools.gnu-tools-for-stm32.13.3.rel1.win32_1.0.0.202411081344/tools/bin/../lib/gcc/arm-none-eabi/13.3.1/thumb/v7e-m+dp/hard/crtn.o
 *(.fini)
 .fini          0x0800df4c        0x4 C:/ST/STM32CubeIDE_1.18.1/STM32CubeIDE/plugins/com.st.stm32cube.ide.mcu.externaltools.gnu-tools-for-stm32.13.3.rel1.win32_1.0.0.202411081344/tools/bin/../lib/gcc/arm-none-eabi/13.3.1/thumb/v7e-m+dp/hard/crti.o
                0x0800df4c                _fini
 .fini          0x0800df50        0x8 C:/ST/STM32CubeIDE_1.18.1/STM32CubeIDE/plugins/com.st.stm32cube.ide.mcu.externaltools.gnu-tools-for-stm32.13.3.rel1.win32_1.0.0.202411081344/tools/bin/../lib/gcc/arm-none-eabi/13.3.1/thumb/v7e-m+dp/hard/crtn.o
                0x0800df58                        . = ALIGN (0x4)
                0x0800df58                        _etext = .

.vfp11_veneer   0x0800df58        0x0
 .vfp11_veneer  0x0800df58        0x0 linker stubs

.v4_bx          0x0800df58        0x0
 .v4_bx         0x0800df58        0x0 linker stubs

.iplt           0x0800df58        0x0
 .iplt          0x0800df58        0x0 C:/ST/STM32CubeIDE_1.18.1/STM32CubeIDE/plugins/com.st.stm32cube.ide.mcu.externaltools.gnu-tools-for-stm32.13.3.rel1.win32_1.0.0.202411081344/tools/bin/../lib/gcc/arm-none-eabi/13.3.1/thumb/v7e-m+dp/hard/crtbegin.o

.rodata         0x0800df58      0x338
                0x0800df58                        . = ALIGN (0x4)
 *(.rodata)
 .rodata        0x0800df58        0x7 ./Core/App/app.o
 *(.rodata*)
 *fill*         0x0800df5f        0x1 
 .rodata.TargetBoilerSrc
                0x0800df60       0x15 ./Core/App/app.o
                0x0800df60                TargetBoilerSrc
 *fill*         0x0800df75        0x3 
 .rodata.default_keys
                0x0800df78       0x40 ./Core/App/app.o
 .rodata.stackeffects
                0x0800dfb8       0x20 ./Core/App/bci/vm.o
 .rodata.APIfns
                0x0800dfd8       0x48 ./Core/App/bci/vm.o
 .rodata.boilerplate
                0x0800e020       0x10 ./Core/App/bci/vm.o
 .rodata.blake2s_IV
                0x0800e030       0x20 ./Core/App/mole/blake2s.o
 .rodata.blake2s_sigma
                0x0800e050       0xa0 ./Core/App/mole/blake2s.o
 .rodata.idxb   0x0800e0f0        0x8 ./Core/App/mole/blake2s.o
 .rodata.idxc   0x0800e0f8        0x8 ./Core/App/mole/blake2s.o
 .rodata.idxd   0x0800e100        0x8 ./Core/App/mole/blake2s.o
 .rodata.memset_v.0
                0x0800e108        0x4 ./Core/App/mole/blake2s.o
 .rodata.KDFhashKey
                0x0800e10c       0x20 ./Core/App/mole/mole.o
 .rodata.BISThmac
                0x0800e12c       0x10 ./Core/App/mole/mole.o
 .rodata.BISTdecode
                0x0800e13c       0x10 ./Core/App/mole/mole.o
 .rodata.ind    0x0800e14c       0x20 ./Core/App/mole/xchacha.o
 .rodata.D1CorePrescTable
                0x0800e16c       0x10 ./Core/Src/system_stm32h7xx.o
                0x0800e16c                D1CorePrescTable
 .rodata.LED_PIN
                0x0800e17c        0x6 ./Drivers/BSP/STM32H7xx_Nucleo/stm32h7xx_nucleo.o
 *fill*         0x0800e182        0x2 
 .rodata.BUTTON_EXTI_LINE.2
                0x0800e184        0x4 ./Drivers/BSP/STM32H7xx_Nucleo/stm32h7xx_nucleo.o
 .rodata.UARTPrescTable
                0x0800e188       0x18 ./Drivers/STM32H7xx_HAL_Driver/Src/stm32h7xx_hal_uart.o
                0x0800e188                UARTPrescTable
 .rodata.numerator.1
                0x0800e1a0        0x8 ./Drivers/STM32H7xx_HAL_Driver/Src/stm32h7xx_hal_uart_ex.o
 .rodata.denominator.0
                0x0800e1a8        0x8 ./Drivers/STM32H7xx_HAL_Driver/Src/stm32h7xx_hal_uart_ex.o
 .rodata.srand.str1.1
                0x0800e1b0       0xde C:/ST/STM32CubeIDE_1.18.1/STM32CubeIDE/plugins/com.st.stm32cube.ide.mcu.externaltools.gnu-tools-for-stm32.13.3.rel1.win32_1.0.0.202411081344/tools/bin/../lib/gcc/arm-none-eabi/13.3.1/../../../../arm-none-eabi/lib/thumb/v7e-m+dp/hard\libc_nano.a(libc_a-rand.o)
                                 0x6f (size before relaxing)
 .rodata.__assert_func.str1.1
                0x0800e28e       0x3d C:/ST/STM32CubeIDE_1.18.1/STM32CubeIDE/plugins/com.st.stm32cube.ide.mcu.externaltools.gnu-tools-for-stm32.13.3.rel1.win32_1.0.0.202411081344/tools/bin/../lib/gcc/arm-none-eabi/13.3.1/../../../../arm-none-eabi/lib/thumb/v7e-m+dp/hard\libc_nano.a(libc_a-assert.o)
 .rodata._vfprintf_r.str1.1
                0x0800e28e       0x11 C:/ST/STM32CubeIDE_1.18.1/STM32CubeIDE/plugins/com.st.stm32cube.ide.mcu.externaltools.gnu-tools-for-stm32.13.3.rel1.win32_1.0.0.202411081344/tools/bin/../lib/gcc/arm-none-eabi/13.3.1/../../../../arm-none-eabi/lib/thumb/v7e-m+dp/hard\libc_nano.a(libc_a-nano-vfprintf.o)
 .rodata._printf_i.str1.1
                0x0800e28e       0x22 C:/ST/STM32CubeIDE_1.18.1/STM32CubeIDE/plugins/com.st.stm32cube.ide.mcu.externaltools.gnu-tools-for-stm32.13.3.rel1.win32_1.0.0.202411081344/tools/bin/../lib/gcc/arm-none-eabi/13.3.1/../../../../arm-none-eabi/lib/thumb/v7e-m+dp/hard\libc_nano.a(libc_a-nano-vfprintf_i.o)
                0x0800e2cc                        . = ALIGN (0x4)
 *fill*         0x0800e28e        0x2 

.ARM.extab
 *(.ARM.extab* .gnu.linkonce.armextab.*)

.ARM            0x0800e290        0x8
                0x0800e290                        __exidx_start = .
 *(.ARM.exidx*)
 .ARM.exidx     0x0800e290        0x8 C:/ST/STM32CubeIDE_1.18.1/STM32CubeIDE/plugins/com.st.stm32cube.ide.mcu.externaltools.gnu-tools-for-stm32.13.3.rel1.win32_1.0.0.202411081344/tools/bin/../lib/gcc/arm-none-eabi/13.3.1/../../../../arm-none-eabi/lib/thumb/v7e-m+dp/hard\libc_nano.a(libc_a-memchr.o)
 .ARM.exidx     0x0800e298        0x0 C:/ST/STM32CubeIDE_1.18.1/STM32CubeIDE/plugins/com.st.stm32cube.ide.mcu.externaltools.gnu-tools-for-stm32.13.3.rel1.win32_1.0.0.202411081344/tools/bin/../lib/gcc/arm-none-eabi/13.3.1/thumb/v7e-m+dp/hard\libgcc.a(_udivmoddi4.o)
                                  0x8 (size before relaxing)
                0x0800e298                        __exidx_end = .

.preinit_array  0x0800e298        0x0
                0x0800e298                        PROVIDE (__preinit_array_start = .)
 *(.preinit_array*)
                0x0800e298                        PROVIDE (__preinit_array_end = .)

.init_array     0x0800e298        0x4
                0x0800e298                        PROVIDE (__init_array_start = .)
 *(SORT_BY_NAME(.init_array.*))
 *(.init_array*)
 .init_array    0x0800e298        0x4 C:/ST/STM32CubeIDE_1.18.1/STM32CubeIDE/plugins/com.st.stm32cube.ide.mcu.externaltools.gnu-tools-for-stm32.13.3.rel1.win32_1.0.0.202411081344/tools/bin/../lib/gcc/arm-none-eabi/13.3.1/thumb/v7e-m+dp/hard/crtbegin.o
                0x0800e29c                        PROVIDE (__init_array_end = .)

.fini_array     0x0800e29c        0x4
                [!provide]                        PROVIDE (__fini_array_start = .)
 *(SORT_BY_NAME(.fini_array.*))
 *(.fini_array*)
 .fini_array    0x0800e29c        0x4 C:/ST/STM32CubeIDE_1.18.1/STM32CubeIDE/plugins/com.st.stm32cube.ide.mcu.externaltools.gnu-tools-for-stm32.13.3.rel1.win32_1.0.0.202411081344/tools/bin/../lib/gcc/arm-none-eabi/13.3.1/thumb/v7e-m+dp/hard/crtbegin.o
                [!provide]                        PROVIDE (__fini_array_end = .)
                0x0800e2a0                        _sidata = LOADADDR (.data)

.rel.dyn        0x0800e2a0        0x0
 .rel.iplt      0x0800e2a0        0x0 C:/ST/STM32CubeIDE_1.18.1/STM32CubeIDE/plugins/com.st.stm32cube.ide.mcu.externaltools.gnu-tools-for-stm32.13.3.rel1.win32_1.0.0.202411081344/tools/bin/../lib/gcc/arm-none-eabi/13.3.1/thumb/v7e-m+dp/hard/crtbegin.o

.data           0x24000000       0x8c load address 0x0800e2a0
                0x24000000                        . = ALIGN (0x4)
                0x24000000                        _sdata = .
 *(.data)
 *(.data*)
 .data.ctx      0x24000000        0x4 ./Core/App/app.o
 .data.TX_Buffer
                0x24000004        0x2 ./Core/App/app.o
                0x24000004                TX_Buffer
 *fill*         0x24000006        0x2 
 .data.SystemCoreClock
                0x24000008        0x4 ./Core/Src/system_stm32h7xx.o
                0x24000008                SystemCoreClock
 .data.SystemD2Clock
                0x2400000c        0x4 ./Core/Src/system_stm32h7xx.o
                0x2400000c                SystemD2Clock
 .data.LED_PORT
                0x24000010        0xc ./Drivers/BSP/STM32H7xx_Nucleo/stm32h7xx_nucleo.o
 .data.BUTTON_PORT
                0x2400001c        0x4 ./Drivers/BSP/STM32H7xx_Nucleo/stm32h7xx_nucleo.o
 .data.ButtonCallback.1
                0x24000020        0x4 ./Drivers/BSP/STM32H7xx_Nucleo/stm32h7xx_nucleo.o
 .data.BSP_BUTTON_PRIO.0
                0x24000024        0x4 ./Drivers/BSP/STM32H7xx_Nucleo/stm32h7xx_nucleo.o
 .data.uwTickPrio
                0x24000028        0x4 ./Drivers/STM32H7xx_HAL_Driver/Src/stm32h7xx_hal.o
                0x24000028                uwTickPrio
 .data.uwTickFreq
                0x2400002c        0x1 ./Drivers/STM32H7xx_HAL_Driver/Src/stm32h7xx_hal.o
                0x2400002c                uwTickFreq
 *fill*         0x2400002d        0x3 
 .data.__sglue  0x24000030        0xc C:/ST/STM32CubeIDE_1.18.1/STM32CubeIDE/plugins/com.st.stm32cube.ide.mcu.externaltools.gnu-tools-for-stm32.13.3.rel1.win32_1.0.0.202411081344/tools/bin/../lib/gcc/arm-none-eabi/13.3.1/../../../../arm-none-eabi/lib/thumb/v7e-m+dp/hard\libc_nano.a(libc_a-findfp.o)
                0x24000030                __sglue
 .data._impure_ptr
                0x2400003c        0x4 C:/ST/STM32CubeIDE_1.18.1/STM32CubeIDE/plugins/com.st.stm32cube.ide.mcu.externaltools.gnu-tools-for-stm32.13.3.rel1.win32_1.0.0.202411081344/tools/bin/../lib/gcc/arm-none-eabi/13.3.1/../../../../arm-none-eabi/lib/thumb/v7e-m+dp/hard\libc_nano.a(libc_a-impure.o)
                0x2400003c                _impure_ptr
 .data._impure_data
                0x24000040       0x4c C:/ST/STM32CubeIDE_1.18.1/STM32CubeIDE/plugins/com.st.stm32cube.ide.mcu.externaltools.gnu-tools-for-stm32.13.3.rel1.win32_1.0.0.202411081344/tools/bin/../lib/gcc/arm-none-eabi/13.3.1/../../../../arm-none-eabi/lib/thumb/v7e-m+dp/hard\libc_nano.a(libc_a-impure.o)
                0x24000040                _impure_data
 *(.RamFunc)
 *(.RamFunc*)
                0x2400008c                        . = ALIGN (0x4)
                0x2400008c                        _edata = .

.igot.plt       0x2400008c        0x0 load address 0x0800e32c
 .igot.plt      0x2400008c        0x0 C:/ST/STM32CubeIDE_1.18.1/STM32CubeIDE/plugins/com.st.stm32cube.ide.mcu.externaltools.gnu-tools-for-stm32.13.3.rel1.win32_1.0.0.202411081344/tools/bin/../lib/gcc/arm-none-eabi/13.3.1/thumb/v7e-m+dp/hard/crtbegin.o
                0x2400008c                        . = ALIGN (0x4)

.bss            0x24000090    0x12d48 load address 0x0800e32c
                0x24000090                        _sbss = .
                0x24000090                        __bss_start__ = _sbss
 *(.bss)
 .bss           0x24000090       0x1c C:/ST/STM32CubeIDE_1.18.1/STM32CubeIDE/plugins/com.st.stm32cube.ide.mcu.externaltools.gnu-tools-for-stm32.13.3.rel1.win32_1.0.0.202411081344/tools/bin/../lib/gcc/arm-none-eabi/13.3.1/thumb/v7e-m+dp/hard/crtbegin.o
 *(.bss*)
 .bss.uart3     0x240000ac      0x20c ./Core/App/app.o
                0x240000ac                uart3
 .bss.my_keys   0x240002b8       0x40 ./Core/App/app.o
                0x240002b8                my_keys
 .bss.vm_internal_state
                0x240002f8     0x2140 ./Core/App/app.o
 .bss.TargetPort
                0x24002438       0xe0 ./Core/App/app.o
 .bss.TextMem   0x24002518     0x8000 ./Core/App/app.o
                0x24002518                TextMem
 .bss.CodeMem   0x2400a518     0x4000 ./Core/App/app.o
                0x2400a518                CodeMem
 .bss.responseBuf
                0x2400e518      0x406 ./Core/App/app.o
 .bss.responseLen
                0x2400e91e        0x2 ./Core/App/app.o
 .bss.msec_counter
                0x2400e920        0x4 ./Core/App/app.o
                0x2400e920                msec_counter
 .bss.cmd       0x2400e924        0x4 ./Core/App/bci/bci.o
 .bss.len       0x2400e928        0x2 ./Core/App/bci/bci.o
 *fill*         0x2400e92a        0x2 
 .bss.m         0x2400e92c       0x40 ./Core/App/mole/blake2s.o
 .bss.v         0x2400e96c       0x40 ./Core/App/mole/blake2s.o
 .bss.context_memory
                0x2400e9ac     0x4000 ./Core/App/mole/mole.o
 .bss.allocated_uint32s
                0x240129ac        0x4 ./Core/App/mole/mole.o
 .bss.BspButtonState
                0x240129b0        0x4 ./Core/Src/main.o
                0x240129b0                BspButtonState
 .bss.hcrc      0x240129b4       0x24 ./Core/Src/main.o
                0x240129b4                hcrc
 .bss.hhrtim    0x240129d8       0xdc ./Core/Src/main.o
                0x240129d8                hhrtim
 .bss.hrng      0x24012ab4       0x14 ./Core/Src/main.o
                0x24012ab4                hrng
 .bss.hspi4     0x24012ac8       0x88 ./Core/Src/main.o
                0x24012ac8                hspi4
 .bss.htim2     0x24012b50       0x4c ./Core/Src/main.o
                0x24012b50                htim2
 .bss.huart3    0x24012b9c       0x94 ./Core/Src/main.o
                0x24012b9c                huart3
 .bss.htim17    0x24012c30       0x4c ./Core/Src/stm32h7xx_hal_timebase_tim.o
                0x24012c30                htim17
 .bss.__sbrk_heap_end
                0x24012c7c        0x4 ./Core/Src/sysmem.o
 .bss.hpb_exti  0x24012c80        0x8 ./Drivers/BSP/STM32H7xx_Nucleo/stm32h7xx_nucleo.o
                0x24012c80                hpb_exti
 .bss.uwTick    0x24012c88        0x4 ./Drivers/STM32H7xx_HAL_Driver/Src/stm32h7xx_hal.o
                0x24012c88                uwTick
 .bss.__sf      0x24012c8c      0x138 C:/ST/STM32CubeIDE_1.18.1/STM32CubeIDE/plugins/com.st.stm32cube.ide.mcu.externaltools.gnu-tools-for-stm32.13.3.rel1.win32_1.0.0.202411081344/tools/bin/../lib/gcc/arm-none-eabi/13.3.1/../../../../arm-none-eabi/lib/thumb/v7e-m+dp/hard\libc_nano.a(libc_a-findfp.o)
                0x24012c8c                __sf
 .bss.__stdio_exit_handler
                0x24012dc4        0x4 C:/ST/STM32CubeIDE_1.18.1/STM32CubeIDE/plugins/com.st.stm32cube.ide.mcu.externaltools.gnu-tools-for-stm32.13.3.rel1.win32_1.0.0.202411081344/tools/bin/../lib/gcc/arm-none-eabi/13.3.1/../../../../arm-none-eabi/lib/thumb/v7e-m+dp/hard\libc_nano.a(libc_a-findfp.o)
                0x24012dc4                __stdio_exit_handler
 .bss.errno     0x24012dc8        0x4 C:/ST/STM32CubeIDE_1.18.1/STM32CubeIDE/plugins/com.st.stm32cube.ide.mcu.externaltools.gnu-tools-for-stm32.13.3.rel1.win32_1.0.0.202411081344/tools/bin/../lib/gcc/arm-none-eabi/13.3.1/../../../../arm-none-eabi/lib/thumb/v7e-m+dp/hard\libc_nano.a(libc_a-reent.o)
                0x24012dc8                errno
 .bss.__lock___malloc_recursive_mutex
                0x24012dcc        0x1 C:/ST/STM32CubeIDE_1.18.1/STM32CubeIDE/plugins/com.st.stm32cube.ide.mcu.externaltools.gnu-tools-for-stm32.13.3.rel1.win32_1.0.0.202411081344/tools/bin/../lib/gcc/arm-none-eabi/13.3.1/../../../../arm-none-eabi/lib/thumb/v7e-m+dp/hard\libc_nano.a(libc_a-lock.o)
                0x24012dcc                __lock___malloc_recursive_mutex
 .bss.__lock___sfp_recursive_mutex
                0x24012dcd        0x1 C:/ST/STM32CubeIDE_1.18.1/STM32CubeIDE/plugins/com.st.stm32cube.ide.mcu.externaltools.gnu-tools-for-stm32.13.3.rel1.win32_1.0.0.202411081344/tools/bin/../lib/gcc/arm-none-eabi/13.3.1/../../../../arm-none-eabi/lib/thumb/v7e-m+dp/hard\libc_nano.a(libc_a-lock.o)
                0x24012dcd                __lock___sfp_recursive_mutex
 *fill*         0x24012dce        0x2 
 .bss.__malloc_sbrk_start
                0x24012dd0        0x4 C:/ST/STM32CubeIDE_1.18.1/STM32CubeIDE/plugins/com.st.stm32cube.ide.mcu.externaltools.gnu-tools-for-stm32.13.3.rel1.win32_1.0.0.202411081344/tools/bin/../lib/gcc/arm-none-eabi/13.3.1/../../../../arm-none-eabi/lib/thumb/v7e-m+dp/hard\libc_nano.a(libc_a-mallocr.o)
                0x24012dd0                __malloc_sbrk_start
 .bss.__malloc_free_list
                0x24012dd4        0x4 C:/ST/STM32CubeIDE_1.18.1/STM32CubeIDE/plugins/com.st.stm32cube.ide.mcu.externaltools.gnu-tools-for-stm32.13.3.rel1.win32_1.0.0.202411081344/tools/bin/../lib/gcc/arm-none-eabi/13.3.1/../../../../arm-none-eabi/lib/thumb/v7e-m+dp/hard\libc_nano.a(libc_a-mallocr.o)
                0x24012dd4                __malloc_free_list
 *(COMMON)
                0x24012dd8                        . = ALIGN (0x4)
                0x24012dd8                        _ebss = .
                0x24012dd8                        __bss_end__ = _ebss

._user_heap_stack
                0x24012dd8      0x600 load address 0x0800e32c
                0x24012dd8                        . = ALIGN (0x8)
                [!provide]                        PROVIDE (end = .)
                0x24012dd8                        PROVIDE (_end = .)
                0x24012fd8                        . = (. + _Min_Heap_Size)
 *fill*         0x24012dd8      0x200 
                0x240133d8                        . = (. + _Min_Stack_Size)
 *fill*         0x24012fd8      0x400 
                0x240133d8                        . = ALIGN (0x8)

/DISCARD/
 libc.a(*)
 libm.a(*)
 libgcc.a(*)

.ARM.attributes
                0x00000000       0x2e
 *(.ARM.attributes)
 .ARM.attributes
                0x00000000       0x20 C:/ST/STM32CubeIDE_1.18.1/STM32CubeIDE/plugins/com.st.stm32cube.ide.mcu.externaltools.gnu-tools-for-stm32.13.3.rel1.win32_1.0.0.202411081344/tools/bin/../lib/gcc/arm-none-eabi/13.3.1/thumb/v7e-m+dp/hard/crti.o
 .ARM.attributes
                0x00000020       0x32 C:/ST/STM32CubeIDE_1.18.1/STM32CubeIDE/plugins/com.st.stm32cube.ide.mcu.externaltools.gnu-tools-for-stm32.13.3.rel1.win32_1.0.0.202411081344/tools/bin/../lib/gcc/arm-none-eabi/13.3.1/thumb/v7e-m+dp/hard/crtbegin.o
 .ARM.attributes
                0x00000052       0x32 ./Core/App/UARTs/okuart.o
 .ARM.attributes
                0x00000084       0x32 ./Core/App/app.o
 .ARM.attributes
                0x000000b6       0x32 ./Core/App/bci/bci.o
 .ARM.attributes
                0x000000e8       0x32 ./Core/App/bci/bciHW.o
 .ARM.attributes