../Core/Src/stm32h7xx_hal_msp.c:65:6:HAL_MspInit	8	static
../Core/Src/stm32h7xx_hal_msp.c:87:6:HAL_CRC_MspInit	8	static
../Core/Src/stm32h7xx_hal_msp.c:110:6:HAL_CRC_MspDeInit	0	static
../Core/Src/stm32h7xx_hal_msp.c:132:6:HAL_HRTIM_MspInit	232	static
../Core/Src/stm32h7xx_hal_msp.c:173:6:HAL_HRTIM_MspPostInit	56	static
../Core/Src/stm32h7xx_hal_msp.c:241:6:HAL_HRTIM_MspDeInit	8	static
../Core/Src/stm32h7xx_hal_msp.c:280:6:HAL_RNG_MspInit	208	static
../Core/Src/stm32h7xx_hal_msp.c:317:6:HAL_RNG_MspDeInit	0	static
../Core/Src/stm32h7xx_hal_msp.c:342:6:HAL_SPI_MspInit	232	static
../Core/Src/stm32h7xx_hal_msp.c:392:6:HAL_SPI_MspDeInit	0	static
../Core/Src/stm32h7xx_hal_msp.c:423:6:HAL_TIM_Base_MspInit	8	static
../Core/Src/stm32h7xx_hal_msp.c:446:6:HAL_TIM_Base_MspDeInit	0	static
../Core/Src/stm32h7xx_hal_msp.c:468:6:HAL_UART_MspInit	232	static
../Core/Src/stm32h7xx_hal_msp.c:516:6:HAL_UART_MspDeInit	0	static
